Component: ARM Compiler 5.06 update 6 (build 750) Tool: armlink [4d35ed]

==============================================================================

Section Cross References

    startup_stm32f10x_md.o(STACK) refers (Special) to heapauxi.o(.text) for __use_two_region_memory
    startup_stm32f10x_md.o(HEAP) refers (Special) to heapauxi.o(.text) for __use_two_region_memory
    startup_stm32f10x_md.o(RESET) refers (Special) to heapauxi.o(.text) for __use_two_region_memory
    startup_stm32f10x_md.o(RESET) refers to startup_stm32f10x_md.o(STACK) for __initial_sp
    startup_stm32f10x_md.o(RESET) refers to startup_stm32f10x_md.o(.text) for Reset_Handler
    startup_stm32f10x_md.o(RESET) refers to stm32f10x_it.o(i.NMI_Handler) for NMI_Handler
    startup_stm32f10x_md.o(RESET) refers to stm32f10x_it.o(i.HardFault_Handler) for HardFault_Handler
    startup_stm32f10x_md.o(RESET) refers to stm32f10x_it.o(i.MemManage_Handler) for MemManage_Handler
    startup_stm32f10x_md.o(RESET) refers to stm32f10x_it.o(i.BusFault_Handler) for BusFault_Handler
    startup_stm32f10x_md.o(RESET) refers to stm32f10x_it.o(i.UsageFault_Handler) for UsageFault_Handler
    startup_stm32f10x_md.o(RESET) refers to stm32f10x_it.o(i.SVC_Handler) for SVC_Handler
    startup_stm32f10x_md.o(RESET) refers to stm32f10x_it.o(i.DebugMon_Handler) for DebugMon_Handler
    startup_stm32f10x_md.o(RESET) refers to stm32f10x_it.o(i.PendSV_Handler) for PendSV_Handler
    startup_stm32f10x_md.o(RESET) refers to stm32f10x_it.o(i.SysTick_Handler) for SysTick_Handler
    startup_stm32f10x_md.o(RESET) refers to stm32f10x_it.o(i.TIM4_IRQHandler) for TIM4_IRQHandler
    startup_stm32f10x_md.o(RESET) refers to usart.o(i.USART1_IRQHandler) for USART1_IRQHandler
    startup_stm32f10x_md.o(RESET) refers to vofa.o(i.USART2_IRQHandler) for USART2_IRQHandler
    startup_stm32f10x_md.o(.text) refers (Special) to heapauxi.o(.text) for __use_two_region_memory
    startup_stm32f10x_md.o(.text) refers to system_stm32f10x.o(i.SystemInit) for SystemInit
    startup_stm32f10x_md.o(.text) refers to __main.o(!!!main) for __main
    startup_stm32f10x_md.o(.text) refers to startup_stm32f10x_md.o(HEAP) for Heap_Mem
    startup_stm32f10x_md.o(.text) refers to startup_stm32f10x_md.o(STACK) for Stack_Mem
    system_stm32f10x.o(i.SetSysClock) refers to system_stm32f10x.o(i.SetSysClockTo72) for SetSysClockTo72
    system_stm32f10x.o(i.SystemCoreClockUpdate) refers to system_stm32f10x.o(.data) for SystemCoreClock
    system_stm32f10x.o(i.SystemInit) refers to system_stm32f10x.o(i.SetSysClock) for SetSysClock
    stm32f10x_adc.o(i.ADC_DeInit) refers to stm32f10x_rcc.o(i.RCC_APB2PeriphResetCmd) for RCC_APB2PeriphResetCmd
    stm32f10x_bkp.o(i.BKP_DeInit) refers to stm32f10x_rcc.o(i.RCC_BackupResetCmd) for RCC_BackupResetCmd
    stm32f10x_can.o(i.CAN_DeInit) refers to stm32f10x_rcc.o(i.RCC_APB1PeriphResetCmd) for RCC_APB1PeriphResetCmd
    stm32f10x_can.o(i.CAN_GetITStatus) refers to stm32f10x_can.o(i.CheckITStatus) for CheckITStatus
    stm32f10x_cec.o(i.CEC_DeInit) refers to stm32f10x_rcc.o(i.RCC_APB1PeriphResetCmd) for RCC_APB1PeriphResetCmd
    stm32f10x_dac.o(i.DAC_DeInit) refers to stm32f10x_rcc.o(i.RCC_APB1PeriphResetCmd) for RCC_APB1PeriphResetCmd
    stm32f10x_flash.o(i.FLASH_EnableWriteProtection) refers to stm32f10x_flash.o(i.FLASH_WaitForLastOperation) for FLASH_WaitForLastOperation
    stm32f10x_flash.o(i.FLASH_EraseAllBank1Pages) refers to stm32f10x_flash.o(i.FLASH_WaitForLastBank1Operation) for FLASH_WaitForLastBank1Operation
    stm32f10x_flash.o(i.FLASH_EraseAllPages) refers to stm32f10x_flash.o(i.FLASH_WaitForLastOperation) for FLASH_WaitForLastOperation
    stm32f10x_flash.o(i.FLASH_EraseOptionBytes) refers to stm32f10x_flash.o(i.FLASH_GetReadOutProtectionStatus) for FLASH_GetReadOutProtectionStatus
    stm32f10x_flash.o(i.FLASH_EraseOptionBytes) refers to stm32f10x_flash.o(i.FLASH_WaitForLastOperation) for FLASH_WaitForLastOperation
    stm32f10x_flash.o(i.FLASH_ErasePage) refers to stm32f10x_flash.o(i.FLASH_WaitForLastOperation) for FLASH_WaitForLastOperation
    stm32f10x_flash.o(i.FLASH_ProgramHalfWord) refers to stm32f10x_flash.o(i.FLASH_WaitForLastOperation) for FLASH_WaitForLastOperation
    stm32f10x_flash.o(i.FLASH_ProgramOptionByteData) refers to stm32f10x_flash.o(i.FLASH_WaitForLastOperation) for FLASH_WaitForLastOperation
    stm32f10x_flash.o(i.FLASH_ProgramWord) refers to stm32f10x_flash.o(i.FLASH_WaitForLastOperation) for FLASH_WaitForLastOperation
    stm32f10x_flash.o(i.FLASH_ReadOutProtection) refers to stm32f10x_flash.o(i.FLASH_WaitForLastOperation) for FLASH_WaitForLastOperation
    stm32f10x_flash.o(i.FLASH_UserOptionByteConfig) refers to stm32f10x_flash.o(i.FLASH_WaitForLastOperation) for FLASH_WaitForLastOperation
    stm32f10x_flash.o(i.FLASH_WaitForLastBank1Operation) refers to stm32f10x_flash.o(i.FLASH_GetBank1Status) for FLASH_GetBank1Status
[...]
    .ARM.Collect$$libshutdown$$00000004      0x0800017c   Section        0  libshutdown2.o(.ARM.Collect$$libshutdown$$00000004)
    .ARM.Collect$$libshutdown$$00000007      0x0800017c   Section        0  libshutdown2.o(.ARM.Collect$$libshutdown$$00000007)
    .ARM.Collect$$libshutdown$$0000000A      0x0800017c   Section        0  libshutdown2.o(.ARM.Collect$$libshutdown$$0000000A)
    .ARM.Collect$$libshutdown$$0000000C      0x0800017c   Section        0  libshutdown2.o(.ARM.Collect$$libshutdown$$0000000C)
    .ARM.Collect$$libshutdown$$0000000F      0x0800017c   Section        0  libshutdown2.o(.ARM.Collect$$libshutdown$$0000000F)
    .ARM.Collect$$libshutdown$$00000010      0x0800017c   Section        2  libshutdown2.o(.ARM.Collect$$libshutdown$$00000010)
    .ARM.Collect$$rtentry$$00000000          0x0800017e   Section        0  __rtentry.o(.ARM.Collect$$rtentry$$00000000)
    .ARM.Collect$$rtentry$$00000002          0x0800017e   Section        0  __rtentry2.o(.ARM.Collect$$rtentry$$00000002)
    .ARM.Collect$$rtentry$$00000004          0x0800017e   Section        6  __rtentry4.o(.ARM.Collect$$rtentry$$00000004)
    .ARM.Collect$$rtentry$$00000009          0x08000184   Section        0  __rtentry2.o(.ARM.Collect$$rtentry$$00000009)
    .ARM.Collect$$rtentry$$0000000A          0x08000184   Section        4  __rtentry2.o(.ARM.Collect$$rtentry$$0000000A)
    .ARM.Collect$$rtentry$$0000000C          0x08000188   Section        0  __rtentry2.o(.ARM.Collect$$rtentry$$0000000C)
    .ARM.Collect$$rtentry$$0000000D          0x08000188   Section        8  __rtentry2.o(.ARM.Collect$$rtentry$$0000000D)
    .ARM.Collect$$rtexit$$00000000           0x08000190   Section        2  rtexit.o(.ARM.Collect$$rtexit$$00000000)
    .ARM.Collect$$rtexit$$00000002           0x08000192   Section        0  rtexit2.o(.ARM.Collect$$rtexit$$00000002)
    .ARM.Collect$$rtexit$$00000003           0x08000192   Section        4  rtexit2.o(.ARM.Collect$$rtexit$$00000003)
    .ARM.Collect$$rtexit$$00000004           0x08000196   Section        6  rtexit2.o(.ARM.Collect$$rtexit$$00000004)
    .text                                    0x0800019c   Section       64  startup_stm32f10x_md.o(.text)
    .text                                    0x080001dc   Section        2  use_no_semi_2.o(.text)
    .text                                    0x080001de   Section       72  llsdiv.o(.text)
    .text                                    0x08000228   Section        0  noretval__2snprintf.o(.text)
    .text                                    0x0800025c   Section        0  _printf_pad.o(.text)
    .text                                    0x080002ac   Section        0  _printf_dec.o(.text)
    .text                                    0x08000324   Section        0  _printf_hex_int.o(.text)
    .text                                    0x0800037c   Section        0  __printf_flags_ss_wp.o(.text)
    .text                                    0x08000504   Section      138  rt_memcpy_v6.o(.text)
    .text                                    0x0800058e   Section      100  rt_memcpy_w.o(.text)
    .text                                    0x080005f2   Section       68  rt_memclr.o(.text)
    .text                                    0x08000636   Section       78  rt_memclr_w.o(.text)
    .text                                    0x08000684   Section        0  heapauxi.o(.text)
    .text                                    0x0800068a   Section        2  use_no_semi.o(.text)
    .text                                    0x0800068c   Section      238  lludivv7m.o(.text)
    .text                                    0x0800077a   Section        0  _printf_intcommon.o(.text)
    .text                                    0x0800082c   Section        0  _printf_char_common.o(.text)
    _printf_input_char                       0x0800082d   Thumb Code    10  _printf_char_common.o(.text)
    .text                                    0x0800085c   Section        0  _sputc.o(.text)
    .text                                    0x08000866   Section        0  _snputc.o(.text)
    .text                                    0x08000878   Section        8  libspace.o(.text)
    .text                                    0x08000880   Section       74  sys_stackheap_outer.o(.text)
    .text                                    0x080008ca   Section        0  exit.o(.text)
    i.BusFault_Handler                       0x080008dc   Section        0  stm32f10x_it.o(i.BusFault_Handler)
    i.CalculateMemberships_Q12               0x080008e0   Section        0  fuzzypid.o(i.CalculateMemberships_Q12)
    CalculateMemberships_Q12                 0x080008e1   Thumb Code   192  fuzzypid.o(i.CalculateMemberships_Q12)
    i.Control_FuseHeading                    0x080009a8   Section        0  control.o(i.Control_FuseHeading)
    i.Control_GetYawError                    0x08000a50   Section        0  control.o(i.Control_GetYawError)
    i.Control_Init                           0x08000a60   Section        0  control.o(i.Control_Init)
    i.Control_InnerLoop                      0x08000bc8   Section        0  control.o(i.Control_InnerLoop)
    i.Control_LockHeading                    0x08000e2c   Section        0  control.o(i.Control_LockHeading)
    i.Control_OuterLoop                      0x08000e40   Section        0  control.o(i.Control_OuterLoop)
    i.Control_ParseVOFA                      0x08000f7c   Section        0  control.o(i.Control_ParseVOFA)
    i.Control_SendVOFA                       0x08001178   Section        0  control.o(i.Control_SendVOFA)
    i.Control_SetTargetSpeed                 0x08001234   Section        0  control.o(i.Control_SetTargetSpeed)
    i.Control_Start                          0x0800123a   Section        0  control.o(i.Control_Start)
    i.Control_Stop                           0x08001294   Section        0  control.o(i.Control_Stop)
    i.Control_Tick                           0x080012d8   Section        0  control.o(i.Control_Tick)
    i.DebugMon_Handler                       0x080013a8   Section        0  stm32f10x_it.o(i.DebugMon_Handler)
    i.Defuzzification_Q12                    0x080013aa   Section        0  fuzzypid.o(i.Defuzzification_Q12)
    Defuzzification_Q12                      0x080013ab   Thumb Code    90  fuzzypid.o(i.Defuzzification_Q12)
    i.Delay_ms                               0x08001404   Section        0  delay.o(i.Delay_ms)
    i.Delay_us                               0x0800141c   Section        0  delay.o(i.Delay_us)
    i.Denormalize_Q12                        0x0800144a   Section        0  fuzzypid.o(i.Denormalize_Q12)
    Denormalize_Q12                          0x0800144b   Thumb Code   106  fuzzypid.o(i.Denormalize_Q12)
    i.Encoder_CountToRPM                     0x080014b4   Section        0  encoder_timer.o(i.Encoder_CountToRPM)
    i.Encoder_GetLeft                        0x080014f8   Section        0  encoder_timer.o(i.Encoder_GetLeft)
    i.Encoder_GetRight                       0x08001508   Section        0  encoder_timer.o(i.Encoder_GetRight)
    i.Encoder_Timer_Init                     0x08001518   Section        0  encoder_timer.o(i.Encoder_Timer_Init)
    i.Encoder_UpdateSpeed                    0x080015c0   Section        0  encoder_timer.o(i.Encoder_UpdateSpeed)
    i.FuzzyInference_Q12                     0x08001628   Section        0  fuzzypid.o(i.FuzzyInference_Q12)
    FuzzyInference_Q12                       0x08001629   Thumb Code   248  fuzzypid.o(i.FuzzyInference_Q12)
    i.FuzzyPID_Compute                       0x08001720   Section        0  fuzzypid.o(i.FuzzyPID_Compute)
    i.FuzzyPID_Init                          0x08001884   Section        0  fuzzypid.o(i.FuzzyPID_Init)
    i.FuzzyPID_Reset                         0x08001924   Section        0  fuzzypid.o(i.FuzzyPID_Reset)
    i.FuzzyPID_SetParameters                 0x08001940   Section        0  fuzzypid.o(i.FuzzyPID_SetParameters)
    i.GPIO_Init                              0x08001a42   Section        0  stm32f10x_gpio.o(i.GPIO_Init)
    i.GPIO_PinRemapConfig                    0x08001b58   Section        0  stm32f10x_gpio.o(i.GPIO_PinRemapConfig)
    i.GPIO_ReadInputDataBit                  0x08001be8   Section        0  stm32f10x_gpio.o(i.GPIO_ReadInputDataBit)
    i.GPIO_ResetBits                         0x08001bfa   Section        0  stm32f10x_gpio.o(i.GPIO_ResetBits)
    i.GPIO_SetBits                           0x08001bfe   Section        0  stm32f10x_gpio.o(i.GPIO_SetBits)
    i.GPIO_WriteBit                          0x08001c02   Section        0  stm32f10x_gpio.o(i.GPIO_WriteBit)
    i.HardFault_Handler                      0x08001c0c   Section        0  stm32f10x_it.o(i.HardFault_Handler)
    i.Key_GetNum                             0x08001c10   Section        0  key.o(i.Key_GetNum)
    i.Key_Init                               0x08001c74   Section        0  key.o(i.Key_Init)
    i.MPU6050_Calibrate                      0x08001ca0   Section        0  mpu6050.o(i.MPU6050_Calibrate)
    i.MPU6050_GetYawError                    0x08001d40   Section        0  mpu6050.o(i.MPU6050_GetYawError)
    i.MPU6050_Init                           0x08001d8c   Section        0  mpu6050.o(i.MPU6050_Init)
    i.MPU6050_ReadAll                        0x08001e00   Section        0  mpu6050.o(i.MPU6050_ReadAll)
    i.MPU6050_ReadRegs                       0x08001e98   Section        0  mpu6050.o(i.MPU6050_ReadRegs)
    MPU6050_ReadRegs                         0x08001e99   Thumb Code   130  mpu6050.o(i.MPU6050_ReadRegs)
    i.MPU6050_WriteReg                       0x08001f1a   Section        0  mpu6050.o(i.MPU6050_WriteReg)
    MPU6050_WriteReg                         0x08001f1b   Thumb Code    78  mpu6050.o(i.MPU6050_WriteReg)
    i.MPU_I2C_Delay                          0x08001f68   Section        0  mpu6050.o(i.MPU_I2C_Delay)
    MPU_I2C_Delay                            0x08001f69   Thumb Code    16  mpu6050.o(i.MPU_I2C_Delay)
    i.MPU_I2C_RecvByte                       0x08001f78   Section        0  mpu6050.o(i.MPU_I2C_RecvByte)
    MPU_I2C_RecvByte                         0x08001f79   Thumb Code    82  mpu6050.o(i.MPU_I2C_RecvByte)
    i.MPU_I2C_SendAck                        0x08001fd0   Section        0  mpu6050.o(i.MPU_I2C_SendAck)
    MPU_I2C_SendAck                          0x08001fd1   Thumb Code    42  mpu6050.o(i.MPU_I2C_SendAck)
    i.MPU_I2C_SendByte                       0x08002000   Section        0  mpu6050.o(i.MPU_I2C_SendByte)
    MPU_I2C_SendByte                         0x08002001   Thumb Code    92  mpu6050.o(i.MPU_I2C_SendByte)
    i.MPU_I2C_SendNack                       0x08002060   Section        0  mpu6050.o(i.MPU_I2C_SendNack)
    MPU_I2C_SendNack                         0x08002061   Thumb Code    42  mpu6050.o(i.MPU_I2C_SendNack)
    i.MPU_I2C_Start                          0x08002090   Section        0  mpu6050.o(i.MPU_I2C_Start)
    MPU_I2C_Start                            0x08002091   Thumb Code    56  mpu6050.o(i.MPU_I2C_Start)
    i.MPU_I2C_Stop                           0x080020cc   Section        0  mpu6050.o(i.MPU_I2C_Stop)
    MPU_I2C_Stop                             0x080020cd   Thumb Code    60  mpu6050.o(i.MPU_I2C_Stop)
    i.MPU_I2C_WaitAck                        0x0800210c   Section        0  mpu6050.o(i.MPU_I2C_WaitAck)
    MPU_I2C_WaitAck                          0x0800210d   Thumb Code    98  mpu6050.o(i.MPU_I2C_WaitAck)
    i.MPU_SDA_IN                             0x08002174   Section        0  mpu6050.o(i.MPU_SDA_IN)
    MPU_SDA_IN                               0x08002175   Thumb Code    26  mpu6050.o(i.MPU_SDA_IN)
    i.MPU_SDA_OUT                            0x08002194   Section        0  mpu6050.o(i.MPU_SDA_OUT)
    MPU_SDA_OUT                              0x08002195   Thumb Code    32  mpu6050.o(i.MPU_SDA_OUT)
    i.MemManage_Handler                      0x080021b8   Section        0  stm32f10x_it.o(i.MemManage_Handler)
    i.Motor_Disable                          0x080021bc   Section        0  motor.o(i.Motor_Disable)
    i.Motor_Enable                           0x080021cc   Section        0  motor.o(i.Motor_Enable)
    i.Motor_Init                             0x080021dc   Section        0  motor.o(i.Motor_Init)
    i.Motor_SetDiffSpeed                     0x080022d4   Section        0  motor.o(i.Motor_SetDiffSpeed)
    i.Motor_SetLeft                          0x0800230c   Section        0  motor.o(i.Motor_SetLeft)
    i.Motor_SetRight                         0x08002354   Section        0  motor.o(i.Motor_SetRight)
    i.Motor_Stop                             0x080023a0   Section        0  motor.o(i.Motor_Stop)
    i.NMI_Handler                            0x080023d4   Section        0  stm32f10x_it.o(i.NMI_Handler)
    i.NVIC_Init                              0x080023d8   Section        0  misc.o(i.NVIC_Init)
    i.NVIC_PriorityGroupConfig               0x08002448   Section        0  misc.o(i.NVIC_PriorityGroupConfig)
    i.Normalize_Q12                          0x0800245c   Section        0  fuzzypid.o(i.Normalize_Q12)
    Normalize_Q12                            0x0800245d   Thumb Code   134  fuzzypid.o(i.Normalize_Q12)
    i.OLED_Clear                             0x080024e2   Section        0  oled.o(i.OLED_Clear)
    i.OLED_I2C_Init                          0x0800250c   Section        0  oled.o(i.OLED_I2C_Init)
    i.OLED_I2C_SendByte                      0x08002564   Section        0  oled.o(i.OLED_I2C_SendByte)
    i.OLED_I2C_Start                         0x080025e0   Section        0  oled.o(i.OLED_I2C_Start)
    i.OLED_I2C_Stop                          0x08002614   Section        0  oled.o(i.OLED_I2C_Stop)
    i.OLED_Init                              0x0800263c   Section        0  oled.o(i.OLED_Init)
    i.OLED_Pow                               0x080026ea   Section        0  oled.o(i.OLED_Pow)
    i.OLED_SetCursor                         0x080026fe   Section        0  oled.o(i.OLED_SetCursor)
    i.OLED_ShowChar                          0x08002720   Section        0  oled.o(i.OLED_ShowChar)
    i.OLED_ShowSignedNum                     0x08002794   Section        0  oled.o(i.OLED_ShowSignedNum)
    i.OLED_ShowString                        0x080027fa   Section        0  oled.o(i.OLED_ShowString)
    i.OLED_WriteCommand                      0x08002822   Section        0  oled.o(i.OLED_WriteCommand)
    i.OLED_WriteData                         0x08002842   Section        0  oled.o(i.OLED_WriteData)
    i.PID_Calculate                          0x08002862   Section        0  pid.o(i.PID_Calculate)
    i.PID_CalculateFeedforward               0x08002920   Section        0  pid.o(i.PID_CalculateFeedforward)
    i.PID_CalculateFull                      0x0800293a   Section        0  pid.o(i.PID_CalculateFull)
    i.PID_CalculateTorqueCompensation        0x080029a6   Section        0  pid.o(i.PID_CalculateTorqueCompensation)
    i.PID_Init                               0x080029c0   Section        0  pid.o(i.PID_Init)
    i.PID_Reset                              0x080029e4   Section        0  pid.o(i.PID_Reset)
    i.PID_SetFeedforward                     0x080029ec   Section        0  pid.o(i.PID_SetFeedforward)
    i.PID_SetTorqueControl                   0x080029f4   Section        0  pid.o(i.PID_SetTorqueControl)
    i.PendSV_Handler                         0x080029fc   Section        0  stm32f10x_it.o(i.PendSV_Handler)
    i.Q12_Max                                0x080029fe   Section        0  fuzzypid.o(i.Q12_Max)
    Q12_Max                                  0x080029ff   Thumb Code    14  fuzzypid.o(i.Q12_Max)
    i.Q12_Min                                0x08002a0c   Section        0  fuzzypid.o(i.Q12_Min)
    Q12_Min                                  0x08002a0d   Thumb Code    14  fuzzypid.o(i.Q12_Min)
    i.RCC_APB1PeriphClockCmd                 0x08002a1c   Section        0  stm32f10x_rcc.o(i.RCC_APB1PeriphClockCmd)
    i.RCC_APB2PeriphClockCmd                 0x08002a3c   Section        0  stm32f10x_rcc.o(i.RCC_APB2PeriphClockCmd)
    i.RCC_ClearFlag                          0x08002a5c   Section        0  stm32f10x_rcc.o(i.RCC_ClearFlag)
    i.RCC_GetClocksFreq                      0x08002a70   Section        0  stm32f10x_rcc.o(i.RCC_GetClocksFreq)
    i.SVC_Handler                            0x08002b44   Section        0  stm32f10x_it.o(i.SVC_Handler)
    i.SetSysClock                            0x08002b46   Section        0  system_stm32f10x.o(i.SetSysClock)
    SetSysClock                              0x08002b47   Thumb Code     8  system_stm32f10x.o(i.SetSysClock)
    i.SetSysClockTo72                        0x08002b50   Section        0  system_stm32f10x.o(i.SetSysClockTo72)
    SetSysClockTo72                          0x08002b51   Thumb Code   214  system_stm32f10x.o(i.SetSysClockTo72)
    i.SoftSerial_Init                        0x08002c30   Section        0  softserial.o(i.SoftSerial_Init)
    i.SysTick_Handler                        0x08002ca4   Section        0  stm32f10x_it.o(i.SysTick_Handler)
    i.SystemInit                             0x08002ca8   Section        0  system_stm32f10x.o(i.SystemInit)
    i.TIM4_IRQHandler                        0x08002d08   Section        0  stm32f10x_it.o(i.TIM4_IRQHandler)
    i.TIM_ClearITPendingBit                  0x08002d30   Section        0  stm32f10x_tim.o(i.TIM_ClearITPendingBit)
    i.TIM_Cmd                                0x08002d36   Section        0  stm32f10x_tim.o(i.TIM_Cmd)
    i.TIM_CtrlPWMOutputs                     0x08002d4e   Section        0  stm32f10x_tim.o(i.TIM_CtrlPWMOutputs)
    i.TIM_EncoderInterfaceConfig             0x08002d6c   Section        0  stm32f10x_tim.o(i.TIM_EncoderInterfaceConfig)
    i.TIM_GetCounter                         0x08002dae   Section        0  stm32f10x_tim.o(i.TIM_GetCounter)
    i.TIM_GetITStatus                        0x08002db4   Section        0  stm32f10x_tim.o(i.TIM_GetITStatus)
    i.TIM_ITConfig                           0x08002dd6   Section        0  stm32f10x_tim.o(i.TIM_ITConfig)
    i.TIM_OC1Init                            0x08002de8   Section        0  stm32f10x_tim.o(i.TIM_OC1Init)
    i.TIM_OC2Init                            0x08002e80   Section        0  stm32f10x_tim.o(i.TIM_OC2Init)
    i.TIM_OCStructInit                       0x08002f24   Section        0  stm32f10x_tim.o(i.TIM_OCStructInit)
    i.TIM_SetCompare1                        0x08002f38   Section        0  stm32f10x_tim.o(i.TIM_SetCompare1)
    i.TIM_SetCompare2                        0x08002f3c   Section        0  stm32f10x_tim.o(i.TIM_SetCompare2)
    i.TIM_SetCounter                         0x08002f40   Section        0  stm32f10x_tim.o(i.TIM_SetCounter)
    i.TIM_TimeBaseInit                       0x08002f44   Section        0  stm32f10x_tim.o(i.TIM_TimeBaseInit)
    i.Timer_Init                             0x08002fe8   Section        0  timer.o(i.Timer_Init)
    i.USART1_IRQHandler                      0x08003058   Section        0  usart.o(i.USART1_IRQHandler)
    i.USART2_IRQHandler                      0x080030e0   Section        0  vofa.o(i.USART2_IRQHandler)
    i.USART_Cmd                              0x080031c4   Section        0  stm32f10x_usart.o(i.USART_Cmd)
    i.USART_GetFlagStatus                    0x080031dc   Section        0  stm32f10x_usart.o(i.USART_GetFlagStatus)
    i.USART_GetITStatus                      0x080031f6   Section        0  stm32f10x_usart.o(i.USART_GetITStatus)
    i.USART_ITConfig                         0x0800324a   Section        0  stm32f10x_usart.o(i.USART_ITConfig)
    i.USART_Init                             0x08003294   Section        0  stm32f10x_usart.o(i.USART_Init)
    i.USART_ReceiveData                      0x0800336c   Section        0  stm32f10x_usart.o(i.USART_ReceiveData)
    i.USART_SendData                         0x08003376   Section        0  stm32f10x_usart.o(i.USART_SendData)
    i.UsageFault_Handler                     0x0800337e   Section        0  stm32f10x_it.o(i.UsageFault_Handler)
    i.VOFA_Init                              0x08003384   Section        0  vofa.o(i.VOFA_Init)
    i.VOFA_SendByte_USB                      0x080034f0   Section        0  vofa.o(i.VOFA_SendByte_USB)
    VOFA_SendByte_USB                        0x080034f1   Thumb Code    28  vofa.o(i.VOFA_SendByte_USB)
    i.VOFA_SendString                        0x08003510   Section        0  vofa.o(i.VOFA_SendString)
    i.VOFA_TakeCommand                       0x0800352c   Section        0  vofa.o(i.VOFA_TakeCommand)
    i._is_digit                              0x080035c0   Section        0  __printf_wp.o(i._is_digit)
    i._sys_exit                              0x080035ce   Section        0  usart.o(i._sys_exit)
    i.main                                   0x080035d4   Section        0  main.o(i.main)
    x$fpl$fadd                               0x08003868   Section      196  faddsub_clz.o(x$fpl$fadd)
    _fadd1                                   0x08003877   Thumb Code     0  faddsub_clz.o(x$fpl$fadd)
    x$fpl$fcmpinf                            0x0800392c   Section       24  fcmpi.o(x$fpl$fcmpinf)
    x$fpl$fdiv                               0x08003944   Section      388  fdiv.o(x$fpl$fdiv)
    _fdiv1                                   0x08003945   Thumb Code     0  fdiv.o(x$fpl$fdiv)
    x$fpl$ffix                               0x08003ac8   Section       54  ffix.o(x$fpl$ffix)
    x$fpl$fflt                               0x08003b00   Section       48  fflt_clz.o(x$fpl$fflt)
    x$fpl$ffltu                              0x08003b30   Section       38  fflt_clz.o(x$fpl$ffltu)
    x$fpl$fleqf                              0x08003b58   Section      104  fleqf.o(x$fpl$fleqf)
    x$fpl$fmul                               0x08003bc0   Section      258  fmul.o(x$fpl$fmul)
    x$fpl$fnaninf                            0x08003cc2   Section      140  fnaninf.o(x$fpl$fnaninf)
    x$fpl$fretinf                            0x08003d4e   Section       10  fretinf.o(x$fpl$fretinf)
    x$fpl$frleqf                             0x08003d58   Section       98  frleqf.o(x$fpl$frleqf)
    x$fpl$fsub                               0x08003dbc   Section      234  faddsub_clz.o(x$fpl$fsub)
    _fsub1                                   0x08003dcb   Thumb Code     0  faddsub_clz.o(x$fpl$fsub)
    .constdata                               0x08003ea6   Section     1520  oled.o(.constdata)
    x$fpl$usenofp                            0x08003ea6   Section        0  usenofp.o(x$fpl$usenofp)
    .constdata                               0x08004498   Section      153  fuzzypid.o(.constdata)
    .constdata                               0x08004531   Section       40  _printf_hex_int.o(.constdata)
    uc_hextab                                0x08004531   Data          20  _printf_hex_int.o(.constdata)
    lc_hextab                                0x08004545   Data          20  _printf_hex_int.o(.constdata)
    .constdata                               0x08004559   Section       17  __printf_flags_ss_wp.o(.constdata)
    maptable                                 0x08004559   Data          17  __printf_flags_ss_wp.o(.constdata)
    .conststring                             0x0800456c   Section      192  control.o(.conststring)
    .data                                    0x20000000   Section       20  stm32f10x_rcc.o(.data)
    APBAHBPrescTable                         0x20000000   Data          16  stm32f10x_rcc.o(.data)
    ADCPrescTable                            0x20000010   Data           4  stm32f10x_rcc.o(.data)
    .data                                    0x20000014   Section        6  usart.o(.data)
    .data                                    0x2000001a   Section        4  encoder_timer.o(.data)
    lastLeftCount                            0x2000001a   Data           2  encoder_timer.o(.data)
    lastRightCount                           0x2000001c   Data           2  encoder_timer.o(.data)
    .data                                    0x2000001e   Section        3  vofa.o(.data)
    rxIndex                                  0x2000001e   Data           1  vofa.o(.data)
    rxState                                  0x2000001f   Data           1  vofa.o(.data)
    outputChannel                            0x20000020   Data           1  vofa.o(.data)
    .data                                    0x20000024   Section       14  control.o(.data)
    outerCounter                             0x2000002c   Data           2  control.o(.data)
    innerCounter                             0x2000002e   Data           2  control.o(.data)
    vofaCounter                              0x20000030   Data           2  control.o(.data)
    .data                                    0x20000034   Section       12  softserial.o(.data)
    rxHead                                   0x20000034   Data           1  softserial.o(.data)
    rxTail                                   0x20000035   Data           1  softserial.o(.data)
    rxState                                  0x20000036   Data           1  softserial.o(.data)
    rxData                                   0x20000037   Data           1  softserial.o(.data)
    rxBitCount                               0x20000038   Data           1  softserial.o(.data)
    lastTick                                 0x2000003c   Data           4  softserial.o(.data)
    .data                                    0x20000040   Section        4  main.o(.data)
    lastDispTick                             0x20000040   Data           4  main.o(.data)
    .data                                    0x20000044   Section        4  stm32f10x_it.o(.data)
    .bss                                     0x20000048   Section      200  usart.o(.bss)
    .bss                                     0x20000110   Section       32  vofa.o(.bss)
    rxBuffer                                 0x20000110   Data          32  vofa.o(.bss)
    .bss                                     0x20000130   Section      440  main.o(.bss)
    .bss                                     0x200002e8   Section       96  libspace.o(.bss)
    HEAP                                     0x20000348   Section      512  startup_stm32f10x_md.o(HEAP)
    Heap_Mem                                 0x20000348   Data         512  startup_stm32f10x_md.o(HEAP)
    STACK                                    0x20000548   Section     1024  startup_stm32f10x_md.o(STACK)
    Stack_Mem                                0x20000548   Data        1024  startup_stm32f10x_md.o(STACK)
    __initial_sp                             0x20000948   Data           0  startup_stm32f10x_md.o(STACK)

    Global Symbols

    Symbol Name                              Value     Ov Type        Size  Object(Section)

    BuildAttributes$$THM_ISAv4$P$D$K$B$S$PE$A:L22UL41UL21$X:L11$S22US41US21$IEEE1$IW$USESV6$~STKCKD$USESV7$~SHL$OTIME$ROPI$IEEEX$EBA8$UX$STANDARDLIB$REQ8$PRES8$EABIv2 0x00000000   Number         0  anon$$obj.o ABSOLUTE
    __ARM_use_no_argv                        0x00000000   Number         0  main.o ABSOLUTE
    _printf_flags                            0x00000000   Number         0  printf_stubs.o ABSOLUTE
    _printf_return_value                     0x00000000   Number         0  printf_stubs.o ABSOLUTE
    _printf_sizespec                         0x00000000   Number         0  printf_stubs.o ABSOLUTE
    _printf_widthprec                        0x00000000   Number         0  printf_stubs.o ABSOLUTE
    __ARM_exceptions_init                     - Undefined Weak Reference
    __alloca_initialize                       - Undefined Weak Reference
    __arm_preinit_                            - Undefined Weak Reference
    __cpp_initialize__aeabi_                  - Undefined Weak Reference
    __cxa_finalize                            - Undefined Weak Reference
    __sigvec_lookup                           - Undefined Weak Reference
    _atexit_init                              - Undefined Weak Reference
    _call_atexit_fns                          - Undefined Weak Reference
    _clock_init                               - Undefined Weak Reference
    _fp_trap_init                             - Undefined Weak Reference
    _fp_trap_shutdown                         - Undefined Weak Reference
    _get_lc_collate                           - Undefined Weak Reference
    _get_lc_monetary                          - Undefined Weak Reference
    _get_lc_time                              - Undefined Weak Reference
    _getenv_init                              - Undefined Weak Reference
    _handle_redirection                       - Undefined Weak Reference
    _init_alloc                               - Undefined Weak Reference
    _init_user_alloc                          - Undefined Weak Reference
    _initio                                   - Undefined Weak Reference
    _printf_truncate_signed                   - Undefined Weak Reference
    _printf_truncate_unsigned                 - Undefined Weak Reference
    _rand_init                                - Undefined Weak Reference
    _signal_finish                            - Undefined Weak Reference
    _signal_init                              - Undefined Weak Reference
    _terminate_alloc                          - Undefined Weak Reference
    _terminate_user_alloc                     - Undefined Weak Reference
    _terminateio                              - Undefined Weak Reference
    __Vectors_Size                           0x000000ec   Number         0  startup_stm32f10x_md.o ABSOLUTE
    __Vectors                                0x08000000   Data           4  startup_stm32f10x_md.o(RESET)
    __Vectors_End                            0x080000ec   Data           0  startup_stm32f10x_md.o(RESET)
    __main                                   0x080000ed   Thumb Code     8  __main.o(!!!main)
    __scatterload                            0x080000f5   Thumb Code     0  __scatter.o(!!!scatter)
    __scatterload_rt2                        0x080000f5   Thumb Code    44  __scatter.o(!!!scatter)
    __scatterload_rt2_thumb_only             0x080000f5   Thumb Code     0  __scatter.o(!!!scatter)
    __scatterload_null                       0x08000103   Thumb Code     0  __scatter.o(!!!scatter)
    __scatterload_copy                       0x08000129   Thumb Code    26  __scatter_copy.o(!!handler_copy)
    __scatterload_zeroinit                   0x08000145   Thumb Code    28  __scatter_zi.o(!!handler_zi)
    _printf_d                                0x08000161   Thumb Code     0  _printf_d.o(.ARM.Collect$$_printf_percent$$00000009)
    _printf_percent                          0x08000161   Thumb Code     0  _printf_percent.o(.ARM.Collect$$_printf_percent$$00000000)
    _printf_u                                0x08000167   Thumb Code     0  _printf_u.o(.ARM.Collect$$_printf_percent$$0000000A)
    _printf_x                                0x0800016d   Thumb Code     0  _printf_x.o(.ARM.Collect$$_printf_percent$$0000000C)
    _printf_percent_end                      0x08000173   Thumb Code     0  _printf_percent_end.o(.ARM.Collect$$_printf_percent$$00000017)
    __rt_lib_init                            0x08000177   Thumb Code     0  libinit.o(.ARM.Collect$$libinit$$00000000)
    __rt_lib_init_alloca_1                   0x08000179   Thumb Code     0  libinit2.o(.ARM.Collect$$libinit$$0000002E)
    __rt_lib_init_argv_1                     0x08000179   Thumb Code     0  libinit2.o(.ARM.Collect$$libinit$$0000002C)
    __rt_lib_init_atexit_1                   0x08000179   Thumb Code     0  libinit2.o(.ARM.Collect$$libinit$$0000001B)
    __rt_lib_init_clock_1                    0x08000179   Thumb Code     0  libinit2.o(.ARM.Collect$$libinit$$00000021)
    __rt_lib_init_cpp_1                      0x08000179   Thumb Code     0  libinit2.o(.ARM.Collect$$libinit$$00000032)
    __rt_lib_init_exceptions_1               0x08000179   Thumb Code     0  libinit2.o(.ARM.Collect$$libinit$$00000030)
    __rt_lib_init_fp_1                       0x08000179   Thumb Code     0  libinit2.o(.ARM.Collect$$libinit$$00000002)
    __rt_lib_init_fp_trap_1                  0x08000179   Thumb Code     0  libinit2.o(.ARM.Collect$$libinit$$0000001F)
    __rt_lib_init_getenv_1                   0x08000179   Thumb Code     0  libinit2.o(.ARM.Collect$$libinit$$00000023)
    __rt_lib_init_heap_1                     0x08000179   Thumb Code     0  libinit2.o(.ARM.Collect$$libinit$$0000000A)
    __rt_lib_init_lc_collate_1               0x08000179   Thumb Code     0  libinit2.o(.ARM.Collect$$libinit$$00000011)
    __rt_lib_init_lc_ctype_1                 0x08000179   Thumb Code     0  libinit2.o(.ARM.Collect$$libinit$$00000013)
    __rt_lib_init_lc_monetary_1              0x08000179   Thumb Code     0  libinit2.o(.ARM.Collect$$libinit$$00000015)
    __rt_lib_init_lc_numeric_1               0x08000179   Thumb Code     0  libinit2.o(.ARM.Collect$$libinit$$00000017)
    __rt_lib_init_lc_time_1                  0x08000179   Thumb Code     0  libinit2.o(.ARM.Collect$$libinit$$00000019)
    __rt_lib_init_preinit_1                  0x08000179   Thumb Code     0  libinit2.o(.ARM.Collect$$libinit$$00000004)
    __rt_lib_init_rand_1                     0x08000179   Thumb Code     0  libinit2.o(.ARM.Collect$$libinit$$0000000E)
    __rt_lib_init_return                     0x08000179   Thumb Code     0  libinit2.o(.ARM.Collect$$libinit$$00000033)
    __rt_lib_init_signal_1                   0x08000179   Thumb Code     0  libinit2.o(.ARM.Collect$$libinit$$0000001D)
    __rt_lib_init_stdio_1                    0x08000179   Thumb Code     0  libinit2.o(.ARM.Collect$$libinit$$00000025)
    __rt_lib_init_user_alloc_1               0x08000179   Thumb Code     0  libinit2.o(.ARM.Collect$$libinit$$0000000C)
    __rt_lib_shutdown                        0x0800017b   Thumb Code     0  libshutdown.o(.ARM.Collect$$libshutdown$$00000000)
    __rt_lib_shutdown_cpp_1                  0x0800017d   Thumb Code     0  libshutdown2.o(.ARM.Collect$$libshutdown$$00000002)
    __rt_lib_shutdown_fp_trap_1              0x0800017d   Thumb Code     0  libshutdown2.o(.ARM.Collect$$libshutdown$$00000007)
    __rt_lib_shutdown_heap_1                 0x0800017d   Thumb Code     0  libshutdown2.o(.ARM.Collect$$libshutdown$$0000000F)
    __rt_lib_shutdown_return                 0x0800017d   Thumb Code     0  libshutdown2.o(.ARM.Collect$$libshutdown$$00000010)
    __rt_lib_shutdown_signal_1               0x0800017d   Thumb Code     0  libshutdown2.o(.ARM.Collect$$libshutdown$$0000000A)
    __rt_lib_shutdown_stdio_1                0x0800017d   Thumb Code     0  libshutdown2.o(.ARM.Collect$$libshutdown$$00000004)
    __rt_lib_shutdown_user_alloc_1           0x0800017d   Thumb Code     0  libshutdown2.o(.ARM.Collect$$libshutdown$$0000000C)
    __rt_entry                               0x0800017f   Thumb Code     0  __rtentry.o(.ARM.Collect$$rtentry$$00000000)
    __rt_entry_presh_1                       0x0800017f   Thumb Code     0  __rtentry2.o(.ARM.Collect$$rtentry$$00000002)
    __rt_entry_sh                            0x0800017f   Thumb Code     0  __rtentry4.o(.ARM.Collect$$rtentry$$00000004)
    __rt_entry_li                            0x08000185   Thumb Code     0  __rtentry2.o(.ARM.Collect$$rtentry$$0000000A)
    __rt_entry_postsh_1                      0x08000185   Thumb Code     0  __rtentry2.o(.ARM.Collect$$rtentry$$00000009)
    __rt_entry_main                          0x08000189   Thumb Code     0  __rtentry2.o(.ARM.Collect$$rtentry$$0000000D)
    __rt_entry_postli_1                      0x08000189   Thumb Code     0  __rtentry2.o(.ARM.Collect$$rtentry$$0000000C)
    __rt_exit                                0x08000191   Thumb Code     0  rtexit.o(.ARM.Collect$$rtexit$$00000000)
    __rt_exit_ls                             0x08000193   Thumb Code     0  rtexit2.o(.ARM.Collect$$rtexit$$00000003)
    __rt_exit_prels_1                        0x08000193   Thumb Code     0  rtexit2.o(.ARM.Collect$$rtexit$$00000002)
    __rt_exit_exit                           0x08000197   Thumb Code     0  rtexit2.o(.ARM.Collect$$rtexit$$00000004)
    Reset_Handler                            0x0800019d   Thumb Code     8  startup_stm32f10x_md.o(.text)
    ADC1_2_IRQHandler                        0x080001b7   Thumb Code     0  startup_stm32f10x_md.o(.text)
    CAN1_RX1_IRQHandler                      0x080001b7   Thumb Code     0  startup_stm32f10x_md.o(.text)
    CAN1_SCE_IRQHandler                      0x080001b7   Thumb Code     0  startup_stm32f10x_md.o(.text)
    DMA1_Channel1_IRQHandler                 0x080001b7   Thumb Code     0  startup_stm32f10x_md.o(.text)
    DMA1_Channel2_IRQHandler                 0x080001b7   Thumb Code     0  startup_stm32f10x_md.o(.text)
    DMA1_Channel3_IRQHandler                 0x080001b7   Thumb Code     0  startup_stm32f10x_md.o(.text)
    DMA1_Channel4_IRQHandler                 0x080001b7   Thumb Code     0  startup_stm32f10x_md.o(.text)
    DMA1_Channel5_IRQHandler                 0x080001b7   Thumb Code     0  startup_stm32f10x_md.o(.text)
    DMA1_Channel6_IRQHandler                 0x080001b7   Thumb Code     0  startup_stm32f10x_md.o(.text)
    DMA1_Channel7_IRQHandler                 0x080001b7   Thumb Code     0  startup_stm32f10x_md.o(.text)
    EXTI0_IRQHandler                         0x080001b7   Thumb Code     0  startup_stm32f10x_md.o(.text)
    EXTI15_10_IRQHandler                     0x080001b7   Thumb Code     0  startup_stm32f10x_md.o(.text)
    EXTI1_IRQHandler                         0x080001b7   Thumb Code     0  startup_stm32f10x_md.o(.text)
    EXTI2_IRQHandler                         0x080001b7   Thumb Code     0  startup_stm32f10x_md.o(.text)
    EXTI3_IRQHandler                         0x080001b7   Thumb Code     0  startup_stm32f10x_md.o(.text)
    EXTI4_IRQHandler                         0x080001b7   Thumb Code     0  startup_stm32f10x_md.o(.text)
    EXTI9_5_IRQHandler                       0x080001b7   Thumb Code     0  startup_stm32f10x_md.o(.text)
    FLASH_IRQHandler                         0x080001b7   Thumb Code     0  startup_stm32f10x_md.o(.text)
    I2C1_ER_IRQHandler                       0x080001b7   Thumb Code     0  startup_stm32f10x_md.o(.text)
    I2C1_EV_IRQHandler                       0x080001b7   Thumb Code     0  startup_stm32f10x_md.o(.text)
    I2C2_ER_IRQHandler                       0x080001b7   Thumb Code     0  startup_stm32f10x_md.o(.text)
    I2C2_EV_IRQHandler                       0x080001b7   Thumb Code     0  startup_stm32f10x_md.o(.text)
    PVD_IRQHandler                           0x080001b7   Thumb Code     0  startup_stm32f10x_md.o(.text)
    RCC_IRQHandler                           0x080001b7   Thumb Code     0  startup_stm32f10x_md.o(.text)
    RTCAlarm_IRQHandler                      0x080001b7   Thumb Code     0  startup_stm32f10x_md.o(.text)
    RTC_IRQHandler                           0x080001b7   Thumb Code     0  startup_stm32f10x_md.o(.text)
    SPI1_IRQHandler                          0x080001b7   Thumb Code     0  startup_stm32f10x_md.o(.text)
    SPI2_IRQHandler                          0x080001b7   Thumb Code     0  startup_stm32f10x_md.o(.text)
    TAMPER_IRQHandler                        0x080001b7   Thumb Code     0  startup_stm32f10x_md.o(.text)
    TIM1_BRK_IRQHandler                      0x080001b7   Thumb Code     0  startup_stm32f10x_md.o(.text)
    TIM1_CC_IRQHandler                       0x080001b7   Thumb Code     0  startup_stm32f10x_md.o(.text)
    TIM1_TRG_COM_IRQHandler                  0x080001b7   Thumb Code     0  startup_stm32f10x_md.o(.text)
    TIM1_UP_IRQHandler                       0x080001b7   Thumb Code     0  startup_stm32f10x_md.o(.text)
    TIM2_IRQHandler                          0x080001b7   Thumb Code     0  startup_stm32f10x_md.o(.text)
    TIM3_IRQHandler                          0x080001b7   Thumb Code     0  startup_stm32f10x_md.o(.text)
    USART3_IRQHandler                        0x080001b7   Thumb Code     0  startup_stm32f10x_md.o(.text)
    USBWakeUp_IRQHandler                     0x080001b7   Thumb Code     0  startup_stm32f10x_md.o(.text)
    USB_HP_CAN1_TX_IRQHandler                0x080001b7   Thumb Code     0  startup_stm32f10x_md.o(.text)
    USB_LP_CAN1_RX0_IRQHandler               0x080001b7   Thumb Code     0  startup_stm32f10x_md.o(.text)
    WWDG_IRQHandler                          0x080001b7   Thumb Code     0  startup_stm32f10x_md.o(.text)
    __user_initial_stackheap                 0x080001b9   Thumb Code     0  startup_stm32f10x_md.o(.text)
    __use_no_semihosting                     0x080001dd   Thumb Code     2  use_no_semi_2.o(.text)
    __aeabi_ldivmod                          0x080001df   Thumb Code     0  llsdiv.o(.text)
    _ll_sdiv                                 0x080001df   Thumb Code    72  llsdiv.o(.text)
    __2snprintf                              0x08000229   Thumb Code    48  noretval__2snprintf.o(.text)
    _printf_pre_padding                      0x0800025d   Thumb Code    44  _printf_pad.o(.text)
    _printf_post_padding                     0x08000289   Thumb Code    34  _printf_pad.o(.text)
    _printf_int_dec                          0x080002ad   Thumb Code   104  _printf_dec.o(.text)
    _printf_int_hex                          0x08000325   Thumb Code    84  _printf_hex_int.o(.text)
    _printf_longlong_hex                     0x08000325   Thumb Code     0  _printf_hex_int.o(.text)
    __printf                                 0x0800037d   Thumb Code   388  __printf_flags_ss_wp.o(.text)
    __aeabi_memcpy                           0x08000505   Thumb Code     0  rt_memcpy_v6.o(.text)
    __rt_memcpy                              0x08000505   Thumb Code   138  rt_memcpy_v6.o(.text)
    _memcpy_lastbytes                        0x0800056b   Thumb Code     0  rt_memcpy_v6.o(.text)
    __aeabi_memcpy4                          0x0800058f   Thumb Code     0  rt_memcpy_w.o(.text)
    __aeabi_memcpy8                          0x0800058f   Thumb Code     0  rt_memcpy_w.o(.text)
    __rt_memcpy_w                            0x0800058f   Thumb Code   100  rt_memcpy_w.o(.text)
    _memcpy_lastbytes_aligned                0x080005d7   Thumb Code     0  rt_memcpy_w.o(.text)
    __aeabi_memclr                           0x080005f3   Thumb Code     0  rt_memclr.o(.text)
    __rt_memclr                              0x080005f3   Thumb Code    68  rt_memclr.o(.text)
    _memset                                  0x080005f7   Thumb Code     0  rt_memclr.o(.text)
    __aeabi_memclr4                          0x08000637   Thumb Code     0  rt_memclr_w.o(.text)
    __aeabi_memclr8                          0x08000637   Thumb Code     0  rt_memclr_w.o(.text)
    __rt_memclr_w                            0x08000637   Thumb Code    78  rt_memclr_w.o(.text)
    _memset_w                                0x0800063b   Thumb Code     0  rt_memclr_w.o(.text)
    __use_two_region_memory                  0x08000685   Thumb Code     2  heapauxi.o(.text)
    __rt_heap_escrow$2region                 0x08000687   Thumb Code     2  heapauxi.o(.text)
    __rt_heap_expand$2region                 0x08000689   Thumb Code     2  heapauxi.o(.text)
    __I$use$semihosting                      0x0800068b   Thumb Code     0  use_no_semi.o(.text)
    __use_no_semihosting_swi                 0x0800068b   Thumb Code     2  use_no_semi.o(.text)
    __aeabi_uldivmod                         0x0800068d   Thumb Code     0  lludivv7m.o(.text)
    _ll_udiv                                 0x0800068d   Thumb Code   238  lludivv7m.o(.text)
    _printf_int_common                       0x0800077b   Thumb Code   178  _printf_intcommon.o(.text)
    _printf_char_common                      0x08000837   Thumb Code    32  _printf_char_common.o(.text)
    _sputc                                   0x0800085d   Thumb Code    10  _sputc.o(.text)
    _snputc                                  0x08000867   Thumb Code    16  _snputc.o(.text)
    __user_libspace                          0x08000879   Thumb Code     8  libspace.o(.text)
    __user_perproc_libspace                  0x08000879   Thumb Code     0  libspace.o(.text)
    __user_perthread_libspace                0x08000879   Thumb Code     0  libspace.o(.text)
    __user_setup_stackheap                   0x08000881   Thumb Code    74  sys_stackheap_outer.o(.text)
    exit                                     0x080008cb   Thumb Code    18  exit.o(.text)
    BusFault_Handler                         0x080008dd   Thumb Code     4  stm32f10x_it.o(i.BusFault_Handler)
    Control_FuseHeading                      0x080009a9   Thumb Code   144  control.o(i.Control_FuseHeading)
    Control_GetYawError                      0x08000a51   Thumb Code    16  control.o(i.Control_GetYawError)
    Control_Init                             0x08000a61   Thumb Code   284  control.o(i.Control_Init)
    Control_InnerLoop                        0x08000bc9   Thumb Code   598  control.o(i.Control_InnerLoop)
    Control_LockHeading                      0x08000e2d   Thumb Code    20  control.o(i.Control_LockHeading)
    Control_OuterLoop                        0x08000e41   Thumb Code   310  control.o(i.Control_OuterLoop)
    Control_ParseVOFA                        0x08000f7d   Thumb Code   444  control.o(i.Control_ParseVOFA)
    Control_SendVOFA                         0x08001179   Thumb Code   166  control.o(i.Control_SendVOFA)
    Control_SetTargetSpeed                   0x08001235   Thumb Code     6  control.o(i.Control_SetTargetSpeed)
    Control_Start                            0x0800123b   Thumb Code    90  control.o(i.Control_Start)
    Control_Stop                             0x08001295   Thumb Code    66  control.o(i.Control_Stop)
    Control_Tick                             0x080012d9   Thumb Code   182  control.o(i.Control_Tick)
    DebugMon_Handler                         0x080013a9   Thumb Code     2  stm32f10x_it.o(i.DebugMon_Handler)
    Delay_ms                                 0x08001405   Thumb Code    24  delay.o(i.Delay_ms)
    Delay_us                                 0x0800141d   Thumb Code    46  delay.o(i.Delay_us)
    Encoder_CountToRPM                       0x080014b5   Thumb Code    58  encoder_timer.o(i.Encoder_CountToRPM)
    Encoder_GetLeft                          0x080014f9   Thumb Code    14  encoder_timer.o(i.Encoder_GetLeft)
    Encoder_GetRight                         0x08001509   Thumb Code    12  encoder_timer.o(i.Encoder_GetRight)
    Encoder_Timer_Init                       0x08001519   Thumb Code   160  encoder_timer.o(i.Encoder_Timer_Init)
    Encoder_UpdateSpeed                      0x080015c1   Thumb Code    96  encoder_timer.o(i.Encoder_UpdateSpeed)
    FuzzyPID_Compute                         0x08001721   Thumb Code   352  fuzzypid.o(i.FuzzyPID_Compute)
    FuzzyPID_Init                            0x08001885   Thumb Code   146  fuzzypid.o(i.FuzzyPID_Init)
    FuzzyPID_Reset                           0x08001925   Thumb Code    28  fuzzypid.o(i.FuzzyPID_Reset)
    FuzzyPID_SetParameters                   0x08001941   Thumb Code   258  fuzzypid.o(i.FuzzyPID_SetParameters)
    GPIO_Init                                0x08001a43   Thumb Code   278  stm32f10x_gpio.o(i.GPIO_Init)
    GPIO_PinRemapConfig                      0x08001b59   Thumb Code   138  stm32f10x_gpio.o(i.GPIO_PinRemapConfig)
    GPIO_ReadInputDataBit                    0x08001be9   Thumb Code    18  stm32f10x_gpio.o(i.GPIO_ReadInputDataBit)
    GPIO_ResetBits                           0x08001bfb   Thumb Code     4  stm32f10x_gpio.o(i.GPIO_ResetBits)
    GPIO_SetBits                             0x08001bff   Thumb Code     4  stm32f10x_gpio.o(i.GPIO_SetBits)
    GPIO_WriteBit                            0x08001c03   Thumb Code    10  stm32f10x_gpio.o(i.GPIO_WriteBit)
    HardFault_Handler                        0x08001c0d   Thumb Code     4  stm32f10x_it.o(i.HardFault_Handler)
    Key_GetNum                               0x08001c11   Thumb Code    96  key.o(i.Key_GetNum)
    Key_Init                                 0x08001c75   Thumb Code    38  key.o(i.Key_Init)
    MPU6050_Calibrate                        0x08001ca1   Thumb Code   160  mpu6050.o(i.MPU6050_Calibrate)
    MPU6050_GetYawError                      0x08001d41   Thumb Code    64  mpu6050.o(i.MPU6050_GetYawError)
    MPU6050_Init                             0x08001d8d   Thumb Code   110  mpu6050.o(i.MPU6050_Init)
    MPU6050_ReadAll                          0x08001e01   Thumb Code   148  mpu6050.o(i.MPU6050_ReadAll)
    MemManage_Handler                        0x080021b9   Thumb Code     4  stm32f10x_it.o(i.MemManage_Handler)
    Motor_Disable                            0x080021bd   Thumb Code    12  motor.o(i.Motor_Disable)
    Motor_Enable                             0x080021cd   Thumb Code    12  motor.o(i.Motor_Enable)
    Motor_Init                               0x080021dd   Thumb Code   234  motor.o(i.Motor_Init)
    Motor_SetDiffSpeed                       0x080022d5   Thumb Code    56  motor.o(i.Motor_SetDiffSpeed)
    Motor_SetLeft                            0x0800230d   Thumb Code    64  motor.o(i.Motor_SetLeft)
    Motor_SetRight                           0x08002355   Thumb Code    68  motor.o(i.Motor_SetRight)
    Motor_Stop                               0x080023a1   Thumb Code    38  motor.o(i.Motor_Stop)
    NMI_Handler                              0x080023d5   Thumb Code     2  stm32f10x_it.o(i.NMI_Handler)
    NVIC_Init                                0x080023d9   Thumb Code   100  misc.o(i.NVIC_Init)
    NVIC_PriorityGroupConfig                 0x08002449   Thumb Code    10  misc.o(i.NVIC_PriorityGroupConfig)
    OLED_Clear                               0x080024e3   Thumb Code    42  oled.o(i.OLED_Clear)
    OLED_I2C_Init                            0x0800250d   Thumb Code    84  oled.o(i.OLED_I2C_Init)
    OLED_I2C_SendByte                        0x08002565   Thumb Code   120  oled.o(i.OLED_I2C_SendByte)
    OLED_I2C_Start                           0x080025e1   Thumb Code    46  oled.o(i.OLED_I2C_Start)
    OLED_I2C_Stop                            0x08002615   Thumb Code    36  oled.o(i.OLED_I2C_Stop)
    OLED_Init                                0x0800263d   Thumb Code   174  oled.o(i.OLED_Init)
    OLED_Pow                                 0x080026eb   Thumb Code    20  oled.o(i.OLED_Pow)
    OLED_SetCursor                           0x080026ff   Thumb Code    34  oled.o(i.OLED_SetCursor)
    OLED_ShowChar                            0x08002721   Thumb Code   110  oled.o(i.OLED_ShowChar)
    OLED_ShowSignedNum                       0x08002795   Thumb Code   102  oled.o(i.OLED_ShowSignedNum)
    OLED_ShowString                          0x080027fb   Thumb Code    40  oled.o(i.OLED_ShowString)
    OLED_WriteCommand                        0x08002823   Thumb Code    32  oled.o(i.OLED_WriteCommand)
    OLED_WriteData                           0x08002843   Thumb Code    32  oled.o(i.OLED_WriteData)
    PID_Calculate                            0x08002863   Thumb Code   190  pid.o(i.PID_Calculate)
    PID_CalculateFeedforward                 0x08002921   Thumb Code    26  pid.o(i.PID_CalculateFeedforward)
    PID_CalculateFull                        0x0800293b   Thumb Code   108  pid.o(i.PID_CalculateFull)
    PID_CalculateTorqueCompensation          0x080029a7   Thumb Code    26  pid.o(i.PID_CalculateTorqueCompensation)
    PID_Init                                 0x080029c1   Thumb Code    36  pid.o(i.PID_Init)
    PID_Reset                                0x080029e5   Thumb Code     8  pid.o(i.PID_Reset)
    PID_SetFeedforward                       0x080029ed   Thumb Code     8  pid.o(i.PID_SetFeedforward)
    PID_SetTorqueControl                     0x080029f5   Thumb Code     8  pid.o(i.PID_SetTorqueControl)
    PendSV_Handler                           0x080029fd   Thumb Code     2  stm32f10x_it.o(i.PendSV_Handler)
    RCC_APB1PeriphClockCmd                   0x08002a1d   Thumb Code    26  stm32f10x_rcc.o(i.RCC_APB1PeriphClockCmd)
    RCC_APB2PeriphClockCmd                   0x08002a3d   Thumb Code    26  stm32f10x_rcc.o(i.RCC_APB2PeriphClockCmd)
    RCC_ClearFlag                            0x08002a5d   Thumb Code    14  stm32f10x_rcc.o(i.RCC_ClearFlag)
    RCC_GetClocksFreq                        0x08002a71   Thumb Code   192  stm32f10x_rcc.o(i.RCC_GetClocksFreq)
    SVC_Handler                              0x08002b45   Thumb Code     2  stm32f10x_it.o(i.SVC_Handler)
    SoftSerial_Init                          0x08002c31   Thumb Code    98  softserial.o(i.SoftSerial_Init)
    SysTick_Handler                          0x08002ca5   Thumb Code     2  stm32f10x_it.o(i.SysTick_Handler)
    SystemInit                               0x08002ca9   Thumb Code    78  system_stm32f10x.o(i.SystemInit)
    TIM4_IRQHandler                          0x08002d09   Thumb Code    32  stm32f10x_it.o(i.TIM4_IRQHandler)
    TIM_ClearITPendingBit                    0x08002d31   Thumb Code     6  stm32f10x_tim.o(i.TIM_ClearITPendingBit)
    TIM_Cmd                                  0x08002d37   Thumb Code    24  stm32f10x_tim.o(i.TIM_Cmd)
    TIM_CtrlPWMOutputs                       0x08002d4f   Thumb Code    30  stm32f10x_tim.o(i.TIM_CtrlPWMOutputs)
    TIM_EncoderInterfaceConfig               0x08002d6d   Thumb Code    66  stm32f10x_tim.o(i.TIM_EncoderInterfaceConfig)
    TIM_GetCounter                           0x08002daf   Thumb Code     6  stm32f10x_tim.o(i.TIM_GetCounter)
    TIM_GetITStatus                          0x08002db5   Thumb Code    34  stm32f10x_tim.o(i.TIM_GetITStatus)
    TIM_ITConfig                             0x08002dd7   Thumb Code    18  stm32f10x_tim.o(i.TIM_ITConfig)
    TIM_OC1Init                              0x08002de9   Thumb Code   132  stm32f10x_tim.o(i.TIM_OC1Init)
    TIM_OC2Init                              0x08002e81   Thumb Code   154  stm32f10x_tim.o(i.TIM_OC2Init)
    TIM_OCStructInit                         0x08002f25   Thumb Code    20  stm32f10x_tim.o(i.TIM_OCStructInit)
    TIM_SetCompare1                          0x08002f39   Thumb Code     4  stm32f10x_tim.o(i.TIM_SetCompare1)
    TIM_SetCompare2                          0x08002f3d   Thumb Code     4  stm32f10x_tim.o(i.TIM_SetCompare2)
    TIM_SetCounter                           0x08002f41   Thumb Code     4  stm32f10x_tim.o(i.TIM_SetCounter)
    TIM_TimeBaseInit                         0x08002f45   Thumb Code   122  stm32f10x_tim.o(i.TIM_TimeBaseInit)
    Timer_Init                               0x08002fe9   Thumb Code   106  timer.o(i.Timer_Init)
    USART1_IRQHandler                        0x08003059   Thumb Code   122  usart.o(i.USART1_IRQHandler)
    USART2_IRQHandler                        0x080030e1   Thumb Code   212  vofa.o(i.USART2_IRQHandler)
    USART_Cmd                                0x080031c5   Thumb Code    24  stm32f10x_usart.o(i.USART_Cmd)
    USART_GetFlagStatus                      0x080031dd   Thumb Code    26  stm32f10x_usart.o(i.USART_GetFlagStatus)
    USART_GetITStatus                        0x080031f7   Thumb Code    84  stm32f10x_usart.o(i.USART_GetITStatus)
    USART_ITConfig                           0x0800324b   Thumb Code    74  stm32f10x_usart.o(i.USART_ITConfig)
    USART_Init                               0x08003295   Thumb Code   210  stm32f10x_usart.o(i.USART_Init)
    USART_ReceiveData                        0x0800336d   Thumb Code    10  stm32f10x_usart.o(i.USART_ReceiveData)
    USART_SendData                           0x08003377   Thumb Code     8  stm32f10x_usart.o(i.USART_SendData)
    UsageFault_Handler                       0x0800337f   Thumb Code     4  stm32f10x_it.o(i.UsageFault_Handler)
    VOFA_Init                                0x08003385   Thumb Code   274  vofa.o(i.VOFA_Init)
    VOFA_SendString                          0x08003511   Thumb Code    28  vofa.o(i.VOFA_SendString)
    VOFA_TakeCommand                         0x0800352d   Thumb Code   134  vofa.o(i.VOFA_TakeCommand)
    _is_digit                                0x080035c1   Thumb Code    14  __printf_wp.o(i._is_digit)
    _sys_exit                                0x080035cf   Thumb Code     6  usart.o(i._sys_exit)
    main                                     0x080035d5   Thumb Code   484  main.o(i.main)
    __aeabi_fadd                             0x08003869   Thumb Code     0  faddsub_clz.o(x$fpl$fadd)
    _fadd                                    0x08003869   Thumb Code   196  faddsub_clz.o(x$fpl$fadd)
    __fpl_fcmp_Inf                           0x0800392d   Thumb Code    24  fcmpi.o(x$fpl$fcmpinf)
    __aeabi_fdiv                             0x08003945   Thumb Code     0  fdiv.o(x$fpl$fdiv)
    _fdiv                                    0x08003945   Thumb Code   384  fdiv.o(x$fpl$fdiv)
    __aeabi_f2iz                             0x08003ac9   Thumb Code     0  ffix.o(x$fpl$ffix)
    _ffix                                    0x08003ac9   Thumb Code    54  ffix.o(x$fpl$ffix)
    __aeabi_i2f                              0x08003b01   Thumb Code     0  fflt_clz.o(x$fpl$fflt)
    _fflt                                    0x08003b01   Thumb Code    48  fflt_clz.o(x$fpl$fflt)
    __aeabi_ui2f                             0x08003b31   Thumb Code     0  fflt_clz.o(x$fpl$ffltu)
    _ffltu                                   0x08003b31   Thumb Code    38  fflt_clz.o(x$fpl$ffltu)
    __aeabi_cfcmple                          0x08003b59   Thumb Code     0  fleqf.o(x$fpl$fleqf)
    _fcmple                                  0x08003b59   Thumb Code   104  fleqf.o(x$fpl$fleqf)
    __fpl_fcmple_InfNaN                      0x08003bab   Thumb Code     0  fleqf.o(x$fpl$fleqf)
    __aeabi_fmul                             0x08003bc1   Thumb Code     0  fmul.o(x$fpl$fmul)
    _fmul                                    0x08003bc1   Thumb Code   258  fmul.o(x$fpl$fmul)
    __fpl_fnaninf                            0x08003cc3   Thumb Code   140  fnaninf.o(x$fpl$fnaninf)
    __fpl_fretinf                            0x08003d4f   Thumb Code    10  fretinf.o(x$fpl$fretinf)
    __aeabi_cfrcmple                         0x08003d59   Thumb Code     0  frleqf.o(x$fpl$frleqf)
    _frcmple                                 0x08003d59   Thumb Code    98  frleqf.o(x$fpl$frleqf)
    __aeabi_fsub                             0x08003dbd   Thumb Code     0  faddsub_clz.o(x$fpl$fsub)
    _fsub                                    0x08003dbd   Thumb Code   234  faddsub_clz.o(x$fpl$fsub)
    OLED_F8x16                               0x08003ea6   Data        1520  oled.o(.constdata)
    __I$use$fp                               0x08003ea6   Number         0  usenofp.o(x$fpl$usenofp)
    Region$$Table$$Base                      0x0800462c   Number         0  anon$$obj.o(Region$$Table)
    Region$$Table$$Limit                     0x0800464c   Number         0  anon$$obj.o(Region$$Table)
    __stdout                                 0x20000014   Data           4  usart.o(.data)
    USART_RX_STA                             0x20000018   Data           2  usart.o(.data)
    g_mpuReadOkCount                         0x20000024   Data           4  control.o(.data)
    g_mpuReadFailCount                       0x20000028   Data           4  control.o(.data)
    g_tim4PendingTicks                       0x20000044   Data           4  stm32f10x_it.o(.data)
    USART_RX_BUF                             0x20000048   Data         200  usart.o(.bss)
    g_controlSys                             0x20000130   Data         440  main.o(.bss)
    __libspace_start                         0x200002e8   Data          96  libspace.o(.bss)
    __temporary_stack_top$libspace           0x20000348   Data           0  libspace.o(.bss)



==============================================================================

Memory Map of the image

  Image Entry point : 0x080000ed

  Load Region LR_IROM1 (Base: 0x08000000, Size: 0x00004694, Max: 0x00010000, ABSOLUTE)

    Execution Region ER_IROM1 (Exec base: 0x08000000, Load base: 0x08000000, Size: 0x0000464c, Max: 0x00010000, ABSOLUTE)

    Exec Addr    Load Addr    Size         Type   Attr      Idx    E Section Name        Object

    0x08000000   0x08000000   0x000000ec   Data   RO           19    RESET               startup_stm32f10x_md.o
    0x080000ec   0x080000ec   0x00000008   Code   RO         4284  * !!!main             c_w.l(__main.o)
    0x080000f4   0x080000f4   0x00000034   Code   RO         4647    !!!scatter          c_w.l(__scatter.o)
    0x08000128   0x08000128   0x0000001a   Code   RO         4649    !!handler_copy      c_w.l(__scatter_copy.o)
    0x08000142   0x08000142   0x00000002   PAD
    0x08000144   0x08000144   0x0000001c   Code   RO         4651    !!handler_zi        c_w.l(__scatter_zi.o)
    0x08000160   0x08000160   0x00000000   Code   RO         4273    .ARM.Collect$$_printf_percent$$00000000  c_w.l(_printf_percent.o)
    0x08000160   0x08000160   0x00000006   Code   RO         4271    .ARM.Collect$$_printf_percent$$00000009  c_w.l(_printf_d.o)
    0x08000166   0x08000166   0x00000006   Code   RO         4272    .ARM.Collect$$_printf_percent$$0000000A  c_w.l(_printf_u.o)
    0x0800016c   0x0800016c   0x00000006   Code   RO         4270    .ARM.Collect$$_printf_percent$$0000000C  c_w.l(_printf_x.o)
    0x08000172   0x08000172   0x00000004   Code   RO         4333    .ARM.Collect$$_printf_percent$$00000017  c_w.l(_printf_percent_end.o)
    0x08000176   0x08000176   0x00000002   Code   RO         4400    .ARM.Collect$$libinit$$00000000  c_w.l(libinit.o)
    0x08000178   0x08000178   0x00000000   Code   RO         4402    .ARM.Collect$$libinit$$00000002  c_w.l(libinit2.o)
    0x08000178   0x08000178   0x00000000   Code   RO         4404    .ARM.Collect$$libinit$$00000004  c_w.l(libinit2.o)
    0x08000178   0x08000178   0x00000000   Code   RO         4407    .ARM.Collect$$libinit$$0000000A  c_w.l(libinit2.o)
    0x08000178   0x08000178   0x00000000   Code   RO         4409    .ARM.Collect$$libinit$$0000000C  c_w.l(libinit2.o)
    0x08000178   0x08000178   0x00000000   Code   RO         4411    .ARM.Collect$$libinit$$0000000E  c_w.l(libinit2.o)
    0x08000178   0x08000178   0x00000000   Code   RO         4414    .ARM.Collect$$libinit$$00000011  c_w.l(libinit2.o)
    0x08000178   0x08000178   0x00000000   Code   RO         4416    .ARM.Collect$$libinit$$00000013  c_w.l(libinit2.o)
    0x08000178   0x08000178   0x00000000   Code   RO         4418    .ARM.Collect$$libinit$$00000015  c_w.l(libinit2.o)
    0x08000178   0x08000178   0x00000000   Code   RO         4420    .ARM.Collect$$libinit$$00000017  c_w.l(libinit2.o)
    0x08000178   0x08000178   0x00000000   Code   RO         4422    .ARM.Collect$$libinit$$00000019  c_w.l(libinit2.o)
    0x08000178   0x08000178   0x00000000   Code   RO         4424    .ARM.Collect$$libinit$$0000001B  c_w.l(libinit2.o)
    0x08000178   0x08000178   0x00000000   Code   RO         4426    .ARM.Collect$$libinit$$0000001D  c_w.l(libinit2.o)
    0x08000178   0x08000178   0x00000000   Code   RO         4428    .ARM.Collect$$libinit$$0000001F  c_w.l(libinit2.o)
    0x08000178   0x08000178   0x00000000   Code   RO         4430    .ARM.Collect$$libinit$$00000021  c_w.l(libinit2.o)
    0x08000178   0x08000178   0x00000000   Code   RO         4432    .ARM.Collect$$libinit$$00000023  c_w.l(libinit2.o)
    0x08000178   0x08000178   0x00000000   Code   RO         4434    .ARM.Collect$$libinit$$00000025  c_w.l(libinit2.o)
    0x08000178   0x08000178   0x00000000   Code   RO         4438    .ARM.Collect$$libinit$$0000002C  c_w.l(libinit2.o)
    0x08000178   0x08000178   0x00000000   Code   RO         4440    .ARM.Collect$$libinit$$0000002E  c_w.l(libinit2.o)
    0x08000178   0x08000178   0x00000000   Code   RO         4442    .ARM.Collect$$libinit$$00000030  c_w.l(libinit2.o)
    0x08000178   0x08000178   0x00000000   Code   RO         4444    .ARM.Collect$$libinit$$00000032  c_w.l(libinit2.o)
    0x08000178   0x08000178   0x00000002   Code   RO         4445    .ARM.Collect$$libinit$$00000033  c_w.l(libinit2.o)
    0x0800017a   0x0800017a   0x00000002   Code   RO         4554    .ARM.Collect$$libshutdown$$00000000  c_w.l(libshutdown.o)
    0x0800017c   0x0800017c   0x00000000   Code   RO         4581    .ARM.Collect$$libshutdown$$00000002  c_w.l(libshutdown2.o)
    0x0800017c   0x0800017c   0x00000000   Code   RO         4583    .ARM.Collect$$libshutdown$$00000004  c_w.l(libshutdown2.o)
    0x0800017c   0x0800017c   0x00000000   Code   RO         4586    .ARM.Collect$$libshutdown$$00000007  c_w.l(libshutdown2.o)
    0x0800017c   0x0800017c   0x00000000   Code   RO         4589    .ARM.Collect$$libshutdown$$0000000A  c_w.l(libshutdown2.o)
    0x0800017c   0x0800017c   0x00000000   Code   RO         4591    .ARM.Collect$$libshutdown$$0000000C  c_w.l(libshutdown2.o)
    0x0800017c   0x0800017c   0x00000000   Code   RO         4594    .ARM.Collect$$libshutdown$$0000000F  c_w.l(libshutdown2.o)
    0x0800017c   0x0800017c   0x00000002   Code   RO         4595    .ARM.Collect$$libshutdown$$00000010  c_w.l(libshutdown2.o)
    0x0800017e   0x0800017e   0x00000000   Code   RO         4320    .ARM.Collect$$rtentry$$00000000  c_w.l(__rtentry.o)
    0x0800017e   0x0800017e   0x00000000   Code   RO         4346    .ARM.Collect$$rtentry$$00000002  c_w.l(__rtentry2.o)
    0x0800017e   0x0800017e   0x00000006   Code   RO         4358    .ARM.Collect$$rtentry$$00000004  c_w.l(__rtentry4.o)
    0x08000184   0x08000184   0x00000000   Code   RO         4348    .ARM.Collect$$rtentry$$00000009  c_w.l(__rtentry2.o)
    0x08000184   0x08000184   0x00000004   Code   RO         4349    .ARM.Collect$$rtentry$$0000000A  c_w.l(__rtentry2.o)
    0x08000188   0x08000188   0x00000000   Code   RO         4351    .ARM.Collect$$rtentry$$0000000C  c_w.l(__rtentry2.o)
    0x08000188   0x08000188   0x00000008   Code   RO         4352    .ARM.Collect$$rtentry$$0000000D  c_w.l(__rtentry2.o)
    0x08000190   0x08000190   0x00000002   Code   RO         4446    .ARM.Collect$$rtexit$$00000000  c_w.l(rtexit.o)
    0x08000192   0x08000192   0x00000000   Code   RO         4508    .ARM.Collect$$rtexit$$00000002  c_w.l(rtexit2.o)
    0x08000192   0x08000192   0x00000004   Code   RO         4509    .ARM.Collect$$rtexit$$00000003  c_w.l(rtexit2.o)
    0x08000196   0x08000196   0x00000006   Code   RO         4510    .ARM.Collect$$rtexit$$00000004  c_w.l(rtexit2.o)
    0x0800019c   0x0800019c   0x00000040   Code   RO           20    .text               startup_stm32f10x_md.o
    0x080001dc   0x080001dc   0x00000002   Code   RO         4215    .text               c_w.l(use_no_semi_2.o)
    0x080001de   0x080001de   0x00000048   Code   RO         4217    .text               c_w.l(llsdiv.o)
    0x08000226   0x08000226   0x00000002   PAD
    0x08000228   0x08000228   0x00000034   Code   RO         4221    .text               c_w.l(noretval__2snprintf.o)
    0x0800025c   0x0800025c   0x0000004e   Code   RO         4225    .text               c_w.l(_printf_pad.o)
    0x080002aa   0x080002aa   0x00000002   PAD
    0x080002ac   0x080002ac   0x00000078   Code   RO         4227    .text               c_w.l(_printf_dec.o)
    0x08000324   0x08000324   0x00000058   Code   RO         4232    .text               c_w.l(_printf_hex_int.o)
    0x0800037c   0x0800037c   0x00000188   Code   RO         4267    .text               c_w.l(__printf_flags_ss_wp.o)
    0x08000504   0x08000504   0x0000008a   Code   RO         4274    .text               c_w.l(rt_memcpy_v6.o)
    0x0800058e   0x0800058e   0x00000064   Code   RO         4276    .text               c_w.l(rt_memcpy_w.o)
    0x080005f2   0x080005f2   0x00000044   Code   RO         4278    .text               c_w.l(rt_memclr.o)
    0x08000636   0x08000636   0x0000004e   Code   RO         4280    .text               c_w.l(rt_memclr_w.o)
    0x08000684   0x08000684   0x00000006   Code   RO         4282    .text               c_w.l(heapauxi.o)
    0x0800068a   0x0800068a   0x00000002   Code   RO         4318    .text               c_w.l(use_no_semi.o)
    0x0800068c   0x0800068c   0x000000ee   Code   RO         4321    .text               c_w.l(lludivv7m.o)
    0x0800077a   0x0800077a   0x000000b2   Code   RO         4325    .text               c_w.l(_printf_intcommon.o)
    0x0800082c   0x0800082c   0x00000030   Code   RO         4327    .text               c_w.l(_printf_char_common.o)
    0x0800085c   0x0800085c   0x0000000a   Code   RO         4329    .text               c_w.l(_sputc.o)
    0x08000866   0x08000866   0x00000010   Code   RO         4331    .text               c_w.l(_snputc.o)
    0x08000876   0x08000876   0x00000002   PAD
    0x08000878   0x08000878   0x00000008   Code   RO         4380    .text               c_w.l(libspace.o)
    0x08000880   0x08000880   0x0000004a   Code   RO         4383    .text               c_w.l(sys_stackheap_outer.o)
    0x080008ca   0x080008ca   0x00000012   Code   RO         4391    .text               c_w.l(exit.o)
    0x080008dc   0x080008dc   0x00000004   Code   RO         4141    i.BusFault_Handler  stm32f10x_it.o
    0x080008e0   0x080008e0   0x000000c8   Code   RO         4031    i.CalculateMemberships_Q12  fuzzypid.o
    0x080009a8   0x080009a8   0x000000a8   Code   RO         3862    i.Control_FuseHeading  control.o
    0x08000a50   0x08000a50   0x00000010   Code   RO         3863    i.Control_GetYawError  control.o
    0x08000a60   0x08000a60   0x00000168   Code   RO         3864    i.Control_Init      control.o
    0x08000bc8   0x08000bc8   0x00000264   Code   RO         3865    i.Control_InnerLoop  control.o
    0x08000e2c   0x08000e2c   0x00000014   Code   RO         3866    i.Control_LockHeading  control.o
    0x08000e40   0x08000e40   0x0000013c   Code   RO         3867    i.Control_OuterLoop  control.o
    0x08000f7c   0x08000f7c   0x000001fc   Code   RO         3868    i.Control_ParseVOFA  control.o
    0x08001178   0x08001178   0x000000bc   Code   RO         3869    i.Control_SendVOFA  control.o
    0x08001234   0x08001234   0x00000006   Code   RO         3870    i.Control_SetTargetSpeed  control.o
    0x0800123a   0x0800123a   0x0000005a   Code   RO         3872    i.Control_Start     control.o
    0x08001294   0x08001294   0x00000042   Code   RO         3873    i.Control_Stop      control.o
    0x080012d6   0x080012d6   0x00000002   PAD
    0x080012d8   0x080012d8   0x000000d0   Code   RO         3874    i.Control_Tick      control.o
    0x080013a8   0x080013a8   0x00000002   Code   RO         4142    i.DebugMon_Handler  stm32f10x_it.o
    0x080013aa   0x080013aa   0x0000005a   Code   RO         4032    i.Defuzzification_Q12  fuzzypid.o
    0x08001404   0x08001404   0x00000018   Code   RO         3196    i.Delay_ms          delay.o
    0x0800141c   0x0800141c   0x0000002e   Code   RO         3198    i.Delay_us          delay.o
    0x0800144a   0x0800144a   0x0000006a   Code   RO         4033    i.Denormalize_Q12   fuzzypid.o
    0x080014b4   0x080014b4   0x00000044   Code   RO         3533    i.Encoder_CountToRPM  encoder_timer.o
    0x080014f8   0x080014f8   0x0000000e   Code   RO         3534    i.Encoder_GetLeft   encoder_timer.o
    0x08001506   0x08001506   0x00000002   PAD
    0x08001508   0x08001508   0x00000010   Code   RO         3535    i.Encoder_GetRight  encoder_timer.o
    0x08001518   0x08001518   0x000000a8   Code   RO         3537    i.Encoder_Timer_Init  encoder_timer.o
    0x080015c0   0x080015c0   0x00000068   Code   RO         3538    i.Encoder_UpdateSpeed  encoder_timer.o
    0x08001628   0x08001628   0x000000f8   Code   RO         4034    i.FuzzyInference_Q12  fuzzypid.o
    0x08001720   0x08001720   0x00000164   Code   RO         4035    i.FuzzyPID_Compute  fuzzypid.o
    0x08001884   0x08001884   0x000000a0   Code   RO         4036    i.FuzzyPID_Init     fuzzypid.o
    0x08001924   0x08001924   0x0000001c   Code   RO         4037    i.FuzzyPID_Reset    fuzzypid.o
    0x08001940   0x08001940   0x00000102   Code   RO         4038    i.FuzzyPID_SetParameters  fuzzypid.o
    0x08001a42   0x08001a42   0x00000116   Code   RO         1347    i.GPIO_Init         stm32f10x_gpio.o
    0x08001b58   0x08001b58   0x00000090   Code   RO         1349    i.GPIO_PinRemapConfig  stm32f10x_gpio.o
    0x08001be8   0x08001be8   0x00000012   Code   RO         1351    i.GPIO_ReadInputDataBit  stm32f10x_gpio.o
    0x08001bfa   0x08001bfa   0x00000004   Code   RO         1354    i.GPIO_ResetBits    stm32f10x_gpio.o
    0x08001bfe   0x08001bfe   0x00000004   Code   RO         1355    i.GPIO_SetBits      stm32f10x_gpio.o
    0x08001c02   0x08001c02   0x0000000a   Code   RO         1358    i.GPIO_WriteBit     stm32f10x_gpio.o
    0x08001c0c   0x08001c0c   0x00000004   Code   RO         4143    i.HardFault_Handler  stm32f10x_it.o
    0x08001c10   0x08001c10   0x00000064   Code   RO         3270    i.Key_GetNum        key.o
    0x08001c74   0x08001c74   0x0000002c   Code   RO         3271    i.Key_Init          key.o
    0x08001ca0   0x08001ca0   0x000000a0   Code   RO         3580    i.MPU6050_Calibrate  mpu6050.o
    0x08001d40   0x08001d40   0x0000004c   Code   RO         3581    i.MPU6050_GetYawError  mpu6050.o
    0x08001d8c   0x08001d8c   0x00000074   Code   RO         3582    i.MPU6050_Init      mpu6050.o
    0x08001e00   0x08001e00   0x00000098   Code   RO         3583    i.MPU6050_ReadAll   mpu6050.o
    0x08001e98   0x08001e98   0x00000082   Code   RO         3585    i.MPU6050_ReadRegs  mpu6050.o
    0x08001f1a   0x08001f1a   0x0000004e   Code   RO         3587    i.MPU6050_WriteReg  mpu6050.o
    0x08001f68   0x08001f68   0x00000010   Code   RO         3588    i.MPU_I2C_Delay     mpu6050.o
    0x08001f78   0x08001f78   0x00000058   Code   RO         3589    i.MPU_I2C_RecvByte  mpu6050.o
    0x08001fd0   0x08001fd0   0x00000030   Code   RO         3590    i.MPU_I2C_SendAck   mpu6050.o
    0x08002000   0x08002000   0x00000060   Code   RO         3591    i.MPU_I2C_SendByte  mpu6050.o
    0x08002060   0x08002060   0x00000030   Code   RO         3592    i.MPU_I2C_SendNack  mpu6050.o
    0x08002090   0x08002090   0x0000003c   Code   RO         3593    i.MPU_I2C_Start     mpu6050.o
    0x080020cc   0x080020cc   0x00000040   Code   RO         3594    i.MPU_I2C_Stop      mpu6050.o
    0x0800210c   0x0800210c   0x00000068   Code   RO         3595    i.MPU_I2C_WaitAck   mpu6050.o
    0x08002174   0x08002174   0x00000020   Code   RO         3596    i.MPU_SDA_IN        mpu6050.o
    0x08002194   0x08002194   0x00000024   Code   RO         3597    i.MPU_SDA_OUT       mpu6050.o
    0x080021b8   0x080021b8   0x00000004   Code   RO         4144    i.MemManage_Handler  stm32f10x_it.o
    0x080021bc   0x080021bc   0x00000010   Code   RO         3482    i.Motor_Disable     motor.o
    0x080021cc   0x080021cc   0x00000010   Code   RO         3483    i.Motor_Enable      motor.o
    0x080021dc   0x080021dc   0x000000f8   Code   RO         3484    i.Motor_Init        motor.o
    0x080022d4   0x080022d4   0x00000038   Code   RO         3485    i.Motor_SetDiffSpeed  motor.o
    0x0800230c   0x0800230c   0x00000048   Code   RO         3486    i.Motor_SetLeft     motor.o
    0x08002354   0x08002354   0x0000004c   Code   RO         3487    i.Motor_SetRight    motor.o
    0x080023a0   0x080023a0   0x00000034   Code   RO         3488    i.Motor_Stop        motor.o
    0x080023d4   0x080023d4   0x00000002   Code   RO         4145    i.NMI_Handler       stm32f10x_it.o
    0x080023d6   0x080023d6   0x00000002   PAD
    0x080023d8   0x080023d8   0x00000070   Code   RO          137    i.NVIC_Init         misc.o
    0x08002448   0x08002448   0x00000014   Code   RO          138    i.NVIC_PriorityGroupConfig  misc.o
    0x0800245c   0x0800245c   0x00000086   Code   RO         4039    i.Normalize_Q12     fuzzypid.o
    0x080024e2   0x080024e2   0x0000002a   Code   RO         3374    i.OLED_Clear        oled.o
    0x0800250c   0x0800250c   0x00000058   Code   RO         3375    i.OLED_I2C_Init     oled.o
    0x08002564   0x08002564   0x0000007c   Code   RO         3376    i.OLED_I2C_SendByte  oled.o
    0x080025e0   0x080025e0   0x00000034   Code   RO         3377    i.OLED_I2C_Start    oled.o
    0x08002614   0x08002614   0x00000028   Code   RO         3378    i.OLED_I2C_Stop     oled.o
    0x0800263c   0x0800263c   0x000000ae   Code   RO         3379    i.OLED_Init         oled.o
    0x080026ea   0x080026ea   0x00000014   Code   RO         3380    i.OLED_Pow          oled.o
    0x080026fe   0x080026fe   0x00000022   Code   RO         3381    i.OLED_SetCursor    oled.o
    0x08002720   0x08002720   0x00000074   Code   RO         3383    i.OLED_ShowChar     oled.o
    0x08002794   0x08002794   0x00000066   Code   RO         3386    i.OLED_ShowSignedNum  oled.o
    0x080027fa   0x080027fa   0x00000028   Code   RO         3387    i.OLED_ShowString   oled.o
    0x08002822   0x08002822   0x00000020   Code   RO         3388    i.OLED_WriteCommand  oled.o
    0x08002842   0x08002842   0x00000020   Code   RO         3389    i.OLED_WriteData    oled.o
    0x08002862   0x08002862   0x000000be   Code   RO         3684    i.PID_Calculate     pid.o
    0x08002920   0x08002920   0x0000001a   Code   RO         3685    i.PID_CalculateFeedforward  pid.o
    0x0800293a   0x0800293a   0x0000006c   Code   RO         3686    i.PID_CalculateFull  pid.o
    0x080029a6   0x080029a6   0x0000001a   Code   RO         3687    i.PID_CalculateTorqueCompensation  pid.o
    0x080029c0   0x080029c0   0x00000024   Code   RO         3690    i.PID_Init          pid.o
    0x080029e4   0x080029e4   0x00000008   Code   RO         3691    i.PID_Reset         pid.o
    0x080029ec   0x080029ec   0x00000008   Code   RO         3692    i.PID_SetFeedforward  pid.o
    0x080029f4   0x080029f4   0x00000008   Code   RO         3694    i.PID_SetTorqueControl  pid.o
    0x080029fc   0x080029fc   0x00000002   Code   RO         4146    i.PendSV_Handler    stm32f10x_it.o
    0x080029fe   0x080029fe   0x0000000e   Code   RO         4040    i.Q12_Max           fuzzypid.o
    0x08002a0c   0x08002a0c   0x0000000e   Code   RO         4041    i.Q12_Min           fuzzypid.o
    0x08002a1a   0x08002a1a   0x00000002   PAD
    0x08002a1c   0x08002a1c   0x00000020   Code   RO         1775    i.RCC_APB1PeriphClockCmd  stm32f10x_rcc.o
    0x08002a3c   0x08002a3c   0x00000020   Code   RO         1777    i.RCC_APB2PeriphClockCmd  stm32f10x_rcc.o
    0x08002a5c   0x08002a5c   0x00000014   Code   RO         1781    i.RCC_ClearFlag     stm32f10x_rcc.o
    0x08002a70   0x08002a70   0x000000d4   Code   RO         1785    i.RCC_GetClocksFreq  stm32f10x_rcc.o
    0x08002b44   0x08002b44   0x00000002   Code   RO         4147    i.SVC_Handler       stm32f10x_it.o
    0x08002b46   0x08002b46   0x00000008   Code   RO           24    i.SetSysClock       system_stm32f10x.o
    0x08002b4e   0x08002b4e   0x00000002   PAD
    0x08002b50   0x08002b50   0x000000e0   Code   RO           25    i.SetSysClockTo72   system_stm32f10x.o
    0x08002c30   0x08002c30   0x00000074   Code   RO         3971    i.SoftSerial_Init   softserial.o
    0x08002ca4   0x08002ca4   0x00000002   Code   RO         4148    i.SysTick_Handler   stm32f10x_it.o
    0x08002ca6   0x08002ca6   0x00000002   PAD
    0x08002ca8   0x08002ca8   0x00000060   Code   RO           27    i.SystemInit        system_stm32f10x.o
    0x08002d08   0x08002d08   0x00000028   Code   RO         4149    i.TIM4_IRQHandler   stm32f10x_it.o
    0x08002d30   0x08002d30   0x00000006   Code   RO         2416    i.TIM_ClearITPendingBit  stm32f10x_tim.o
    0x08002d36   0x08002d36   0x00000018   Code   RO         2421    i.TIM_Cmd           stm32f10x_tim.o
    0x08002d4e   0x08002d4e   0x0000001e   Code   RO         2423    i.TIM_CtrlPWMOutputs  stm32f10x_tim.o
    0x08002d6c   0x08002d6c   0x00000042   Code   RO         2430    i.TIM_EncoderInterfaceConfig  stm32f10x_tim.o
    0x08002dae   0x08002dae   0x00000006   Code   RO         2440    i.TIM_GetCounter    stm32f10x_tim.o
    0x08002db4   0x08002db4   0x00000022   Code   RO         2442    i.TIM_GetITStatus   stm32f10x_tim.o
    0x08002dd6   0x08002dd6   0x00000012   Code   RO         2446    i.TIM_ITConfig      stm32f10x_tim.o
    0x08002de8   0x08002de8   0x00000098   Code   RO         2450    i.TIM_OC1Init       stm32f10x_tim.o
    0x08002e80   0x08002e80   0x000000a4   Code   RO         2455    i.TIM_OC2Init       stm32f10x_tim.o
    0x08002f24   0x08002f24   0x00000014   Code   RO         2468    i.TIM_OCStructInit  stm32f10x_tim.o
    0x08002f38   0x08002f38   0x00000004   Code   RO         2482    i.TIM_SetCompare1   stm32f10x_tim.o
    0x08002f3c   0x08002f3c   0x00000004   Code   RO         2483    i.TIM_SetCompare2   stm32f10x_tim.o
    0x08002f40   0x08002f40   0x00000004   Code   RO         2486    i.TIM_SetCounter    stm32f10x_tim.o
    0x08002f44   0x08002f44   0x000000a4   Code   RO         2492    i.TIM_TimeBaseInit  stm32f10x_tim.o
    0x08002fe8   0x08002fe8   0x00000070   Code   RO         3847    i.Timer_Init        timer.o
    0x08003058   0x08003058   0x00000088   Code   RO         3235    i.USART1_IRQHandler  usart.o
    0x080030e0   0x080030e0   0x000000e4   Code   RO         3763    i.USART2_IRQHandler  vofa.o
    0x080031c4   0x080031c4   0x00000018   Code   RO         2960    i.USART_Cmd         stm32f10x_usart.o
    0x080031dc   0x080031dc   0x0000001a   Code   RO         2963    i.USART_GetFlagStatus  stm32f10x_usart.o
    0x080031f6   0x080031f6   0x00000054   Code   RO         2964    i.USART_GetITStatus  stm32f10x_usart.o
    0x0800324a   0x0800324a   0x0000004a   Code   RO         2966    i.USART_ITConfig    stm32f10x_usart.o
    0x08003294   0x08003294   0x000000d8   Code   RO         2967    i.USART_Init        stm32f10x_usart.o
    0x0800336c   0x0800336c   0x0000000a   Code   RO         2974    i.USART_ReceiveData  stm32f10x_usart.o
    0x08003376   0x08003376   0x00000008   Code   RO         2977    i.USART_SendData    stm32f10x_usart.o
    0x0800337e   0x0800337e   0x00000004   Code   RO         4150    i.UsageFault_Handler  stm32f10x_it.o
    0x08003382   0x08003382   0x00000002   PAD
    0x08003384   0x08003384   0x0000016c   Code   RO         3766    i.VOFA_Init         vofa.o
    0x080034f0   0x080034f0   0x00000020   Code   RO         3768    i.VOFA_SendByte_USB  vofa.o
    0x08003510   0x08003510   0x0000001c   Code   RO         3770    i.VOFA_SendString   vofa.o
    0x0800352c   0x0800352c   0x00000094   Code   RO         3772    i.VOFA_TakeCommand  vofa.o
    0x080035c0   0x080035c0   0x0000000e   Code   RO         4260    i._is_digit         c_w.l(__printf_wp.o)
    0x080035ce   0x080035ce   0x00000006   Code   RO         3236    i._sys_exit         usart.o
    0x080035d4   0x080035d4   0x00000294   Code   RO         4097    i.main              main.o
    0x08003868   0x08003868   0x000000c4   Code   RO         4288    x$fpl$fadd          fz_ws.l(faddsub_clz.o)
    0x0800392c   0x0800392c   0x00000018   Code   RO         4338    x$fpl$fcmpinf       fz_ws.l(fcmpi.o)
    0x08003944   0x08003944   0x00000184   Code   RO         4295    x$fpl$fdiv          fz_ws.l(fdiv.o)
    0x08003ac8   0x08003ac8   0x00000036   Code   RO         4298    x$fpl$ffix          fz_ws.l(ffix.o)
    0x08003afe   0x08003afe   0x00000002   PAD
    0x08003b00   0x08003b00   0x00000030   Code   RO         4303    x$fpl$fflt          fz_ws.l(fflt_clz.o)
    0x08003b30   0x08003b30   0x00000026   Code   RO         4302    x$fpl$ffltu         fz_ws.l(fflt_clz.o)
    0x08003b56   0x08003b56   0x00000002   PAD
    0x08003b58   0x08003b58   0x00000068   Code   RO         4308    x$fpl$fleqf         fz_ws.l(fleqf.o)
    0x08003bc0   0x08003bc0   0x00000102   Code   RO         4310    x$fpl$fmul          fz_ws.l(fmul.o)
    0x08003cc2   0x08003cc2   0x0000008c   Code   RO         4340    x$fpl$fnaninf       fz_ws.l(fnaninf.o)
    0x08003d4e   0x08003d4e   0x0000000a   Code   RO         4342    x$fpl$fretinf       fz_ws.l(fretinf.o)
    0x08003d58   0x08003d58   0x00000062   Code   RO         4312    x$fpl$frleqf        fz_ws.l(frleqf.o)
    0x08003dba   0x08003dba   0x00000002   PAD
    0x08003dbc   0x08003dbc   0x000000ea   Code   RO         4290    x$fpl$fsub          fz_ws.l(faddsub_clz.o)
    0x08003ea6   0x08003ea6   0x00000000   Code   RO         4344    x$fpl$usenofp       fz_ws.l(usenofp.o)
    0x08003ea6   0x08003ea6   0x000005f0   Data   RO         3390    .constdata          oled.o
    0x08004496   0x08004496   0x00000002   PAD
    0x08004498   0x08004498   0x00000099   Data   RO         4042    .constdata          fuzzypid.o
    0x08004531   0x08004531   0x00000028   Data   RO         4233    .constdata          c_w.l(_printf_hex_int.o)
    0x08004559   0x08004559   0x00000011   Data   RO         4268    .constdata          c_w.l(__printf_flags_ss_wp.o)
    0x0800456a   0x0800456a   0x00000002   PAD
    0x0800456c   0x0800456c   0x000000c0   Data   RO         3875    .conststring        control.o
    0x0800462c   0x0800462c   0x00000020   Data   RO         4645    Region$$Table       anon$$obj.o


    Execution Region RW_IRAM1 (Exec base: 0x20000000, Load base: 0x0800464c, Size: 0x00000948, Max: 0x00005000, ABSOLUTE)

    Exec Addr    Load Addr    Size         Type   Attr      Idx    E Section Name        Object

    0x20000000   0x0800464c   0x00000014   Data   RW         1805    .data               stm32f10x_rcc.o
    0x20000014   0x08004660   0x00000006   Data   RW         3239    .data               usart.o
    0x2000001a   0x08004666   0x00000004   Data   RW         3539    .data               encoder_timer.o
    0x2000001e   0x0800466a   0x00000003   Data   RW         3774    .data               vofa.o
    0x20000021   0x0800466d   0x00000003   PAD
    0x20000024   0x08004670   0x0000000e   Data   RW         3876    .data               control.o
    0x20000032   0x0800467e   0x00000002   PAD
    0x20000034   0x08004680   0x0000000c   Data   RW         3979    .data               softserial.o
    0x20000040   0x0800468c   0x00000004   Data   RW         4099    .data               main.o
    0x20000044   0x08004690   0x00000004   Data   RW         4151    .data               stm32f10x_it.o
    0x20000048        -       0x000000c8   Zero   RW         3238    .bss                usart.o
    0x20000110        -       0x00000020   Zero   RW         3773    .bss                vofa.o
    0x20000130        -       0x000001b8   Zero   RW         4098    .bss                main.o
    0x200002e8        -       0x00000060   Zero   RW         4381    .bss                c_w.l(libspace.o)
    0x20000348        -       0x00000200   Zero   RW           18    HEAP                startup_stm32f10x_md.o
    0x20000548        -       0x00000400   Zero   RW           17    STACK               startup_stm32f10x_md.o


==============================================================================

Image component sizes


      Code (inc. data)   RO Data    RW Data    ZI Data      Debug   Object Name

      2558        232        192         14          0      13009   control.o
         0          0          0          0          0       4556   core_cm3.o
        70          0          0          0          0       1002   delay.o
       370         30          0          4          0       4409   encoder_timer.o
      1608         26        153          0          0       9709   fuzzypid.o
       144         10          0          0          0     239384   key.o
       660        176          0          4        440       4978   main.o
       132         22          0          0          0     205071   misc.o
       536         52          0          0          0       4339   motor.o
      1304         68          0          0          0      10999   mpu6050.o
       896         24       1520          0          0       8543   oled.o
       410          0          0          0          0       6704   pid.o
       116         18          0         12          0       2280   softserial.o
        64         26        236          0       1536        824   startup_stm32f10x_md.o
       458          6          0          0          0      13558   stm32f10x_gpio.o
        66          8          0          4          0       5449   stm32f10x_it.o
       296         38          0         20          0      13778   stm32f10x_rcc.o
       696         72          0          0          0      29529   stm32f10x_tim.o
       442          6          0          0          0      12345   stm32f10x_usart.o
       328         28          0          0          0      39593   system_stm32f10x.o
       112          6          0          0          0        593   timer.o
       142         14          0          6        200       3100   usart.o
       800        124          0          3         32       4965   vofa.o

    ----------------------------------------------------------------------
     12222        986       2135         72       2208     638717   Object Totals
         0          0         32          0          0          0   (incl. Generated)
        14          0          2          5          0          0   (incl. Padding)

    ----------------------------------------------------------------------

      Code (inc. data)   RO Data    RW Data    ZI Data      Debug   Library Member Name

         8          0          0          0          0         68   __main.o
       392          4         17          0          0         92   __printf_flags_ss_wp.o
        14          0          0          0          0         68   __printf_wp.o
         0          0          0          0          0          0   __rtentry.o
        12          0          0          0          0          0   __rtentry2.o
         6          0          0          0          0          0   __rtentry4.o
        52          8          0          0          0          0   __scatter.o
        26          0          0          0          0          0   __scatter_copy.o
        28          0          0          0          0          0   __scatter_zi.o
        48          6          0          0          0         96   _printf_char_common.o
         6          0          0          0          0          0   _printf_d.o
       120         16          0          0          0         92   _printf_dec.o
        88          4         40          0          0         88   _printf_hex_int.o
       178          0          0          0          0         88   _printf_intcommon.o
        78          0          0          0          0        108   _printf_pad.o
         0          0          0          0          0          0   _printf_percent.o
         4          0          0          0          0          0   _printf_percent_end.o
         6          0          0          0          0          0   _printf_u.o
         6          0          0          0          0          0   _printf_x.o
        16          0          0          0          0         68   _snputc.o
        10          0          0          0          0         68   _sputc.o
        18          0          0          0          0         80   exit.o
         6          0          0          0          0        152   heapauxi.o
         2          0          0          0          0          0   libinit.o
         2          0          0          0          0          0   libinit2.o
         2          0          0          0          0          0   libshutdown.o
         2          0          0          0          0          0   libshutdown2.o
         8          4          0          0         96         68   libspace.o
        72          0          0          0          0         76   llsdiv.o
       238          0          0          0          0        100   lludivv7m.o
        52          4          0          0          0         84   noretval__2snprintf.o
        68          0          0          0          0         68   rt_memclr.o
        78          0          0          0          0         80   rt_memclr_w.o
       138          0          0          0          0         68   rt_memcpy_v6.o
       100          0          0          0          0         80   rt_memcpy_w.o
         2          0          0          0          0          0   rtexit.o
        10          0          0          0          0          0   rtexit2.o
        74          0          0          0          0         80   sys_stackheap_outer.o
         2          0          0          0          0         68   use_no_semi.o
         2          0          0          0          0         68   use_no_semi_2.o
       430          8          0          0          0        168   faddsub_clz.o
        24          0          0          0          0         68   fcmpi.o
       388         76          0          0          0         96   fdiv.o
        54          4          0          0          0         84   ffix.o
        86          0          0          0          0        136   fflt_clz.o
       104          4          0          0          0         84   fleqf.o
       258          4          0          0          0         84   fmul.o
       140          4          0          0          0         84   fnaninf.o
        10          0          0          0          0         68   fretinf.o
        98          0          0          0          0         68   frleqf.o
         0          0          0          0          0          0   usenofp.o

    ----------------------------------------------------------------------
      3580        146         59          0         96       2848   Library Totals
        14          0          2          0          0          0   (incl. Padding)

    ----------------------------------------------------------------------

      Code (inc. data)   RO Data    RW Data    ZI Data      Debug   Library Name

      1974         46         57          0         96       1908   c_w.l
      1592        100          0          0          0        940   fz_ws.l

    ----------------------------------------------------------------------
      3580        146         59          0         96       2848   Library Totals

    ----------------------------------------------------------------------

==============================================================================


      Code (inc. data)   RO Data    RW Data    ZI Data      Debug   

     15802       1132       2194         72       2304     633293   Grand Totals
     15802       1132       2194         72       2304     633293   ELF Image Totals
     15802       1132       2194         72          0          0   ROM Totals

==============================================================================

    Total RO  Size (Code + RO Data)                17996 (  17.57kB)
    Total RW  Size (RW Data + ZI Data)              2376 (   2.32kB)
    Total ROM Size (Code + RO Data + RW Data)      18068 (  17.64kB)

==============================================================================

