Component: ARM Compiler 5.06 update 6 (build 750) Tool: armlink [4d35ed]

==============================================================================

Section Cross References

    startup_stm32f10x_md.o(STACK) refers (Special) to heapauxi.o(.text) for __use_two_region_memory
    startup_stm32f10x_md.o(HEAP) refers (Special) to heapauxi.o(.text) for __use_two_region_memory
    startup_stm32f10x_md.o(RESET) refers (Special) to heapauxi.o(.text) for __use_two_region_memory
    startup_stm32f10x_md.o(RESET) refers to startup_stm32f10x_md.o(STACK) for __initial_sp
    startup_stm32f10x_md.o(RESET) refers to startup_stm32f10x_md.o(.text) for Reset_Handler
    startup_stm32f10x_md.o(RESET) refers to stm32f10x_it.o(i.NMI_Handler) for NMI_Handler
    startup_stm32f10x_md.o(RESET) refers to stm32f10x_it.o(i.HardFault_Handler) for HardFault_Handler
    startup_stm32f10x_md.o(RESET) refers to stm32f10x_it.o(i.MemManage_Handler) for MemManage_Handler
    startup_stm32f10x_md.o(RESET) refers to stm32f10x_it.o(i.BusFault_Handler) for BusFault_Handler
    startup_stm32f10x_md.o(RESET) refers to stm32f10x_it.o(i.UsageFault_Handler) for UsageFault_Handler
    startup_stm32f10x_md.o(RESET) refers to stm32f10x_it.o(i.SVC_Handler) for SVC_Handler
    startup_stm32f10x_md.o(RESET) refers to stm32f10x_it.o(i.DebugMon_Handler) for DebugMon_Handler
    startup_stm32f10x_md.o(RESET) refers to stm32f10x_it.o(i.PendSV_Handler) for PendSV_Handler
    startup_stm32f10x_md.o(RESET) refers to stm32f10x_it.o(i.SysTick_Handler) for SysTick_Handler
    startup_stm32f10x_md.o(RESET) refers to stm32f10x_it.o(i.TIM4_IRQHandler) for TIM4_IRQHandler
    startup_stm32f10x_md.o(RESET) refers to usart.o(i.USART1_IRQHandler) for USART1_IRQHandler
    startup_stm32f10x_md.o(RESET) refers to vofa.o(i.USART2_IRQHandler) for USART2_IRQHandler
    startup_stm32f10x_md.o(.text) refers (Special) to heapauxi.o(.text) for __use_two_region_memory
    startup_stm32f10x_md.o(.text) refers to system_stm32f10x.o(i.SystemInit) for SystemInit
    startup_stm32f10x_md.o(.text) refers to __main.o(!!!main) for __main
    startup_stm32f10x_md.o(.text) refers to startup_stm32f10x_md.o(HEAP) for Heap_Mem
    startup_stm32f10x_md.o(.text) refers to startup_stm32f10x_md.o(STACK) for Stack_Mem
    system_stm32f10x.o(i.SetSysClock) refers to system_stm32f10x.o(i.SetSysClockTo72) for SetSysClockTo72
    system_stm32f10x.o(i.SystemCoreClockUpdate) refers to system_stm32f10x.o(.data) for SystemCoreClock
    system_stm32f10x.o(i.SystemInit) refers to system_stm32f10x.o(i.SetSysClock) for SetSysClock
    stm32f10x_adc.o(i.ADC_DeInit) refers to stm32f10x_rcc.o(i.RCC_APB2PeriphResetCmd) for RCC_APB2PeriphResetCmd
    stm32f10x_bkp.o(i.BKP_DeInit) refers to stm32f10x_rcc.o(i.RCC_BackupResetCmd) for RCC_BackupResetCmd
    stm32f10x_can.o(i.CAN_DeInit) refers to stm32f10x_rcc.o(i.RCC_APB1PeriphResetCmd) for RCC_APB1PeriphResetCmd
    stm32f10x_can.o(i.CAN_GetITStatus) refers to stm32f10x_can.o(i.CheckITStatus) for CheckITStatus
    stm32f10x_cec.o(i.CEC_DeInit) refers to stm32f10x_rcc.o(i.RCC_APB1PeriphResetCmd) for RCC_APB1PeriphResetCmd
    stm32f10x_dac.o(i.DAC_DeInit) refers to stm32f10x_rcc.o(i.RCC_APB1PeriphResetCmd) for RCC_APB1PeriphResetCmd
    stm32f10x_flash.o(i.FLASH_EnableWriteProtection) refers to stm32f10x_flash.o(i.FLASH_WaitForLastOperation) for FLASH_WaitForLastOperation
    stm32f10x_flash.o(i.FLASH_EraseAllBank1Pages) refers to stm32f10x_flash.o(i.FLASH_WaitForLastBank1Operation) for FLASH_WaitForLastBank1Operation
    stm32f10x_flash.o(i.FLASH_EraseAllPages) refers to stm32f10x_flash.o(i.FLASH_WaitForLastOperation) for FLASH_WaitForLastOperation
    stm32f10x_flash.o(i.FLASH_EraseOptionBytes) refers to stm32f10x_flash.o(i.FLASH_GetReadOutProtectionStatus) for FLASH_GetReadOutProtectionStatus
    stm32f10x_flash.o(i.FLASH_EraseOptionBytes) refers to stm32f10x_flash.o(i.FLASH_WaitForLastOperation) for FLASH_WaitForLastOperation
    stm32f10x_flash.o(i.FLASH_ErasePage) refers to stm32f10x_flash.o(i.FLASH_WaitForLastOperation) for FLASH_WaitForLastOperation
    stm32f10x_flash.o(i.FLASH_ProgramHalfWord) refers to stm32f10x_flash.o(i.FLASH_WaitForLastOperation) for FLASH_WaitForLastOperation
    stm32f10x_flash.o(i.FLASH_ProgramOptionByteData) refers to stm32f10x_flash.o(i.FLASH_WaitForLastOperation) for FLASH_WaitForLastOperation
    stm32f10x_flash.o(i.FLASH_ProgramWord) refers to stm32f10x_flash.o(i.FLASH_WaitForLastOperation) for FLASH_WaitForLastOperation
    stm32f10x_flash.o(i.FLASH_ReadOutProtection) refers to stm32f10x_flash.o(i.FLASH_WaitForLastOperation) for FLASH_WaitForLastOperation
    stm32f10x_flash.o(i.FLASH_UserOptionByteConfig) refers to stm32f10x_flash.o(i.FLASH_WaitForLastOperation) for FLASH_WaitForLastOperation
    stm32f10x_flash.o(i.FLASH_WaitForLastBank1Operation) refers to stm32f10x_flash.o(i.FLASH_GetBank1Status) for FLASH_GetBank1Status
[...]
    __Vectors_End                            0x080000ec   Data           0  startup_stm32f10x_md.o(RESET)
    __main                                   0x080000ed   Thumb Code     8  __main.o(!!!main)
    __scatterload                            0x080000f5   Thumb Code     0  __scatter.o(!!!scatter)
    __scatterload_rt2                        0x080000f5   Thumb Code    44  __scatter.o(!!!scatter)
    __scatterload_rt2_thumb_only             0x080000f5   Thumb Code     0  __scatter.o(!!!scatter)
    __scatterload_null                       0x08000103   Thumb Code     0  __scatter.o(!!!scatter)
    __scatterload_copy                       0x08000129   Thumb Code    26  __scatter_copy.o(!!handler_copy)
    __scatterload_zeroinit                   0x08000145   Thumb Code    28  __scatter_zi.o(!!handler_zi)
    _printf_f                                0x08000161   Thumb Code     0  _printf_f.o(.ARM.Collect$$_printf_percent$$00000003)
    _printf_percent                          0x08000161   Thumb Code     0  _printf_percent.o(.ARM.Collect$$_printf_percent$$00000000)
    _printf_d                                0x08000167   Thumb Code     0  _printf_d.o(.ARM.Collect$$_printf_percent$$00000009)
    _printf_u                                0x0800016d   Thumb Code     0  _printf_u.o(.ARM.Collect$$_printf_percent$$0000000A)
    _printf_s                                0x08000173   Thumb Code     0  _printf_s.o(.ARM.Collect$$_printf_percent$$00000014)
    _printf_percent_end                      0x08000179   Thumb Code     0  _printf_percent_end.o(.ARM.Collect$$_printf_percent$$00000017)
    __rt_lib_init                            0x0800017d   Thumb Code     0  libinit.o(.ARM.Collect$$libinit$$00000000)
    __rt_lib_init_fp_1                       0x0800017f   Thumb Code     0  libinit2.o(.ARM.Collect$$libinit$$00000002)
    __rt_lib_init_heap_1                     0x0800017f   Thumb Code     0  libinit2.o(.ARM.Collect$$libinit$$0000000A)
    __rt_lib_init_lc_common                  0x0800017f   Thumb Code     0  libinit2.o(.ARM.Collect$$libinit$$0000000F)
    __rt_lib_init_preinit_1                  0x0800017f   Thumb Code     0  libinit2.o(.ARM.Collect$$libinit$$00000004)
    __rt_lib_init_rand_1                     0x0800017f   Thumb Code     0  libinit2.o(.ARM.Collect$$libinit$$0000000E)
    __rt_lib_init_user_alloc_1               0x0800017f   Thumb Code     0  libinit2.o(.ARM.Collect$$libinit$$0000000C)
    __rt_lib_init_lc_collate_1               0x08000185   Thumb Code     0  libinit2.o(.ARM.Collect$$libinit$$00000011)
    __rt_lib_init_lc_ctype_2                 0x08000185   Thumb Code     0  libinit2.o(.ARM.Collect$$libinit$$00000012)
    __rt_lib_init_lc_ctype_1                 0x08000191   Thumb Code     0  libinit2.o(.ARM.Collect$$libinit$$00000013)
    __rt_lib_init_lc_monetary_1              0x08000191   Thumb Code     0  libinit2.o(.ARM.Collect$$libinit$$00000015)
    __rt_lib_init_lc_numeric_2               0x08000191   Thumb Code     0  libinit2.o(.ARM.Collect$$libinit$$00000016)
    __rt_lib_init_alloca_1                   0x0800019b   Thumb Code     0  libinit2.o(.ARM.Collect$$libinit$$0000002E)
    __rt_lib_init_argv_1                     0x0800019b   Thumb Code     0  libinit2.o(.ARM.Collect$$libinit$$0000002C)
    __rt_lib_init_atexit_1                   0x0800019b   Thumb Code     0  libinit2.o(.ARM.Collect$$libinit$$0000001B)
    __rt_lib_init_clock_1                    0x0800019b   Thumb Code     0  libinit2.o(.ARM.Collect$$libinit$$00000021)
    __rt_lib_init_cpp_1                      0x0800019b   Thumb Code     0  libinit2.o(.ARM.Collect$$libinit$$00000032)
    __rt_lib_init_exceptions_1               0x0800019b   Thumb Code     0  libinit2.o(.ARM.Collect$$libinit$$00000030)
    __rt_lib_init_fp_trap_1                  0x0800019b   Thumb Code     0  libinit2.o(.ARM.Collect$$libinit$$0000001F)
    __rt_lib_init_getenv_1                   0x0800019b   Thumb Code     0  libinit2.o(.ARM.Collect$$libinit$$00000023)
    __rt_lib_init_lc_numeric_1               0x0800019b   Thumb Code     0  libinit2.o(.ARM.Collect$$libinit$$00000017)
    __rt_lib_init_lc_time_1                  0x0800019b   Thumb Code     0  libinit2.o(.ARM.Collect$$libinit$$00000019)
    __rt_lib_init_return                     0x0800019b   Thumb Code     0  libinit2.o(.ARM.Collect$$libinit$$00000033)
    __rt_lib_init_signal_1                   0x0800019b   Thumb Code     0  libinit2.o(.ARM.Collect$$libinit$$0000001D)
    __rt_lib_init_stdio_1                    0x0800019b   Thumb Code     0  libinit2.o(.ARM.Collect$$libinit$$00000025)
    __rt_lib_shutdown                        0x0800019d   Thumb Code     0  libshutdown.o(.ARM.Collect$$libshutdown$$00000000)
    __rt_lib_shutdown_cpp_1                  0x0800019f   Thumb Code     0  libshutdown2.o(.ARM.Collect$$libshutdown$$00000002)
    __rt_lib_shutdown_fp_trap_1              0x0800019f   Thumb Code     0  libshutdown2.o(.ARM.Collect$$libshutdown$$00000007)
    __rt_lib_shutdown_heap_1                 0x0800019f   Thumb Code     0  libshutdown2.o(.ARM.Collect$$libshutdown$$0000000F)
    __rt_lib_shutdown_return                 0x0800019f   Thumb Code     0  libshutdown2.o(.ARM.Collect$$libshutdown$$00000010)
    __rt_lib_shutdown_signal_1               0x0800019f   Thumb Code     0  libshutdown2.o(.ARM.Collect$$libshutdown$$0000000A)
    __rt_lib_shutdown_stdio_1                0x0800019f   Thumb Code     0  libshutdown2.o(.ARM.Collect$$libshutdown$$00000004)
    __rt_lib_shutdown_user_alloc_1           0x0800019f   Thumb Code     0  libshutdown2.o(.ARM.Collect$$libshutdown$$0000000C)
    __rt_entry                               0x080001a1   Thumb Code     0  __rtentry.o(.ARM.Collect$$rtentry$$00000000)
    __rt_entry_presh_1                       0x080001a1   Thumb Code     0  __rtentry2.o(.ARM.Collect$$rtentry$$00000002)
    __rt_entry_sh                            0x080001a1   Thumb Code     0  __rtentry4.o(.ARM.Collect$$rtentry$$00000004)
    __rt_entry_li                            0x080001a7   Thumb Code     0  __rtentry2.o(.ARM.Collect$$rtentry$$0000000A)
    __rt_entry_postsh_1                      0x080001a7   Thumb Code     0  __rtentry2.o(.ARM.Collect$$rtentry$$00000009)
    __rt_entry_main                          0x080001ab   Thumb Code     0  __rtentry2.o(.ARM.Collect$$rtentry$$0000000D)
    __rt_entry_postli_1                      0x080001ab   Thumb Code     0  __rtentry2.o(.ARM.Collect$$rtentry$$0000000C)
    __rt_exit                                0x080001b3   Thumb Code     0  rtexit.o(.ARM.Collect$$rtexit$$00000000)
    __rt_exit_ls                             0x080001b5   Thumb Code     0  rtexit2.o(.ARM.Collect$$rtexit$$00000003)
    __rt_exit_prels_1                        0x080001b5   Thumb Code     0  rtexit2.o(.ARM.Collect$$rtexit$$00000002)
    __rt_exit_exit                           0x080001b9   Thumb Code     0  rtexit2.o(.ARM.Collect$$rtexit$$00000004)
    Reset_Handler                            0x080001c1   Thumb Code     8  startup_stm32f10x_md.o(.text)
    ADC1_2_IRQHandler                        0x080001db   Thumb Code     0  startup_stm32f10x_md.o(.text)
    CAN1_RX1_IRQHandler                      0x080001db   Thumb Code     0  startup_stm32f10x_md.o(.text)
    CAN1_SCE_IRQHandler                      0x080001db   Thumb Code     0  startup_stm32f10x_md.o(.text)
    DMA1_Channel1_IRQHandler                 0x080001db   Thumb Code     0  startup_stm32f10x_md.o(.text)
    DMA1_Channel2_IRQHandler                 0x080001db   Thumb Code     0  startup_stm32f10x_md.o(.text)
    DMA1_Channel3_IRQHandler                 0x080001db   Thumb Code     0  startup_stm32f10x_md.o(.text)
    DMA1_Channel4_IRQHandler                 0x080001db   Thumb Code     0  startup_stm32f10x_md.o(.text)
    DMA1_Channel5_IRQHandler                 0x080001db   Thumb Code     0  startup_stm32f10x_md.o(.text)
    DMA1_Channel6_IRQHandler                 0x080001db   Thumb Code     0  startup_stm32f10x_md.o(.text)
    DMA1_Channel7_IRQHandler                 0x080001db   Thumb Code     0  startup_stm32f10x_md.o(.text)
    EXTI0_IRQHandler                         0x080001db   Thumb Code     0  startup_stm32f10x_md.o(.text)
    EXTI15_10_IRQHandler                     0x080001db   Thumb Code     0  startup_stm32f10x_md.o(.text)
    EXTI1_IRQHandler                         0x080001db   Thumb Code     0  startup_stm32f10x_md.o(.text)
    EXTI2_IRQHandler                         0x080001db   Thumb Code     0  startup_stm32f10x_md.o(.text)
    EXTI3_IRQHandler                         0x080001db   Thumb Code     0  startup_stm32f10x_md.o(.text)
    EXTI4_IRQHandler                         0x080001db   Thumb Code     0  startup_stm32f10x_md.o(.text)
    EXTI9_5_IRQHandler                       0x080001db   Thumb Code     0  startup_stm32f10x_md.o(.text)
    FLASH_IRQHandler                         0x080001db   Thumb Code     0  startup_stm32f10x_md.o(.text)
    I2C1_ER_IRQHandler                       0x080001db   Thumb Code     0  startup_stm32f10x_md.o(.text)
    I2C1_EV_IRQHandler                       0x080001db   Thumb Code     0  startup_stm32f10x_md.o(.text)
    I2C2_ER_IRQHandler                       0x080001db   Thumb Code     0  startup_stm32f10x_md.o(.text)
    I2C2_EV_IRQHandler                       0x080001db   Thumb Code     0  startup_stm32f10x_md.o(.text)
    PVD_IRQHandler                           0x080001db   Thumb Code     0  startup_stm32f10x_md.o(.text)
    RCC_IRQHandler                           0x080001db   Thumb Code     0  startup_stm32f10x_md.o(.text)
    RTCAlarm_IRQHandler                      0x080001db   Thumb Code     0  startup_stm32f10x_md.o(.text)
    RTC_IRQHandler                           0x080001db   Thumb Code     0  startup_stm32f10x_md.o(.text)
    SPI1_IRQHandler                          0x080001db   Thumb Code     0  startup_stm32f10x_md.o(.text)
    SPI2_IRQHandler                          0x080001db   Thumb Code     0  startup_stm32f10x_md.o(.text)
    TAMPER_IRQHandler                        0x080001db   Thumb Code     0  startup_stm32f10x_md.o(.text)
    TIM1_BRK_IRQHandler                      0x080001db   Thumb Code     0  startup_stm32f10x_md.o(.text)
    TIM1_CC_IRQHandler                       0x080001db   Thumb Code     0  startup_stm32f10x_md.o(.text)
    TIM1_TRG_COM_IRQHandler                  0x080001db   Thumb Code     0  startup_stm32f10x_md.o(.text)
    TIM1_UP_IRQHandler                       0x080001db   Thumb Code     0  startup_stm32f10x_md.o(.text)
    TIM2_IRQHandler                          0x080001db   Thumb Code     0  startup_stm32f10x_md.o(.text)
    TIM3_IRQHandler                          0x080001db   Thumb Code     0  startup_stm32f10x_md.o(.text)
    USART3_IRQHandler                        0x080001db   Thumb Code     0  startup_stm32f10x_md.o(.text)
    USBWakeUp_IRQHandler                     0x080001db   Thumb Code     0  startup_stm32f10x_md.o(.text)
    USB_HP_CAN1_TX_IRQHandler                0x080001db   Thumb Code     0  startup_stm32f10x_md.o(.text)
    USB_LP_CAN1_RX0_IRQHandler               0x080001db   Thumb Code     0  startup_stm32f10x_md.o(.text)
    WWDG_IRQHandler                          0x080001db   Thumb Code     0  startup_stm32f10x_md.o(.text)
    __user_initial_stackheap                 0x080001dd   Thumb Code     0  startup_stm32f10x_md.o(.text)
    __use_no_semihosting                     0x08000201   Thumb Code     2  use_no_semi_2.o(.text)
    __2snprintf                              0x08000205   Thumb Code    48  noretval__2snprintf.o(.text)
    _printf_pre_padding                      0x08000239   Thumb Code    44  _printf_pad.o(.text)
    _printf_post_padding                     0x08000265   Thumb Code    34  _printf_pad.o(.text)
    _printf_str                              0x08000287   Thumb Code    82  _printf_str.o(.text)
    _printf_int_dec                          0x080002d9   Thumb Code   104  _printf_dec.o(.text)
    __printf                                 0x08000351   Thumb Code   308  __printf_flags_wp.o(.text)
    strchr                                   0x08000489   Thumb Code    20  strchr.o(.text)
    strstr                                   0x0800049d   Thumb Code    36  strstr.o(.text)
    strncmp                                  0x080004c1   Thumb Code   150  strncmp.o(.text)
    __aeabi_memclr                           0x08000557   Thumb Code     0  rt_memclr.o(.text)
    __rt_memclr                              0x08000557   Thumb Code    68  rt_memclr.o(.text)
    _memset                                  0x0800055b   Thumb Code     0  rt_memclr.o(.text)
    __aeabi_memclr4                          0x0800059b   Thumb Code     0  rt_memclr_w.o(.text)
    __aeabi_memclr8                          0x0800059b   Thumb Code     0  rt_memclr_w.o(.text)
    __rt_memclr_w                            0x0800059b   Thumb Code    78  rt_memclr_w.o(.text)
    _memset_w                                0x0800059f   Thumb Code     0  rt_memclr_w.o(.text)
    strcmp                                   0x080005e9   Thumb Code   128  strcmpv7m.o(.text)
    __use_two_region_memory                  0x08000669   Thumb Code     2  heapauxi.o(.text)
    __rt_heap_escrow$2region                 0x0800066b   Thumb Code     2  heapauxi.o(.text)
    __rt_heap_expand$2region                 0x0800066d   Thumb Code     2  heapauxi.o(.text)
    __I$use$semihosting                      0x0800066f   Thumb Code     0  use_no_semi.o(.text)
    __use_no_semihosting_swi                 0x0800066f   Thumb Code     2  use_no_semi.o(.text)
    __read_errno                             0x08000671   Thumb Code    10  _rserrno.o(.text)
    __set_errno                              0x0800067b   Thumb Code    12  _rserrno.o(.text)
    _printf_int_common                       0x08000687   Thumb Code   178  _printf_intcommon.o(.text)
    __lib_sel_fp_printf                      0x08000739   Thumb Code     2  _printf_fp_dec.o(.text)
    _printf_fp_dec_real                      0x080008eb   Thumb Code   620  _printf_fp_dec.o(.text)
    _printf_char_common                      0x08000b63   Thumb Code    32  _printf_char_common.o(.text)
    _sputc                                   0x08000b89   Thumb Code    10  _sputc.o(.text)
    _snputc                                  0x08000b93   Thumb Code    16  _snputc.o(.text)
    _printf_cs_common                        0x08000ba3   Thumb Code    20  _printf_char.o(.text)
    _printf_char                             0x08000bb7   Thumb Code    16  _printf_char.o(.text)
    _printf_string                           0x08000bc7   Thumb Code     8  _printf_char.o(.text)
    __strtod_int                             0x08000c0d   Thumb Code    90  strtod.o(.text)
    __rt_locale                              0x08000c75   Thumb Code     8  rt_locale_intlibspace.o(.text)
    __aeabi_errno_addr                       0x08000c7d   Thumb Code     8  rt_errno_addr_intlibspace.o(.text)
    __errno$intlibspace                      0x08000c7d   Thumb Code     0  rt_errno_addr_intlibspace.o(.text)
    __rt_errno_addr$intlibspace              0x08000c7d   Thumb Code     0  rt_errno_addr_intlibspace.o(.text)
    _ll_udiv10                               0x08000c85   Thumb Code   138  lludiv10.o(.text)
    isspace                                  0x08000d0f   Thumb Code    18  isspace.o(.text)
    _printf_fp_infnan                        0x08000d21   Thumb Code   112  _printf_fp_infnan.o(.text)
    _sgetc                                   0x08000da1   Thumb Code    30  _sgetc.o(.text)
    _sbackspace                              0x08000dbf   Thumb Code    34  _sgetc.o(.text)
    _btod_etento                             0x08000de1   Thumb Code   224  bigflt0.o(.text)
    __user_libspace                          0x08000ec5   Thumb Code     8  libspace.o(.text)
    __user_perproc_libspace                  0x08000ec5   Thumb Code     0  libspace.o(.text)
    __user_perthread_libspace                0x08000ec5   Thumb Code     0  libspace.o(.text)
    __user_setup_stackheap                   0x08000ecd   Thumb Code    74  sys_stackheap_outer.o(.text)
    __rt_ctype_table                         0x08000f19   Thumb Code    16  rt_ctype_table.o(.text)
    _scanf_really_real                       0x08001175   Thumb Code   684  scanf_fp.o(.text)
    exit                                     0x08001421   Thumb Code    18  exit.o(.text)
    _scanf_really_hex_real                   0x08001435   Thumb Code   786  scanf_hexfp.o(.text)
    _scanf_really_infnan                     0x08001755   Thumb Code   292  scanf_infnan.o(.text)
    __aeabi_llsl                             0x08001889   Thumb Code     0  llshl.o(.text)
    _ll_shift_l                              0x08001889   Thumb Code    38  llshl.o(.text)
    _chval                                   0x080018af   Thumb Code    28  _chval.o(.text)
    _btod_d2e                                0x080018cb   Thumb Code    62  btod.o(CL$$btod_d2e)
    _d2e_denorm_low                          0x08001909   Thumb Code    70  btod.o(CL$$btod_d2e_denorm_low)
    _d2e_norm_op1                            0x0800194f   Thumb Code    96  btod.o(CL$$btod_d2e_norm_op1)
    __btod_div_common                        0x080019af   Thumb Code   696  btod.o(CL$$btod_div_common)
    _e2d                                     0x08001ce9   Thumb Code   122  btod.o(CL$$btod_e2d)
    _e2e                                     0x08001d6d   Thumb Code   220  btod.o(CL$$btod_e2e)
    _btod_ediv                               0x08001e49   Thumb Code    42  btod.o(CL$$btod_ediv)
    _btod_edivd                              0x08001e73   Thumb Code    42  btod.o(CL$$btod_edivd)
    _btod_emul                               0x08001e9d   Thumb Code    42  btod.o(CL$$btod_emul)
    _btod_emuld                              0x08001ec7   Thumb Code    42  btod.o(CL$$btod_emuld)
    __btod_mult_common                       0x08001ef1   Thumb Code   580  btod.o(CL$$btod_mult_common)
    AppModeManager_Init                      0x08002135   Thumb Code   134  appmodemanager.o(i.AppModeManager_Init)
    AppModeManager_Process                   0x08002205   Thumb Code    94  appmodemanager.o(i.AppModeManager_Process)
    AppStraightController_Init               0x08002265   Thumb Code    64  appstraightcontroller.o(i.AppStraightController_Init)
    AppStraightController_LockHeading        0x080022c5   Thumb Code    14  appstraightcontroller.o(i.AppStraightController_LockHeading)
    AppStraightController_SetHeadingPid      0x080022d3   Thumb Code    20  appstraightcontroller.o(i.AppStraightController_SetHeadingPid)
    AppStraightController_SetSpeedPid        0x080022e7   Thumb Code    20  appstraightcontroller.o(i.AppStraightController_SetSpeedPid)
    AppStraightController_SetTargetSpeed     0x080022fb   Thumb Code    10  appstraightcontroller.o(i.AppStraightController_SetTargetSpeed)
    AppStraightController_Start              0x08002305   Thumb Code    60  appstraightcontroller.o(i.AppStraightController_Start)
    AppStraightController_Step               0x08002341   Thumb Code   464  appstraightcontroller.o(i.AppStraightController_Step)
    AppStraightController_Stop               0x08002515   Thumb Code    24  appstraightcontroller.o(i.AppStraightController_Stop)
    AppTrackController_Init                  0x0800252d   Thumb Code    72  apptrackcontroller.o(i.AppTrackController_Init)
    AppTrackController_SetLinePid            0x0800259d   Thumb Code    20  apptrackcontroller.o(i.AppTrackController_SetLinePid)
    AppTrackController_SetSpeedPid           0x080025b1   Thumb Code    22  apptrackcontroller.o(i.AppTrackController_SetSpeedPid)
    AppTrackController_SetTargetSpeed        0x080025c7   Thumb Code    10  apptrackcontroller.o(i.AppTrackController_SetTargetSpeed)
    AppTrackController_Start                 0x080025d1   Thumb Code    62  apptrackcontroller.o(i.AppTrackController_Start)
    AppTrackController_Step                  0x08002611   Thumb Code   690  apptrackcontroller.o(i.AppTrackController_Step)
    AppTrackController_Stop                  0x080028d1   Thumb Code    22  apptrackcontroller.o(i.AppTrackController_Stop)
    BKP_ReadBackupRegister                   0x080028e9   Thumb Code    24  stm32f10x_bkp.o(i.BKP_ReadBackupRegister)
    BKP_WriteBackupRegister                  0x08002905   Thumb Code    22  stm32f10x_bkp.o(i.BKP_WriteBackupRegister)
    BspControlTick_ConsumeOneTick            0x08002921   Thumb Code    36  bspcontroltick.o(i.BspControlTick_ConsumeOneTick)
    BspControlTick_Init                      0x08002949   Thumb Code   124  bspcontroltick.o(i.BspControlTick_Init)
    BspControlTick_IrqHandler                0x080029d1   Thumb Code    56  bspcontroltick.o(i.BspControlTick_IrqHandler)
    BspFaultTrace_StoreAndReset              0x08002a15   Thumb Code    38  bspfaulttrace.o(i.BspFaultTrace_StoreAndReset)
    BusFault_Handler                         0x08002a45   Thumb Code    10  stm32f10x_it.o(i.BusFault_Handler)
    DebugMon_Handler                         0x08002a4f   Thumb Code     2  stm32f10x_it.o(i.DebugMon_Handler)
    Delay_ms                                 0x08002a51   Thumb Code    24  delay.o(i.Delay_ms)
    Delay_us                                 0x08002a69   Thumb Code    46  delay.o(i.Delay_us)
    DrvDisplay_Init                          0x08002a97   Thumb Code     8  drvdisplay.o(i.DrvDisplay_Init)
    DrvDisplay_ShowLine                      0x08002a9f   Thumb Code    72  drvdisplay.o(i.DrvDisplay_ShowLine)
    DrvEncoder_Init                          0x08002ae9   Thumb Code   204  drvencoder.o(i.DrvEncoder_Init)
    DrvEncoder_Reset                         0x08002bbd   Thumb Code    22  drvencoder.o(i.DrvEncoder_Reset)
    DrvEncoder_Sample                        0x08002bd9   Thumb Code   146  drvencoder.o(i.DrvEncoder_Sample)
    DrvImuBno08x_GetYawError                 0x08002c75   Thumb Code    22  drvimubno08x.o(i.DrvImuBno08x_GetYawError)
    DrvImuBno08x_Init                        0x08002c8d   Thumb Code   262  drvimubno08x.o(i.DrvImuBno08x_Init)
    DrvImuBno08x_Read                        0x08002dc5   Thumb Code   148  drvimubno08x.o(i.DrvImuBno08x_Read)
    DrvImuBno08x_ResetAttitude               0x08002e65   Thumb Code    38  drvimubno08x.o(i.DrvImuBno08x_ResetAttitude)
    DrvImuBno08x_UpdateYaw                   0x08002e95   Thumb Code   322  drvimubno08x.o(i.DrvImuBno08x_UpdateYaw)
    DrvKey_Init                              0x08002ff5   Thumb Code    68  drvkey.o(i.DrvKey_Init)
    DrvKey_Poll                              0x08003051   Thumb Code   116  drvkey.o(i.DrvKey_Poll)
    DrvMotor_Apply                           0x080030d9   Thumb Code    50  drvmotor.o(i.DrvMotor_Apply)
    DrvMotor_Init                            0x08003111   Thumb Code   228  drvmotor.o(i.DrvMotor_Init)
    DrvMotor_SetEnabled                      0x08003201   Thumb Code    46  drvmotor.o(i.DrvMotor_SetEnabled)
    DrvMotor_Stop                            0x08003239   Thumb Code    16  drvmotor.o(i.DrvMotor_Stop)
    DrvTelemetry_Init                        0x08003249   Thumb Code     8  drvtelemetry.o(i.DrvTelemetry_Init)
    DrvTelemetry_SendText                    0x08003251   Thumb Code    12  drvtelemetry.o(i.DrvTelemetry_SendText)
    DrvTelemetry_TryReadCommand              0x0800325d   Thumb Code    16  drvtelemetry.o(i.DrvTelemetry_TryReadCommand)
    DrvTrackSensor_Init                      0x0800326d   Thumb Code    90  drvtracksensor.o(i.DrvTrackSensor_Init)
    DrvTrackSensor_Sample                    0x080032e1   Thumb Code   194  drvtracksensor.o(i.DrvTrackSensor_Sample)
    FaultTrace_GetAndClearCode               0x080033c1   Thumb Code    52  bspfaulttrace.o(i.FaultTrace_GetAndClearCode)
    GPIO_Init                                0x080033f5   Thumb Code   278  stm32f10x_gpio.o(i.GPIO_Init)
    GPIO_PinRemapConfig                      0x0800350d   Thumb Code   138  stm32f10x_gpio.o(i.GPIO_PinRemapConfig)
    GPIO_ReadInputDataBit                    0x0800359d   Thumb Code    18  stm32f10x_gpio.o(i.GPIO_ReadInputDataBit)
    GPIO_ResetBits                           0x080035af   Thumb Code     4  stm32f10x_gpio.o(i.GPIO_ResetBits)
    GPIO_SetBits                             0x080035b3   Thumb Code     4  stm32f10x_gpio.o(i.GPIO_SetBits)
    GPIO_WriteBit                            0x080035b7   Thumb Code    10  stm32f10x_gpio.o(i.GPIO_WriteBit)
    HardFault_Handler                        0x080035c1   Thumb Code    10  stm32f10x_it.o(i.HardFault_Handler)
    MemManage_Handler                        0x08003655   Thumb Code    10  stm32f10x_it.o(i.MemManage_Handler)
    NMI_Handler                              0x0800365f   Thumb Code     2  stm32f10x_it.o(i.NMI_Handler)
    NVIC_Init                                0x08003661   Thumb Code   100  misc.o(i.NVIC_Init)
    NVIC_PriorityGroupConfig                 0x080036d1   Thumb Code    10  misc.o(i.NVIC_PriorityGroupConfig)
    OLED_Init                                0x080037dd   Thumb Code   150  oled.o(i.OLED_Init)
    OLED_ShowString                          0x08003925   Thumb Code    58  oled.o(i.OLED_ShowString)
    PWR_BackupAccessCmd                      0x080039dd   Thumb Code     6  stm32f10x_pwr.o(i.PWR_BackupAccessCmd)
    PendSV_Handler                           0x080039e9   Thumb Code     2  stm32f10x_it.o(i.PendSV_Handler)
    RCC_APB1PeriphClockCmd                   0x080039ed   Thumb Code    26  stm32f10x_rcc.o(i.RCC_APB1PeriphClockCmd)
    RCC_APB2PeriphClockCmd                   0x08003a0d   Thumb Code    26  stm32f10x_rcc.o(i.RCC_APB2PeriphClockCmd)
    RCC_ClearFlag                            0x08003a2d   Thumb Code    14  stm32f10x_rcc.o(i.RCC_ClearFlag)
    RCC_GetClocksFreq                        0x08003a41   Thumb Code   192  stm32f10x_rcc.o(i.RCC_GetClocksFreq)
    RCC_GetFlagStatus                        0x08003b15   Thumb Code    56  stm32f10x_rcc.o(i.RCC_GetFlagStatus)
    SVC_Handler                              0x08003b51   Thumb Code     2  stm32f10x_it.o(i.SVC_Handler)
    SoftSerial_Init                          0x08003c3d   Thumb Code     2  softserial.o(i.SoftSerial_Init)
    SoftSerial_SendByte                      0x08003c41   Thumb Code    28  softserial.o(i.SoftSerial_SendByte)
    SoftSerial_SendString                    0x08003c61   Thumb Code    22  softserial.o(i.SoftSerial_SendString)
    SysTick_Handler                          0x08003c77   Thumb Code     2  stm32f10x_it.o(i.SysTick_Handler)
    SystemInit                               0x08003c79   Thumb Code    78  system_stm32f10x.o(i.SystemInit)
    TIM4_IRQHandler                          0x08003cd9   Thumb Code     8  stm32f10x_it.o(i.TIM4_IRQHandler)
    TIM_ARRPreloadConfig                     0x08003ce1   Thumb Code    24  stm32f10x_tim.o(i.TIM_ARRPreloadConfig)
    TIM_ClearITPendingBit                    0x08003cf9   Thumb Code     6  stm32f10x_tim.o(i.TIM_ClearITPendingBit)
    TIM_Cmd                                  0x08003cff   Thumb Code    24  stm32f10x_tim.o(i.TIM_Cmd)
    TIM_CtrlPWMOutputs                       0x08003d17   Thumb Code    30  stm32f10x_tim.o(i.TIM_CtrlPWMOutputs)
    TIM_EncoderInterfaceConfig               0x08003d35   Thumb Code    66  stm32f10x_tim.o(i.TIM_EncoderInterfaceConfig)
    TIM_GetCounter                           0x08003d77   Thumb Code     6  stm32f10x_tim.o(i.TIM_GetCounter)
    TIM_GetITStatus                          0x08003d7d   Thumb Code    34  stm32f10x_tim.o(i.TIM_GetITStatus)
    TIM_ITConfig                             0x08003d9f   Thumb Code    18  stm32f10x_tim.o(i.TIM_ITConfig)
    TIM_OC1Init                              0x08003db1   Thumb Code   132  stm32f10x_tim.o(i.TIM_OC1Init)
    TIM_OC1PreloadConfig                     0x08003e49   Thumb Code    18  stm32f10x_tim.o(i.TIM_OC1PreloadConfig)
    TIM_OC2Init                              0x08003e5d   Thumb Code   154  stm32f10x_tim.o(i.TIM_OC2Init)
    TIM_OC2PreloadConfig                     0x08003f01   Thumb Code    26  stm32f10x_tim.o(i.TIM_OC2PreloadConfig)
    TIM_OCStructInit                         0x08003f1b   Thumb Code    20  stm32f10x_tim.o(i.TIM_OCStructInit)
    TIM_SetCompare1                          0x08003f2f   Thumb Code     4  stm32f10x_tim.o(i.TIM_SetCompare1)
    TIM_SetCompare2                          0x08003f33   Thumb Code     4  stm32f10x_tim.o(i.TIM_SetCompare2)
    TIM_SetCounter                           0x08003f37   Thumb Code     4  stm32f10x_tim.o(i.TIM_SetCounter)
    TIM_TimeBaseInit                         0x08003f3d   Thumb Code   122  stm32f10x_tim.o(i.TIM_TimeBaseInit)
    USART1_IRQHandler                        0x08003fe1   Thumb Code   122  usart.o(i.USART1_IRQHandler)
    USART2_IRQHandler                        0x08004069   Thumb Code   124  vofa.o(i.USART2_IRQHandler)
    USART_Cmd                                0x080040f9   Thumb Code    24  stm32f10x_usart.o(i.USART_Cmd)
    USART_GetFlagStatus                      0x08004111   Thumb Code    26  stm32f10x_usart.o(i.USART_GetFlagStatus)
    USART_GetITStatus                        0x0800412b   Thumb Code    84  stm32f10x_usart.o(i.USART_GetITStatus)
    USART_ITConfig                           0x0800417f   Thumb Code    74  stm32f10x_usart.o(i.USART_ITConfig)
    USART_Init                               0x080041c9   Thumb Code   210  stm32f10x_usart.o(i.USART_Init)
    USART_ReceiveData                        0x080042a1   Thumb Code    10  stm32f10x_usart.o(i.USART_ReceiveData)
    USART_SendData                           0x080042ab   Thumb Code     8  stm32f10x_usart.o(i.USART_SendData)
    UsageFault_Handler                       0x080042b3   Thumb Code    10  stm32f10x_it.o(i.UsageFault_Handler)
    VOFA_Init                                0x08004379   Thumb Code   212  vofa.o(i.VOFA_Init)
    VOFA_SendString                          0x080044bd   Thumb Code    66  vofa.o(i.VOFA_SendString)
    VOFA_TakeCommand                         0x08004505   Thumb Code   158  vofa.o(i.VOFA_TakeCommand)
    __ARM_fpclassify                         0x08004619   Thumb Code    40  fpclassify.o(i.__ARM_fpclassify)
    __ARM_fpclassifyf                        0x08004641   Thumb Code    38  fpclassifyf.o(i.__ARM_fpclassifyf)
    __mathlib_dbl_overflow                   0x08004667   Thumb Code    14  dunder.o(i.__mathlib_dbl_overflow)
    __mathlib_dbl_underflow                  0x08004675   Thumb Code    10  dunder.o(i.__mathlib_dbl_underflow)
    __mathlib_flt_infnan                     0x08004685   Thumb Code     6  funder.o(i.__mathlib_flt_infnan)
    __mathlib_flt_infnan2                    0x0800468b   Thumb Code     4  funder.o(i.__mathlib_flt_infnan2)
    __mathlib_flt_invalid                    0x0800468f   Thumb Code     8  funder.o(i.__mathlib_flt_invalid)
    __mathlib_flt_underflow                  0x08004697   Thumb Code    10  funder.o(i.__mathlib_flt_underflow)
    __mathlib_narrow                         0x080046a1   Thumb Code    16  narrow.o(i.__mathlib_narrow)
    __mathlib_tofloat                        0x080046b1   Thumb Code   184  narrow.o(i.__mathlib_tofloat)
    __support_ldexp                          0x0800476d   Thumb Code    22  ldexp.o(i.__support_ldexp)
    _is_digit                                0x08004783   Thumb Code    14  __printf_wp.o(i._is_digit)
    _sys_exit                                0x08004791   Thumb Code     4  usart.o(i._sys_exit)
    asinf                                    0x0800520d   Thumb Code   254  asinf.o(i.asinf)
    atan2f                                   0x08005331   Thumb Code   528  atan2f.o(i.atan2f)
    atof                                     0x0800558d   Thumb Code    42  atof.o(i.atof)
    frexp                                    0x08006215   Thumb Code    80  frexp.o(i.frexp)
    ldexp                                    0x0800626d   Thumb Code   116  ldexp.o(i.ldexp)
    main                                     0x080062e1   Thumb Code   108  main.o(i.main)
    sqrtf                                    0x080063a9   Thumb Code    44  sqrtf.o(i.sqrtf)
    _get_lc_numeric                          0x080063e5   Thumb Code    44  lc_numeric_c.o(locale$$code)
    _get_lc_ctype                            0x08006411   Thumb Code    44  lc_ctype_c.o(locale$$code)
    __aeabi_d2f                              0x0800643d   Thumb Code     0  d2f.o(x$fpl$d2f)
    _d2f                                     0x0800643d   Thumb Code    98  d2f.o(x$fpl$d2f)
    __fpl_dcheck_NaN1                        0x080064a1   Thumb Code    10  dcheck1.o(x$fpl$dcheck1)
    __fpl_dcmp_Inf                           0x080064b1   Thumb Code    24  dcmpi.o(x$fpl$dcmpinf)
    __aeabi_cdcmpeq                          0x080064c9   Thumb Code     0  deqf.o(x$fpl$deqf)
    _dcmpeq                                  0x080064c9   Thumb Code   120  deqf.o(x$fpl$deqf)
    __aeabi_cdcmple                          0x08006541   Thumb Code     0  dleqf.o(x$fpl$dleqf)
    _dcmple                                  0x08006541   Thumb Code   120  dleqf.o(x$fpl$dleqf)
    __fpl_dcmple_InfNaN                      0x080065a3   Thumb Code     0  dleqf.o(x$fpl$dleqf)
    __fpl_dnaninf                            0x080065b9   Thumb Code   156  dnaninf.o(x$fpl$dnaninf)
    __fpl_dretinf                            0x08006655   Thumb Code    12  dretinf.o(x$fpl$dretinf)
    __aeabi_cdrcmple                         0x08006661   Thumb Code     0  drleqf.o(x$fpl$drleqf)
    _drcmple                                 0x08006661   Thumb Code   108  drleqf.o(x$fpl$drleqf)
    __aeabi_f2d                              0x080066cd   Thumb Code     0  f2d.o(x$fpl$f2d)
    _f2d                                     0x080066cd   Thumb Code    86  f2d.o(x$fpl$f2d)
    __aeabi_fadd                             0x08006725   Thumb Code     0  faddsub_clz.o(x$fpl$fadd)
    _fadd                                    0x08006725   Thumb Code   196  faddsub_clz.o(x$fpl$fadd)
    __fpl_fcheck_NaN1                        0x080067e9   Thumb Code     6  fcheck1.o(x$fpl$fcheck1)
    __fpl_fcmp_Inf                           0x080067f5   Thumb Code    24  fcmpi.o(x$fpl$fcmpinf)
    __aeabi_fdiv                             0x0800680d   Thumb Code     0  fdiv.o(x$fpl$fdiv)
    _fdiv                                    0x0800680d   Thumb Code   384  fdiv.o(x$fpl$fdiv)
    __aeabi_f2iz                             0x08006991   Thumb Code     0  ffix.o(x$fpl$ffix)
    _ffix                                    0x08006991   Thumb Code    54  ffix.o(x$fpl$ffix)
    __aeabi_i2f                              0x080069c9   Thumb Code     0  fflt_clz.o(x$fpl$fflt)
    _fflt                                    0x080069c9   Thumb Code    48  fflt_clz.o(x$fpl$fflt)
    __aeabi_ui2f                             0x080069f9   Thumb Code     0  fflt_clz.o(x$fpl$ffltu)
    _ffltu                                   0x080069f9   Thumb Code    38  fflt_clz.o(x$fpl$ffltu)
    __aeabi_cfcmple                          0x08006a21   Thumb Code     0  fleqf.o(x$fpl$fleqf)
    _fcmple                                  0x08006a21   Thumb Code   104  fleqf.o(x$fpl$fleqf)
    __fpl_fcmple_InfNaN                      0x08006a73   Thumb Code     0  fleqf.o(x$fpl$fleqf)
    __aeabi_fmul                             0x08006a89   Thumb Code     0  fmul.o(x$fpl$fmul)
    _fmul                                    0x08006a89   Thumb Code   258  fmul.o(x$fpl$fmul)
    __fpl_fnaninf                            0x08006b8b   Thumb Code   140  fnaninf.o(x$fpl$fnaninf)
    __fpl_fretinf                            0x08006c17   Thumb Code    10  fretinf.o(x$fpl$fretinf)
    __aeabi_cfrcmple                         0x08006c21   Thumb Code     0  frleqf.o(x$fpl$frleqf)
    _frcmple                                 0x08006c21   Thumb Code    98  frleqf.o(x$fpl$frleqf)
    __aeabi_frsub                            0x08006c83   Thumb Code     0  faddsub_clz.o(x$fpl$frsb)
    _frsb                                    0x08006c83   Thumb Code    20  faddsub_clz.o(x$fpl$frsb)
    _fsqrt                                   0x08006c99   Thumb Code   272  fsqrt.o(x$fpl$fsqrt)
    __aeabi_fsub                             0x08006da9   Thumb Code     0  faddsub_clz.o(x$fpl$fsub)
    _fsub                                    0x08006da9   Thumb Code   234  faddsub_clz.o(x$fpl$fsub)
    __ieee_status                            0x08006e93   Thumb Code     6  istatus.o(x$fpl$ieeestatus)
    _printf_fp_dec                           0x08006e99   Thumb Code     4  printf1.o(x$fpl$printf1)
    __fpl_return_NaN                         0x08006e9d   Thumb Code   100  retnan.o(x$fpl$retnan)
    __ARM_scalbn                             0x08006f01   Thumb Code    92  scalbn.o(x$fpl$scalbn)
    __ARM_scalbnf                            0x08006f5d   Thumb Code    76  scalbnf.o(x$fpl$scalbnf)
    _scanf_real                              0x08006fa9   Thumb Code     4  scanf1.o(x$fpl$scanf1)
    _scanf_hex_real                          0x08006fad   Thumb Code     4  scanf2.o(x$fpl$scanf2)
    _scanf_infnan                            0x08006fb1   Thumb Code     4  scanf2.o(x$fpl$scanf2)
    __fpl_cmpreturn                          0x08006fb5   Thumb Code    48  trapv.o(x$fpl$trapveneer)
    OLED_F8x16                               0x08006fe4   Data        1520  oled_font.o(.constdata)
    __I$use$fp                               0x08006fe4   Number         0  usenofp.o(x$fpl$usenofp)
    Region$$Table$$Base                      0x080076d0   Number         0  anon$$obj.o(Region$$Table)
    Region$$Table$$Limit                     0x080076f0   Number         0  anon$$obj.o(Region$$Table)
    __aeabi_HUGE_VAL                         0x080076f0   Data           0  fpconst.o(c$$dinf)
    __aeabi_HUGE_VALL                        0x080076f0   Data           0  fpconst.o(c$$dinf)
    __aeabi_INFINITY                         0x080076f0   Data           0  fpconst.o(c$$dinf)
    __dInf                                   0x080076f0   Data           0  fpconst.o(c$$dinf)
    __huge_val                               0x080076f0   Data           0  fpconst.o(c$$dinf)
    __dbl_max                                0x080076f8   Data           0  fpconst.o(c$$dmax)
    __ctype                                  0x08007729   Data           0  lc_ctype_c.o(locale$$data)
    __stdout                                 0x20000014   Data           4  usart.o(.data)
    USART_RX_STA                             0x20000018   Data           2  usart.o(.data)
    USART_RX_BUF                             0x2000006c   Data         200  usart.o(.bss)
    __libspace_start                         0x20000c88   Data          96  libspace.o(.bss)
    __temporary_stack_top$libspace           0x20000ce8   Data           0  libspace.o(.bss)



==============================================================================

Memory Map of the image

  Image Entry point : 0x080000ed

  Load Region LR_IROM1 (Base: 0x08000000, Size: 0x00007898, Max: 0x00010000, ABSOLUTE)

    Execution Region ER_IROM1 (Exec base: 0x08000000, Load base: 0x08000000, Size: 0x0000782c, Max: 0x00010000, ABSOLUTE)

    Exec Addr    Load Addr    Size         Type   Attr      Idx    E Section Name        Object

    0x08000000   0x08000000   0x000000ec   Data   RO           19    RESET               startup_stm32f10x_md.o
    0x080000ec   0x080000ec   0x00000008   Code   RO         4478  * !!!main             c_w.l(__main.o)
    0x080000f4   0x080000f4   0x00000034   Code   RO         4887    !!!scatter          c_w.l(__scatter.o)
    0x08000128   0x08000128   0x0000001a   Code   RO         4889    !!handler_copy      c_w.l(__scatter_copy.o)
    0x08000142   0x08000142   0x00000002   PAD
    0x08000144   0x08000144   0x0000001c   Code   RO         4891    !!handler_zi        c_w.l(__scatter_zi.o)
    0x08000160   0x08000160   0x00000000   Code   RO         4463    .ARM.Collect$$_printf_percent$$00000000  c_w.l(_printf_percent.o)
    0x08000160   0x08000160   0x00000006   Code   RO         4462    .ARM.Collect$$_printf_percent$$00000003  c_w.l(_printf_f.o)
    0x08000166   0x08000166   0x00000006   Code   RO         4460    .ARM.Collect$$_printf_percent$$00000009  c_w.l(_printf_d.o)
    0x0800016c   0x0800016c   0x00000006   Code   RO         4461    .ARM.Collect$$_printf_percent$$0000000A  c_w.l(_printf_u.o)
    0x08000172   0x08000172   0x00000006   Code   RO         4459    .ARM.Collect$$_printf_percent$$00000014  c_w.l(_printf_s.o)
    0x08000178   0x08000178   0x00000004   Code   RO         4549    .ARM.Collect$$_printf_percent$$00000017  c_w.l(_printf_percent_end.o)
    0x0800017c   0x0800017c   0x00000002   Code   RO         4678    .ARM.Collect$$libinit$$00000000  c_w.l(libinit.o)
    0x0800017e   0x0800017e   0x00000000   Code   RO         4680    .ARM.Collect$$libinit$$00000002  c_w.l(libinit2.o)
    0x0800017e   0x0800017e   0x00000000   Code   RO         4682    .ARM.Collect$$libinit$$00000004  c_w.l(libinit2.o)
    0x0800017e   0x0800017e   0x00000000   Code   RO         4685    .ARM.Collect$$libinit$$0000000A  c_w.l(libinit2.o)
    0x0800017e   0x0800017e   0x00000000   Code   RO         4687    .ARM.Collect$$libinit$$0000000C  c_w.l(libinit2.o)
    0x0800017e   0x0800017e   0x00000000   Code   RO         4689    .ARM.Collect$$libinit$$0000000E  c_w.l(libinit2.o)
    0x0800017e   0x0800017e   0x00000006   Code   RO         4690    .ARM.Collect$$libinit$$0000000F  c_w.l(libinit2.o)
    0x08000184   0x08000184   0x00000000   Code   RO         4692    .ARM.Collect$$libinit$$00000011  c_w.l(libinit2.o)
    0x08000184   0x08000184   0x0000000c   Code   RO         4693    .ARM.Collect$$libinit$$00000012  c_w.l(libinit2.o)
    0x08000190   0x08000190   0x00000000   Code   RO         4694    .ARM.Collect$$libinit$$00000013  c_w.l(libinit2.o)
    0x08000190   0x08000190   0x00000000   Code   RO         4696    .ARM.Collect$$libinit$$00000015  c_w.l(libinit2.o)
    0x08000190   0x08000190   0x0000000a   Code   RO         4697    .ARM.Collect$$libinit$$00000016  c_w.l(libinit2.o)
    0x0800019a   0x0800019a   0x00000000   Code   RO         4698    .ARM.Collect$$libinit$$00000017  c_w.l(libinit2.o)
    0x0800019a   0x0800019a   0x00000000   Code   RO         4700    .ARM.Collect$$libinit$$00000019  c_w.l(libinit2.o)
    0x0800019a   0x0800019a   0x00000000   Code   RO         4702    .ARM.Collect$$libinit$$0000001B  c_w.l(libinit2.o)
    0x0800019a   0x0800019a   0x00000000   Code   RO         4704    .ARM.Collect$$libinit$$0000001D  c_w.l(libinit2.o)
    0x0800019a   0x0800019a   0x00000000   Code   RO         4706    .ARM.Collect$$libinit$$0000001F  c_w.l(libinit2.o)
    0x0800019a   0x0800019a   0x00000000   Code   RO         4708    .ARM.Collect$$libinit$$00000021  c_w.l(libinit2.o)
    0x0800019a   0x0800019a   0x00000000   Code   RO         4710    .ARM.Collect$$libinit$$00000023  c_w.l(libinit2.o)
    0x0800019a   0x0800019a   0x00000000   Code   RO         4712    .ARM.Collect$$libinit$$00000025  c_w.l(libinit2.o)
    0x0800019a   0x0800019a   0x00000000   Code   RO         4716    .ARM.Collect$$libinit$$0000002C  c_w.l(libinit2.o)
    0x0800019a   0x0800019a   0x00000000   Code   RO         4718    .ARM.Collect$$libinit$$0000002E  c_w.l(libinit2.o)
    0x0800019a   0x0800019a   0x00000000   Code   RO         4720    .ARM.Collect$$libinit$$00000030  c_w.l(libinit2.o)
    0x0800019a   0x0800019a   0x00000000   Code   RO         4722    .ARM.Collect$$libinit$$00000032  c_w.l(libinit2.o)
    0x0800019a   0x0800019a   0x00000002   Code   RO         4723    .ARM.Collect$$libinit$$00000033  c_w.l(libinit2.o)
    0x0800019c   0x0800019c   0x00000002   Code   RO         4790    .ARM.Collect$$libshutdown$$00000000  c_w.l(libshutdown.o)
    0x0800019e   0x0800019e   0x00000000   Code   RO         4817    .ARM.Collect$$libshutdown$$00000002  c_w.l(libshutdown2.o)
    0x0800019e   0x0800019e   0x00000000   Code   RO         4819    .ARM.Collect$$libshutdown$$00000004  c_w.l(libshutdown2.o)
    0x0800019e   0x0800019e   0x00000000   Code   RO         4822    .ARM.Collect$$libshutdown$$00000007  c_w.l(libshutdown2.o)
    0x0800019e   0x0800019e   0x00000000   Code   RO         4825    .ARM.Collect$$libshutdown$$0000000A  c_w.l(libshutdown2.o)
    0x0800019e   0x0800019e   0x00000000   Code   RO         4827    .ARM.Collect$$libshutdown$$0000000C  c_w.l(libshutdown2.o)
    0x0800019e   0x0800019e   0x00000000   Code   RO         4830    .ARM.Collect$$libshutdown$$0000000F  c_w.l(libshutdown2.o)
    0x0800019e   0x0800019e   0x00000002   Code   RO         4831    .ARM.Collect$$libshutdown$$00000010  c_w.l(libshutdown2.o)
    0x080001a0   0x080001a0   0x00000000   Code   RO         4534    .ARM.Collect$$rtentry$$00000000  c_w.l(__rtentry.o)
    0x080001a0   0x080001a0   0x00000000   Code   RO         4590    .ARM.Collect$$rtentry$$00000002  c_w.l(__rtentry2.o)
    0x080001a0   0x080001a0   0x00000006   Code   RO         4602    .ARM.Collect$$rtentry$$00000004  c_w.l(__rtentry4.o)
    0x080001a6   0x080001a6   0x00000000   Code   RO         4592    .ARM.Collect$$rtentry$$00000009  c_w.l(__rtentry2.o)
    0x080001a6   0x080001a6   0x00000004   Code   RO         4593    .ARM.Collect$$rtentry$$0000000A  c_w.l(__rtentry2.o)
    0x080001aa   0x080001aa   0x00000000   Code   RO         4595    .ARM.Collect$$rtentry$$0000000C  c_w.l(__rtentry2.o)
    0x080001aa   0x080001aa   0x00000008   Code   RO         4596    .ARM.Collect$$rtentry$$0000000D  c_w.l(__rtentry2.o)
    0x080001b2   0x080001b2   0x00000002   Code   RO         4726    .ARM.Collect$$rtexit$$00000000  c_w.l(rtexit.o)
    0x080001b4   0x080001b4   0x00000000   Code   RO         4754    .ARM.Collect$$rtexit$$00000002  c_w.l(rtexit2.o)
    0x080001b4   0x080001b4   0x00000004   Code   RO         4755    .ARM.Collect$$rtexit$$00000003  c_w.l(rtexit2.o)
    0x080001b8   0x080001b8   0x00000006   Code   RO         4756    .ARM.Collect$$rtexit$$00000004  c_w.l(rtexit2.o)
    0x080001be   0x080001be   0x00000002   PAD
    0x080001c0   0x080001c0   0x00000040   Code   RO           20    .text               startup_stm32f10x_md.o
    0x08000200   0x08000200   0x00000002   Code   RO         4425    .text               c_w.l(use_no_semi_2.o)
    0x08000202   0x08000202   0x00000002   PAD
    0x08000204   0x08000204   0x00000034   Code   RO         4429    .text               c_w.l(noretval__2snprintf.o)
    0x08000238   0x08000238   0x0000004e   Code   RO         4433    .text               c_w.l(_printf_pad.o)
    0x08000286   0x08000286   0x00000052   Code   RO         4435    .text               c_w.l(_printf_str.o)
    0x080002d8   0x080002d8   0x00000078   Code   RO         4437    .text               c_w.l(_printf_dec.o)
    0x08000350   0x08000350   0x00000138   Code   RO         4451    .text               c_w.l(__printf_flags_wp.o)
    0x08000488   0x08000488   0x00000014   Code   RO         4464    .text               c_w.l(strchr.o)
    0x0800049c   0x0800049c   0x00000024   Code   RO         4466    .text               c_w.l(strstr.o)
    0x080004c0   0x080004c0   0x00000096   Code   RO         4468    .text               c_w.l(strncmp.o)
    0x08000556   0x08000556   0x00000044   Code   RO         4470    .text               c_w.l(rt_memclr.o)
    0x0800059a   0x0800059a   0x0000004e   Code   RO         4472    .text               c_w.l(rt_memclr_w.o)
    0x080005e8   0x080005e8   0x00000080   Code   RO         4474    .text               c_w.l(strcmpv7m.o)
    0x08000668   0x08000668   0x00000006   Code   RO         4476    .text               c_w.l(heapauxi.o)
    0x0800066e   0x0800066e   0x00000002   Code   RO         4532    .text               c_w.l(use_no_semi.o)
    0x08000670   0x08000670   0x00000016   Code   RO         4535    .text               c_w.l(_rserrno.o)
    0x08000686   0x08000686   0x000000b2   Code   RO         4537    .text               c_w.l(_printf_intcommon.o)
    0x08000738   0x08000738   0x0000041e   Code   RO         4539    .text               c_w.l(_printf_fp_dec.o)
    0x08000b56   0x08000b56   0x00000002   PAD
    0x08000b58   0x08000b58   0x00000030   Code   RO         4541    .text               c_w.l(_printf_char_common.o)
    0x08000b88   0x08000b88   0x0000000a   Code   RO         4543    .text               c_w.l(_sputc.o)
    0x08000b92   0x08000b92   0x00000010   Code   RO         4545    .text               c_w.l(_snputc.o)
    0x08000ba2   0x08000ba2   0x0000002c   Code   RO         4547    .text               c_w.l(_printf_char.o)
    0x08000bce   0x08000bce   0x00000002   PAD
    0x08000bd0   0x08000bd0   0x000000a4   Code   RO         4550    .text               c_w.l(strtod.o)
    0x08000c74   0x08000c74   0x00000008   Code   RO         4607    .text               c_w.l(rt_locale_intlibspace.o)
    0x08000c7c   0x08000c7c   0x00000008   Code   RO         4612    .text               c_w.l(rt_errno_addr_intlibspace.o)
    0x08000c84   0x08000c84   0x0000008a   Code   RO         4614    .text               c_w.l(lludiv10.o)
    0x08000d0e   0x08000d0e   0x00000012   Code   RO         4616    .text               c_w.l(isspace.o)
    0x08000d20   0x08000d20   0x00000080   Code   RO         4618    .text               c_w.l(_printf_fp_infnan.o)
    0x08000da0   0x08000da0   0x00000040   Code   RO         4622    .text               c_w.l(_sgetc.o)
    0x08000de0   0x08000de0   0x000000e4   Code   RO         4624    .text               c_w.l(bigflt0.o)
    0x08000ec4   0x08000ec4   0x00000008   Code   RO         4662    .text               c_w.l(libspace.o)
    0x08000ecc   0x08000ecc   0x0000004a   Code   RO         4665    .text               c_w.l(sys_stackheap_outer.o)
    0x08000f16   0x08000f16   0x00000002   PAD
    0x08000f18   0x08000f18   0x00000010   Code   RO         4667    .text               c_w.l(rt_ctype_table.o)
    0x08000f28   0x08000f28   0x000004f8   Code   RO         4669    .text               c_w.l(scanf_fp.o)
    0x08001420   0x08001420   0x00000012   Code   RO         4671    .text               c_w.l(exit.o)
    0x08001432   0x08001432   0x00000002   PAD
    0x08001434   0x08001434   0x00000320   Code   RO         4760    .text               c_w.l(scanf_hexfp.o)
    0x08001754   0x08001754   0x00000134   Code   RO         4762    .text               c_w.l(scanf_infnan.o)
    0x08001888   0x08001888   0x00000026   Code   RO         4780    .text               c_w.l(llshl.o)
    0x080018ae   0x080018ae   0x0000001c   Code   RO         4782    .text               c_w.l(_chval.o)
    0x080018ca   0x080018ca   0x0000003e   Code   RO         4627    CL$$btod_d2e        c_w.l(btod.o)
    0x08001908   0x08001908   0x00000046   Code   RO         4629    CL$$btod_d2e_denorm_low  c_w.l(btod.o)
    0x0800194e   0x0800194e   0x00000060   Code   RO         4628    CL$$btod_d2e_norm_op1  c_w.l(btod.o)
    0x080019ae   0x080019ae   0x00000338   Code   RO         4637    CL$$btod_div_common  c_w.l(btod.o)
    0x08001ce6   0x08001ce6   0x00000002   PAD
    0x08001ce8   0x08001ce8   0x00000084   Code   RO         4635    CL$$btod_e2d        c_w.l(btod.o)
    0x08001d6c   0x08001d6c   0x000000dc   Code   RO         4634    CL$$btod_e2e        c_w.l(btod.o)
    0x08001e48   0x08001e48   0x0000002a   Code   RO         4631    CL$$btod_ediv       c_w.l(btod.o)
    0x08001e72   0x08001e72   0x0000002a   Code   RO         4633    CL$$btod_edivd      c_w.l(btod.o)
    0x08001e9c   0x08001e9c   0x0000002a   Code   RO         4630    CL$$btod_emul       c_w.l(btod.o)
    0x08001ec6   0x08001ec6   0x0000002a   Code   RO         4632    CL$$btod_emuld      c_w.l(btod.o)
    0x08001ef0   0x08001ef0   0x00000244   Code   RO         4636    CL$$btod_mult_common  c_w.l(btod.o)
    0x08002134   0x08002134   0x000000d0   Code   RO         4200    i.AppModeManager_Init  appmodemanager.o
    0x08002204   0x08002204   0x0000005e   Code   RO         4201    i.AppModeManager_Process  appmodemanager.o
    0x08002262   0x08002262   0x00000002   PAD
    0x08002264   0x08002264   0x00000060   Code   RO         4055    i.AppStraightController_Init  appstraightcontroller.o
    0x080022c4   0x080022c4   0x0000000e   Code   RO         4056    i.AppStraightController_LockHeading  appstraightcontroller.o
    0x080022d2   0x080022d2   0x00000014   Code   RO         4057    i.AppStraightController_SetHeadingPid  appstraightcontroller.o
    0x080022e6   0x080022e6   0x00000014   Code   RO         4058    i.AppStraightController_SetSpeedPid  appstraightcontroller.o
    0x080022fa   0x080022fa   0x0000000a   Code   RO         4059    i.AppStraightController_SetTargetSpeed  appstraightcontroller.o
    0x08002304   0x08002304   0x0000003c   Code   RO         4060    i.AppStraightController_Start  appstraightcontroller.o
    0x08002340   0x08002340   0x000001d4   Code   RO         4061    i.AppStraightController_Step  appstraightcontroller.o
    0x08002514   0x08002514   0x00000018   Code   RO         4062    i.AppStraightController_Stop  appstraightcontroller.o
    0x0800252c   0x0800252c   0x00000070   Code   RO         4139    i.AppTrackController_Init  apptrackcontroller.o
    0x0800259c   0x0800259c   0x00000014   Code   RO         4140    i.AppTrackController_SetLinePid  apptrackcontroller.o
    0x080025b0   0x080025b0   0x00000016   Code   RO         4141    i.AppTrackController_SetSpeedPid  apptrackcontroller.o
    0x080025c6   0x080025c6   0x0000000a   Code   RO         4142    i.AppTrackController_SetTargetSpeed  apptrackcontroller.o
    0x080025d0   0x080025d0   0x0000003e   Code   RO         4143    i.AppTrackController_Start  apptrackcontroller.o
    0x0800260e   0x0800260e   0x00000002   PAD
    0x08002610   0x08002610   0x000002c0   Code   RO         4144    i.AppTrackController_Step  apptrackcontroller.o
    0x080028d0   0x080028d0   0x00000016   Code   RO         4145    i.AppTrackController_Stop  apptrackcontroller.o
    0x080028e6   0x080028e6   0x00000002   PAD
    0x080028e8   0x080028e8   0x0000001c   Code   RO          431    i.BKP_ReadBackupRegister  stm32f10x_bkp.o
    0x08002904   0x08002904   0x0000001c   Code   RO          435    i.BKP_WriteBackupRegister  stm32f10x_bkp.o
    0x08002920   0x08002920   0x00000028   Code   RO         3530    i.BspControlTick_ConsumeOneTick  bspcontroltick.o
    0x08002948   0x08002948   0x00000088   Code   RO         3532    i.BspControlTick_Init  bspcontroltick.o
    0x080029d0   0x080029d0   0x00000044   Code   RO         3533    i.BspControlTick_IrqHandler  bspcontroltick.o
    0x08002a14   0x08002a14   0x00000030   Code   RO         3568    i.BspFaultTrace_StoreAndReset  bspfaulttrace.o
    0x08002a44   0x08002a44   0x0000000a   Code   RO         4357    i.BusFault_Handler  stm32f10x_it.o
    0x08002a4e   0x08002a4e   0x00000002   Code   RO         4358    i.DebugMon_Handler  stm32f10x_it.o
    0x08002a50   0x08002a50   0x00000018   Code   RO         3196    i.Delay_ms          delay.o
    0x08002a68   0x08002a68   0x0000002e   Code   RO         3198    i.Delay_us          delay.o
    0x08002a96   0x08002a96   0x00000008   Code   RO         3598    i.DrvDisplay_Init   drvdisplay.o
    0x08002a9e   0x08002a9e   0x00000048   Code   RO         3599    i.DrvDisplay_ShowLine  drvdisplay.o
    0x08002ae6   0x08002ae6   0x00000002   PAD
    0x08002ae8   0x08002ae8   0x000000d4   Code   RO         3751    i.DrvEncoder_Init   drvencoder.o
    0x08002bbc   0x08002bbc   0x0000001c   Code   RO         3752    i.DrvEncoder_Reset  drvencoder.o
    0x08002bd8   0x08002bd8   0x0000009c   Code   RO         3753    i.DrvEncoder_Sample  drvencoder.o
    0x08002c74   0x08002c74   0x00000016   Code   RO         3843    i.DrvImuBno08x_GetYawError  drvimubno08x.o
    0x08002c8a   0x08002c8a   0x00000002   PAD
    0x08002c8c   0x08002c8c   0x00000138   Code   RO         3844    i.DrvImuBno08x_Init  drvimubno08x.o
    0x08002dc4   0x08002dc4   0x000000a0   Code   RO         3846    i.DrvImuBno08x_Read  drvimubno08x.o
    0x08002e64   0x08002e64   0x00000030   Code   RO         3847    i.DrvImuBno08x_ResetAttitude  drvimubno08x.o
    0x08002e94   0x08002e94   0x00000160   Code   RO         3849    i.DrvImuBno08x_UpdateYaw  drvimubno08x.o
    0x08002ff4   0x08002ff4   0x0000005c   Code   RO         3664    i.DrvKey_Init       drvkey.o
    0x08003050   0x08003050   0x00000088   Code   RO         3665    i.DrvKey_Poll       drvkey.o
    0x080030d8   0x080030d8   0x00000038   Code   RO         3695    i.DrvMotor_Apply    drvmotor.o
    0x08003110   0x08003110   0x000000f0   Code   RO         3696    i.DrvMotor_Init     drvmotor.o
    0x08003200   0x08003200   0x00000038   Code   RO         3697    i.DrvMotor_SetEnabled  drvmotor.o
    0x08003238   0x08003238   0x00000010   Code   RO         3698    i.DrvMotor_Stop     drvmotor.o
    0x08003248   0x08003248   0x00000008   Code   RO         3622    i.DrvTelemetry_Init  drvtelemetry.o
    0x08003250   0x08003250   0x0000000c   Code   RO         3625    i.DrvTelemetry_SendText  drvtelemetry.o
    0x0800325c   0x0800325c   0x00000010   Code   RO         3626    i.DrvTelemetry_TryReadCommand  drvtelemetry.o
    0x0800326c   0x0800326c   0x00000074   Code   RO         3811    i.DrvTrackSensor_Init  drvtracksensor.o
    0x080032e0   0x080032e0   0x000000e0   Code   RO         3812    i.DrvTrackSensor_Sample  drvtracksensor.o
    0x080033c0   0x080033c0   0x00000034   Code   RO         3569    i.FaultTrace_GetAndClearCode  bspfaulttrace.o
    0x080033f4   0x080033f4   0x00000116   Code   RO         1347    i.GPIO_Init         stm32f10x_gpio.o
    0x0800350a   0x0800350a   0x00000002   PAD
    0x0800350c   0x0800350c   0x00000090   Code   RO         1349    i.GPIO_PinRemapConfig  stm32f10x_gpio.o
    0x0800359c   0x0800359c   0x00000012   Code   RO         1351    i.GPIO_ReadInputDataBit  stm32f10x_gpio.o
    0x080035ae   0x080035ae   0x00000004   Code   RO         1354    i.GPIO_ResetBits    stm32f10x_gpio.o
    0x080035b2   0x080035b2   0x00000004   Code   RO         1355    i.GPIO_SetBits      stm32f10x_gpio.o
    0x080035b6   0x080035b6   0x0000000a   Code   RO         1358    i.GPIO_WriteBit     stm32f10x_gpio.o
    0x080035c0   0x080035c0   0x0000000a   Code   RO         4359    i.HardFault_Handler  stm32f10x_it.o
    0x080035ca   0x080035ca   0x00000002   PAD
    0x080035cc   0x080035cc   0x00000088   Code   RO         4313    i.Main_GetResetCause  main.o
    0x08003654   0x08003654   0x0000000a   Code   RO         4360    i.MemManage_Handler  stm32f10x_it.o
    0x0800365e   0x0800365e   0x00000002   Code   RO         4361    i.NMI_Handler       stm32f10x_it.o
    0x08003660   0x08003660   0x00000070   Code   RO          137    i.NVIC_Init         misc.o
    0x080036d0   0x080036d0   0x00000014   Code   RO          138    i.NVIC_PriorityGroupConfig  misc.o
    0x080036e4   0x080036e4   0x0000002a   Code   RO         3276    i.OLED_Clear        oled.o
    0x0800370e   0x0800370e   0x00000002   PAD
    0x08003710   0x08003710   0x00000048   Code   RO         3277    i.OLED_I2C_Init     oled.o
    0x08003758   0x08003758   0x00000042   Code   RO         3278    i.OLED_I2C_SendByte  oled.o
    0x0800379a   0x0800379a   0x00000024   Code   RO         3279    i.OLED_I2C_Start    oled.o
    0x080037be   0x080037be   0x0000001e   Code   RO         3280    i.OLED_I2C_Stop     oled.o
    0x080037dc   0x080037dc   0x00000096   Code   RO         3281    i.OLED_Init         oled.o
    0x08003872   0x08003872   0x00000022   Code   RO         3283    i.OLED_SetCursor    oled.o
    0x08003894   0x08003894   0x00000090   Code   RO         3284    i.OLED_ShowChar     oled.o
    0x08003924   0x08003924   0x0000003a   Code   RO         3287    i.OLED_ShowString   oled.o
    0x0800395e   0x0800395e   0x00000002   PAD
    0x08003960   0x08003960   0x0000001c   Code   RO         3288    i.OLED_W_SCL        oled.o
    0x0800397c   0x0800397c   0x00000020   Code   RO         3289    i.OLED_W_SDA        oled.o
    0x0800399c   0x0800399c   0x00000020   Code   RO         3290    i.OLED_WriteCommand  oled.o
    0x080039bc   0x080039bc   0x00000020   Code   RO         3291    i.OLED_WriteData    oled.o
    0x080039dc   0x080039dc   0x0000000c   Code   RO         1710    i.PWR_BackupAccessCmd  stm32f10x_pwr.o
    0x080039e8   0x080039e8   0x00000002   Code   RO         4362    i.PendSV_Handler    stm32f10x_it.o
    0x080039ea   0x080039ea   0x00000002   PAD
    0x080039ec   0x080039ec   0x00000020   Code   RO         1775    i.RCC_APB1PeriphClockCmd  stm32f10x_rcc.o
    0x08003a0c   0x08003a0c   0x00000020   Code   RO         1777    i.RCC_APB2PeriphClockCmd  stm32f10x_rcc.o
    0x08003a2c   0x08003a2c   0x00000014   Code   RO         1781    i.RCC_ClearFlag     stm32f10x_rcc.o
    0x08003a40   0x08003a40   0x000000d4   Code   RO         1785    i.RCC_GetClocksFreq  stm32f10x_rcc.o
    0x08003b14   0x08003b14   0x0000003c   Code   RO         1786    i.RCC_GetFlagStatus  stm32f10x_rcc.o
    0x08003b50   0x08003b50   0x00000002   Code   RO         4363    i.SVC_Handler       stm32f10x_it.o
    0x08003b52   0x08003b52   0x00000008   Code   RO           24    i.SetSysClock       system_stm32f10x.o
    0x08003b5a   0x08003b5a   0x00000002   PAD
    0x08003b5c   0x08003b5c   0x000000e0   Code   RO           25    i.SetSysClockTo72   system_stm32f10x.o
    0x08003c3c   0x08003c3c   0x00000002   Code   RO         3496    i.SoftSerial_Init   softserial.o
    0x08003c3e   0x08003c3e   0x00000002   PAD
    0x08003c40   0x08003c40   0x00000020   Code   RO         3497    i.SoftSerial_SendByte  softserial.o
    0x08003c60   0x08003c60   0x00000016   Code   RO         3499    i.SoftSerial_SendString  softserial.o
    0x08003c76   0x08003c76   0x00000002   Code   RO         4364    i.SysTick_Handler   stm32f10x_it.o
    0x08003c78   0x08003c78   0x00000060   Code   RO           27    i.SystemInit        system_stm32f10x.o
    0x08003cd8   0x08003cd8   0x00000008   Code   RO         4365    i.TIM4_IRQHandler   stm32f10x_it.o
    0x08003ce0   0x08003ce0   0x00000018   Code   RO         2409    i.TIM_ARRPreloadConfig  stm32f10x_tim.o
    0x08003cf8   0x08003cf8   0x00000006   Code   RO         2416    i.TIM_ClearITPendingBit  stm32f10x_tim.o
    0x08003cfe   0x08003cfe   0x00000018   Code   RO         2421    i.TIM_Cmd           stm32f10x_tim.o
    0x08003d16   0x08003d16   0x0000001e   Code   RO         2423    i.TIM_CtrlPWMOutputs  stm32f10x_tim.o
    0x08003d34   0x08003d34   0x00000042   Code   RO         2430    i.TIM_EncoderInterfaceConfig  stm32f10x_tim.o
    0x08003d76   0x08003d76   0x00000006   Code   RO         2440    i.TIM_GetCounter    stm32f10x_tim.o
    0x08003d7c   0x08003d7c   0x00000022   Code   RO         2442    i.TIM_GetITStatus   stm32f10x_tim.o
    0x08003d9e   0x08003d9e   0x00000012   Code   RO         2446    i.TIM_ITConfig      stm32f10x_tim.o
    0x08003db0   0x08003db0   0x00000098   Code   RO         2450    i.TIM_OC1Init       stm32f10x_tim.o
    0x08003e48   0x08003e48   0x00000012   Code   RO         2453    i.TIM_OC1PreloadConfig  stm32f10x_tim.o
    0x08003e5a   0x08003e5a   0x00000002   PAD
    0x08003e5c   0x08003e5c   0x000000a4   Code   RO         2455    i.TIM_OC2Init       stm32f10x_tim.o
    0x08003f00   0x08003f00   0x0000001a   Code   RO         2458    i.TIM_OC2PreloadConfig  stm32f10x_tim.o
    0x08003f1a   0x08003f1a   0x00000014   Code   RO         2468    i.TIM_OCStructInit  stm32f10x_tim.o
    0x08003f2e   0x08003f2e   0x00000004   Code   RO         2482    i.TIM_SetCompare1   stm32f10x_tim.o
    0x08003f32   0x08003f32   0x00000004   Code   RO         2483    i.TIM_SetCompare2   stm32f10x_tim.o
    0x08003f36   0x08003f36   0x00000004   Code   RO         2486    i.TIM_SetCounter    stm32f10x_tim.o
    0x08003f3a   0x08003f3a   0x00000002   PAD
    0x08003f3c   0x08003f3c   0x000000a4   Code   RO         2492    i.TIM_TimeBaseInit  stm32f10x_tim.o
    0x08003fe0   0x08003fe0   0x00000088   Code   RO         3241    i.USART1_IRQHandler  usart.o
    0x08004068   0x08004068   0x00000090   Code   RO         3390    i.USART2_IRQHandler  vofa.o
    0x080040f8   0x080040f8   0x00000018   Code   RO         2960    i.USART_Cmd         stm32f10x_usart.o
    0x08004110   0x08004110   0x0000001a   Code   RO         2963    i.USART_GetFlagStatus  stm32f10x_usart.o
    0x0800412a   0x0800412a   0x00000054   Code   RO         2964    i.USART_GetITStatus  stm32f10x_usart.o
    0x0800417e   0x0800417e   0x0000004a   Code   RO         2966    i.USART_ITConfig    stm32f10x_usart.o
    0x080041c8   0x080041c8   0x000000d8   Code   RO         2967    i.USART_Init        stm32f10x_usart.o
    0x080042a0   0x080042a0   0x0000000a   Code   RO         2974    i.USART_ReceiveData  stm32f10x_usart.o
    0x080042aa   0x080042aa   0x00000008   Code   RO         2977    i.USART_SendData    stm32f10x_usart.o
    0x080042b2   0x080042b2   0x0000000a   Code   RO         4366    i.UsageFault_Handler  stm32f10x_it.o
    0x080042bc   0x080042bc   0x000000bc   Code   RO         3391    i.VOFA_FeedRxByte   vofa.o
    0x08004378   0x08004378   0x000000f4   Code   RO         3394    i.VOFA_Init         vofa.o
    0x0800446c   0x0800446c   0x00000044   Code   RO         3395    i.VOFA_PollRx       vofa.o
    0x080044b0   0x080044b0   0x0000000c   Code   RO         3396    i.VOFA_SendByte_USB  vofa.o
    0x080044bc   0x080044bc   0x00000048   Code   RO         3399    i.VOFA_SendString   vofa.o
    0x08004504   0x08004504   0x000000ac   Code   RO         3401    i.VOFA_TakeCommand  vofa.o
    0x080045b0   0x080045b0   0x00000054   Code   RO         3402    i.VOFA_TxEnqueueByte  vofa.o
    0x08004604   0x08004604   0x00000014   Code   RO         3403    i.VOFA_TxKick       vofa.o
    0x08004618   0x08004618   0x00000028   Code   RO         4660    i.__ARM_fpclassify  m_ws.l(fpclassify.o)
    0x08004640   0x08004640   0x00000026   Code   RO         4565    i.__ARM_fpclassifyf  m_ws.l(fpclassifyf.o)
    0x08004666   0x08004666   0x0000000e   Code   RO         4838    i.__mathlib_dbl_overflow  m_ws.l(dunder.o)
    0x08004674   0x08004674   0x00000010   Code   RO         4840    i.__mathlib_dbl_underflow  m_ws.l(dunder.o)
    0x08004684   0x08004684   0x00000006   Code   RO         4568    i.__mathlib_flt_infnan  m_ws.l(funder.o)
    0x0800468a   0x0800468a   0x00000004   Code   RO         4569    i.__mathlib_flt_infnan2  m_ws.l(funder.o)
    0x0800468e   0x0800468e   0x00000008   Code   RO         4570    i.__mathlib_flt_invalid  m_ws.l(funder.o)
    0x08004696   0x08004696   0x0000000a   Code   RO         4573    i.__mathlib_flt_underflow  m_ws.l(funder.o)
    0x080046a0   0x080046a0   0x00000010   Code   RO         4747    i.__mathlib_narrow  m_ws.l(narrow.o)
    0x080046b0   0x080046b0   0x000000bc   Code   RO         4748    i.__mathlib_tofloat  m_ws.l(narrow.o)
    0x0800476c   0x0800476c   0x00000016   Code   RO         4798    i.__support_ldexp   m_ws.l(ldexp.o)
    0x08004782   0x08004782   0x0000000e   Code   RO         4449    i._is_digit         c_w.l(__printf_wp.o)
    0x08004790   0x08004790   0x00000004   Code   RO         3242    i._sys_exit         usart.o
    0x08004794   0x08004794   0x0000002c   Code   RO         4202    i.app_apply_motor_command  appmodemanager.o
    0x080047c0   0x080047c0   0x00000022   Code   RO         4203    i.app_clear_fault   appmodemanager.o
    0x080047e2   0x080047e2   0x00000002   PAD
    0x080047e4   0x080047e4   0x00000094   Code   RO         4204    i.app_control_step  appmodemanager.o
    0x08004878   0x08004878   0x00000420   Code   RO         4205    i.app_handle_command  appmodemanager.o
    0x08004c98   0x08004c98   0x0000004e   Code   RO         4206    i.app_handle_key    appmodemanager.o
    0x08004ce6   0x08004ce6   0x00000002   PAD
    0x08004ce8   0x08004ce8   0x00000024   Code   RO         4207    i.app_mode_name     appmodemanager.o
    0x08004d0c   0x08004d0c   0x0000002c   Code   RO         4208    i.app_parse_value   appmodemanager.o
    0x08004d38   0x08004d38   0x0000002c   Code   RO         4209    i.app_poll_commands  appmodemanager.o
    0x08004d64   0x08004d64   0x00000048   Code   RO         4210    i.app_refresh_imu   appmodemanager.o
    0x08004dac   0x08004dac   0x0000011c   Code   RO         4211    i.app_send_status   appmodemanager.o
    0x08004ec8   0x08004ec8   0x00000134   Code   RO         4212    i.app_show_status   appmodemanager.o
    0x08004ffc   0x08004ffc   0x0000007c   Code   RO         4213    i.app_start_selected_mode  appmodemanager.o
    0x08005078   0x08005078   0x00000054   Code   RO         4214    i.app_state_name    appmodemanager.o
    0x080050cc   0x080050cc   0x00000036   Code   RO         4215    i.app_stop_mode     appmodemanager.o
    0x08005102   0x08005102   0x00000028   Code   RO         4063    i.app_straight_clamp  appstraightcontroller.o
    0x0800512a   0x0800512a   0x00000010   Code   RO         4064    i.app_straight_reset_integrators  appstraightcontroller.o
    0x0800513a   0x0800513a   0x00000054   Code   RO         4065    i.app_straight_to_pwm  appstraightcontroller.o
    0x0800518e   0x0800518e   0x00000028   Code   RO         4146    i.app_track_clamp   apptrackcontroller.o
    0x080051b6   0x080051b6   0x00000054   Code   RO         4147    i.app_track_to_pwm  apptrackcontroller.o
    0x0800520a   0x0800520a   0x00000002   PAD
    0x0800520c   0x0800520c   0x00000124   Code   RO         4513    i.asinf             m_ws.l(asinf.o)
    0x08005330   0x08005330   0x0000025c   Code   RO         4521    i.atan2f            m_ws.l(atan2f.o)
    0x0800558c   0x0800558c   0x0000002a   Code   RO         4529    i.atof              m_ws.l(atof.o)
    0x080055b6   0x080055b6   0x00000022   Code   RO         3570    i.bsp_fault_trace_store  bspfaulttrace.o
    0x080055d8   0x080055d8   0x00000010   Code   RO         3755    i.drv_encoder_abs   drvencoder.o
    0x080055e8   0x080055e8   0x0000003c   Code   RO         3756    i.drv_encoder_counts_per_rev  drvencoder.o
    0x08005624   0x08005624   0x00000018   Code   RO         3757    i.drv_encoder_read_delta_and_clear  drvencoder.o
    0x0800563c   0x0800563c   0x00000054   Code   RO         3758    i.drv_encoder_to_rpm  drvencoder.o
    0x08005690   0x08005690   0x000000c4   Code   RO         3850    i.drv_imu_attempt_init_at_addr  drvimubno08x.o
    0x08005754   0x08005754   0x00000010   Code   RO         3851    i.drv_imu_delay_cycles  drvimubno08x.o
    0x08005764   0x08005764   0x00000034   Code   RO         3852    i.drv_imu_device_present_at  drvimubno08x.o
    0x08005798   0x08005798   0x00000040   Code   RO         3853    i.drv_imu_enable_report  drvimubno08x.o
    0x080057d8   0x080057d8   0x00000028   Code   RO         3854    i.drv_imu_hardware_reset  drvimubno08x.o
    0x08005800   0x08005800   0x000001a8   Code   RO         3855    i.drv_imu_parse_report  drvimubno08x.o
    0x080059a8   0x080059a8   0x00000026   Code   RO         3856    i.drv_imu_q_to_float  drvimubno08x.o
    0x080059ce   0x080059ce   0x00000002   PAD
    0x080059d0   0x080059d0   0x0000005c   Code   RO         3857    i.drv_imu_read_block  drvimubno08x.o
    0x08005a2c   0x08005a2c   0x0000000e   Code   RO         3858    i.drv_imu_read_s16  drvimubno08x.o
    0x08005a3a   0x08005a3a   0x00000002   PAD
    0x08005a3c   0x08005a3c   0x000000a8   Code   RO         3859    i.drv_imu_receive_packet  drvimubno08x.o
    0x08005ae4   0x08005ae4   0x0000006c   Code   RO         3860    i.drv_imu_recv_byte  drvimubno08x.o
    0x08005b50   0x08005b50   0x00000060   Code   RO         3861    i.drv_imu_request_product_id  drvimubno08x.o
    0x08005bb0   0x08005bb0   0x00000024   Code   RO         3862    i.drv_imu_sda_in    drvimubno08x.o
    0x08005bd4   0x08005bd4   0x00000024   Code   RO         3863    i.drv_imu_sda_out   drvimubno08x.o
    0x08005bf8   0x08005bf8   0x00000034   Code   RO         3864    i.drv_imu_send_ack  drvimubno08x.o
    0x08005c2c   0x08005c2c   0x00000078   Code   RO         3865    i.drv_imu_send_byte  drvimubno08x.o
    0x08005ca4   0x08005ca4   0x00000034   Code   RO         3866    i.drv_imu_send_nack  drvimubno08x.o
    0x08005cd8   0x08005cd8   0x00000064   Code   RO         3867    i.drv_imu_send_packet  drvimubno08x.o
    0x08005d3c   0x08005d3c   0x00000040   Code   RO         3868    i.drv_imu_start     drvimubno08x.o
    0x08005d7c   0x08005d7c   0x00000044   Code   RO         3869    i.drv_imu_stop      drvimubno08x.o
    0x08005dc0   0x08005dc0   0x000001a0   Code   RO         3870    i.drv_imu_update_euler  drvimubno08x.o
    0x08005f60   0x08005f60   0x00000084   Code   RO         3871    i.drv_imu_wait_ack  drvimubno08x.o
    0x08005fe4   0x08005fe4   0x00000030   Code   RO         3872    i.drv_imu_wait_first_report  drvimubno08x.o
    0x08006014   0x08006014   0x00000028   Code   RO         3873    i.drv_imu_wait_present  drvimubno08x.o
    0x0800603c   0x0800603c   0x00000030   Code   RO         3874    i.drv_imu_wait_scl_high  drvimubno08x.o
    0x0800606c   0x0800606c   0x00000040   Code   RO         3875    i.drv_imu_wrap_deg  drvimubno08x.o
    0x080060ac   0x080060ac   0x00000050   Code   RO         3876    i.drv_imu_write_bytes  drvimubno08x.o
    0x080060fc   0x080060fc   0x00000018   Code   RO         3666    i.drv_key_is_pressed  drvkey.o
    0x08006114   0x08006114   0x00000010   Code   RO         3699    i.drv_motor_abs     drvmotor.o
    0x08006124   0x08006124   0x0000001a   Code   RO         3700    i.drv_motor_clamp   drvmotor.o
    0x0800613e   0x0800613e   0x00000002   PAD
    0x08006140   0x08006140   0x00000054   Code   RO         3701    i.drv_motor_set_left  drvmotor.o
    0x08006194   0x08006194   0x0000005c   Code   RO         3702    i.drv_motor_set_right  drvmotor.o
    0x080061f0   0x080061f0   0x00000022   Code   RO         3813    i.drv_track_is_active  drvtracksensor.o
    0x08006212   0x08006212   0x00000002   PAD
    0x08006214   0x08006214   0x00000058   Code   RO         4773    i.frexp             m_ws.l(frexp.o)
    0x0800626c   0x0800626c   0x00000074   Code   RO         4799    i.ldexp             m_ws.l(ldexp.o)
    0x080062e0   0x080062e0   0x000000ac   Code   RO         4314    i.main              main.o
    0x0800638c   0x0800638c   0x0000001c   Code   RO         3292    i.oled_delay        oled.o
    0x080063a8   0x080063a8   0x0000002c   Code   RO         4582    i.sqrtf             m_ws.l(sqrtf.o)
    0x080063d4   0x080063d4   0x0000000e   Code   RO         3404    i.tx_next           vofa.o
    0x080063e2   0x080063e2   0x00000002   PAD
    0x080063e4   0x080063e4   0x0000002c   Code   RO         4650    locale$$code        c_w.l(lc_numeric_c.o)
    0x08006410   0x08006410   0x0000002c   Code   RO         4729    locale$$code        c_w.l(lc_ctype_c.o)
    0x0800643c   0x0800643c   0x00000062   Code   RO         4480    x$fpl$d2f           fz_ws.l(d2f.o)
    0x0800649e   0x0800649e   0x00000002   PAD
    0x080064a0   0x080064a0   0x00000010   Code   RO         4832    x$fpl$dcheck1       fz_ws.l(dcheck1.o)
    0x080064b0   0x080064b0   0x00000018   Code   RO         4791    x$fpl$dcmpinf       fz_ws.l(dcmpi.o)
    0x080064c8   0x080064c8   0x00000078   Code   RO         4768    x$fpl$deqf          fz_ws.l(deqf.o)
    0x08006540   0x08006540   0x00000078   Code   RO         4793    x$fpl$dleqf         fz_ws.l(dleqf.o)
    0x080065b8   0x080065b8   0x0000009c   Code   RO         4552    x$fpl$dnaninf       fz_ws.l(dnaninf.o)
    0x08006654   0x08006654   0x0000000c   Code   RO         4554    x$fpl$dretinf       fz_ws.l(dretinf.o)
    0x08006660   0x08006660   0x0000006c   Code   RO         4770    x$fpl$drleqf        fz_ws.l(drleqf.o)
    0x080066cc   0x080066cc   0x00000056   Code   RO         4482    x$fpl$f2d           fz_ws.l(f2d.o)
    0x08006722   0x08006722   0x00000002   PAD
    0x08006724   0x08006724   0x000000c4   Code   RO         4484    x$fpl$fadd          fz_ws.l(faddsub_clz.o)
    0x080067e8   0x080067e8   0x0000000c   Code   RO         4652    x$fpl$fcheck1       fz_ws.l(fcheck1.o)
    0x080067f4   0x080067f4   0x00000018   Code   RO         4556    x$fpl$fcmpinf       fz_ws.l(fcmpi.o)
    0x0800680c   0x0800680c   0x00000184   Code   RO         4491    x$fpl$fdiv          fz_ws.l(fdiv.o)
    0x08006990   0x08006990   0x00000036   Code   RO         4494    x$fpl$ffix          fz_ws.l(ffix.o)
    0x080069c6   0x080069c6   0x00000002   PAD
    0x080069c8   0x080069c8   0x00000030   Code   RO         4499    x$fpl$fflt          fz_ws.l(fflt_clz.o)
    0x080069f8   0x080069f8   0x00000026   Code   RO         4498    x$fpl$ffltu         fz_ws.l(fflt_clz.o)
    0x08006a1e   0x08006a1e   0x00000002   PAD
    0x08006a20   0x08006a20   0x00000068   Code   RO         4504    x$fpl$fleqf         fz_ws.l(fleqf.o)
    0x08006a88   0x08006a88   0x00000102   Code   RO         4506    x$fpl$fmul          fz_ws.l(fmul.o)
    0x08006b8a   0x08006b8a   0x0000008c   Code   RO         4558    x$fpl$fnaninf       fz_ws.l(fnaninf.o)
    0x08006c16   0x08006c16   0x0000000a   Code   RO         4560    x$fpl$fretinf       fz_ws.l(fretinf.o)
    0x08006c20   0x08006c20   0x00000062   Code   RO         4508    x$fpl$frleqf        fz_ws.l(frleqf.o)
    0x08006c82   0x08006c82   0x00000014   Code   RO         4485    x$fpl$frsb          fz_ws.l(faddsub_clz.o)
    0x08006c96   0x08006c96   0x00000002   PAD
    0x08006c98   0x08006c98   0x00000110   Code   RO         4654    x$fpl$fsqrt         fz_ws.l(fsqrt.o)
    0x08006da8   0x08006da8   0x000000ea   Code   RO         4486    x$fpl$fsub          fz_ws.l(faddsub_clz.o)
    0x08006e92   0x08006e92   0x00000006   Code   RO         4656    x$fpl$ieeestatus    fz_ws.l(istatus.o)
    0x08006e98   0x08006e98   0x00000004   Code   RO         4510    x$fpl$printf1       fz_ws.l(printf1.o)
    0x08006e9c   0x08006e9c   0x00000064   Code   RO         4724    x$fpl$retnan        fz_ws.l(retnan.o)
    0x08006f00   0x08006f00   0x0000005c   Code   RO         4795    x$fpl$scalbn        fz_ws.l(scalbn.o)
    0x08006f5c   0x08006f5c   0x0000004c   Code   RO         4562    x$fpl$scalbnf       fz_ws.l(scalbnf.o)
    0x08006fa8   0x08006fa8   0x00000004   Code   RO         4658    x$fpl$scanf1        fz_ws.l(scanf1.o)
    0x08006fac   0x08006fac   0x00000008   Code   RO         4739    x$fpl$scanf2        fz_ws.l(scanf2.o)
    0x08006fb4   0x08006fb4   0x00000030   Code   RO         4745    x$fpl$trapveneer    fz_ws.l(trapv.o)
    0x08006fe4   0x08006fe4   0x00000000   Code   RO         4564    x$fpl$usenofp       fz_ws.l(usenofp.o)
    0x08006fe4   0x08006fe4   0x000005f0   Data   RO         3378    .constdata          oled_font.o
    0x080075d4   0x080075d4   0x00000050   Data   RO         3814    .constdata          drvtracksensor.o
    0x08007624   0x08007624   0x00000004   Data   RO         3878    .constdata          drvimubno08x.o
    0x08007628   0x08007628   0x00000011   Data   RO         4452    .constdata          c_w.l(__printf_flags_wp.o)
    0x08007639   0x08007639   0x00000003   PAD
    0x0800763c   0x0800763c   0x00000094   Data   RO         4625    .constdata          c_w.l(bigflt0.o)
    0x080076d0   0x080076d0   0x00000020   Data   RO         4885    Region$$Table       anon$$obj.o
    0x080076f0   0x080076f0   0x00000008   Data   RO         4733    c$$dinf             fz_ws.l(fpconst.o)
    0x080076f8   0x080076f8   0x00000008   Data   RO         4736    c$$dmax             fz_ws.l(fpconst.o)
    0x08007700   0x08007700   0x0000001c   Data   RO         4649    locale$$data        c_w.l(lc_numeric_c.o)
    0x0800771c   0x0800771c   0x00000110   Data   RO         4728    locale$$data        c_w.l(lc_ctype_c.o)


    Execution Region RW_IRAM1 (Exec base: 0x20000000, Load base: 0x0800782c, Size: 0x000012e8, Max: 0x00005000, ABSOLUTE)

    Exec Addr    Load Addr    Size         Type   Attr      Idx    E Section Name        Object

    0x20000000   0x0800782c   0x00000014   Data   RW         1805    .data               stm32f10x_rcc.o
    0x20000014   0x08007840   0x00000006   Data   RW         3245    .data               usart.o
    0x2000001a   0x08007846   0x00000002   PAD
    0x2000001c   0x08007848   0x00000010   Data   RW         3406    .data               vofa.o
    0x2000002c   0x08007858   0x00000006   Data   RW         3534    .data               bspcontroltick.o
    0x20000032   0x0800785e   0x00000002   PAD
    0x20000034   0x08007860   0x0000000c   Data   RW         3667    .data               drvkey.o
    0x20000040   0x0800786c   0x00000001   Data   RW         3703    .data               drvmotor.o
    0x20000041   0x0800786d   0x00000001   PAD
    0x20000042   0x0800786e   0x0000000a   Data   RW         3759    .data               drvencoder.o
    0x2000004c   0x08007878   0x00000003   Data   RW         3815    .data               drvtracksensor.o
    0x2000004f   0x0800787b   0x00000001   PAD
    0x20000050   0x0800787c   0x0000001b   Data   RW         3879    .data               drvimubno08x.o
    0x2000006b   0x08007897   0x00000001   PAD
    0x2000006c        -       0x000000c8   Zero   RW         3244    .bss                usart.o
    0x20000134        -       0x00000840   Zero   RW         3405    .bss                vofa.o
    0x20000974        -       0x00000180   Zero   RW         3877    .bss                drvimubno08x.o
    0x20000af4        -       0x00000194   Zero   RW         4315    .bss                main.o
    0x20000c88        -       0x00000060   Zero   RW         4663    .bss                c_w.l(libspace.o)
    0x20000ce8        -       0x00000200   Zero   RW           18    HEAP                startup_stm32f10x_md.o
    0x20000ee8        -       0x00000400   Zero   RW           17    STACK               startup_stm32f10x_md.o


==============================================================================

Image component sizes


      Code (inc. data)   RO Data    RW Data    ZI Data      Debug   Object Name

      2712        674          0          0          0      11931   appmodemanager.o
       852         36          0          0          0      11874   appstraightcontroller.o
      1076         54          0          0          0       7902   apptrackcontroller.o
       244         28          0          6          0       2490   bspcontroltick.o
       134         10          0          0          0      16810   bspfaulttrace.o
         0          0          0          0          0       4556   core_cm3.o
        70          0          0          0          0       1010   delay.o
        80          0          0          0          0       1224   drvdisplay.o
       580         34          0         10          0       5801   drvencoder.o
      3558        262          4         27        384      28784   drvimubno08x.o
       252         48          0         12          0       2484   drvkey.o
       586         46          0          1          0       4775   drvmotor.o
        36          0          0          0          0       1714   drvtelemetry.o
       374         56         80          3          0       3466   drvtracksensor.o
       308        122          0          0        404       4919   main.o
       132         22          0          0          0     205099   misc.o
       784         20          0          0          0       8210   oled.o
         0          0       1520          0          0        733   oled_font.o
        56          4          0          0          0       1584   softserial.o
        64         26        236          0       1536        832   startup_stm32f10x_md.o
         0          0          0          0          0       1700   stm32f10x_adc.o
        56         10          0          0          0       2335   stm32f10x_bkp.o
       458          6          0          0          0      13602   stm32f10x_gpio.o
        58          0          0          0          0       4724   stm32f10x_it.o
        12          6          0          0          0        518   stm32f10x_pwr.o
       356         42          0         20          0      14502   stm32f10x_rcc.o
       764         72          0          0          0      31366   stm32f10x_tim.o
       442          6          0          0          0      12385   stm32f10x_usart.o
       328         28          0          0          0      45681   system_stm32f10x.o
       140         14          0          6        200       3088   usart.o
      1018        116          0         16       2112      22924   vofa.o

    ----------------------------------------------------------------------
     15574       1742       1872        108       4636     479023   Object Totals
         0          0         32          0          0          0   (incl. Generated)
        44          0          0          7          0          0   (incl. Padding)

    ----------------------------------------------------------------------

      Code (inc. data)   RO Data    RW Data    ZI Data      Debug   Library Member Name

         8          0          0          0          0         68   __main.o
       312          4         17          0          0         92   __printf_flags_wp.o
        14          0          0          0          0         68   __printf_wp.o
         0          0          0          0          0          0   __rtentry.o
        12          0          0          0          0          0   __rtentry2.o
         6          0          0          0          0          0   __rtentry4.o
        52          8          0          0          0          0   __scatter.o
        26          0          0          0          0          0   __scatter_copy.o
        28          0          0          0          0          0   __scatter_zi.o
        28          0          0          0          0         68   _chval.o
        44          0          0          0          0        108   _printf_char.o
        48          6          0          0          0         96   _printf_char_common.o
         6          0          0          0          0          0   _printf_d.o
       120         16          0          0          0         92   _printf_dec.o
         6          0          0          0          0          0   _printf_f.o
      1054          0          0          0          0        216   _printf_fp_dec.o
       128         16          0          0          0         84   _printf_fp_infnan.o
       178          0          0          0          0         88   _printf_intcommon.o
        78          0          0          0          0        108   _printf_pad.o
         0          0          0          0          0          0   _printf_percent.o
         4          0          0          0          0          0   _printf_percent_end.o
         6          0          0          0          0          0   _printf_s.o
        82          0          0          0          0         80   _printf_str.o
         6          0          0          0          0          0   _printf_u.o
        22          0          0          0          0        100   _rserrno.o
        64          0          0          0          0         84   _sgetc.o
        16          0          0          0          0         68   _snputc.o
        10          0          0          0          0         68   _sputc.o
       228          4        148          0          0         96   bigflt0.o
      2152        136          0          0          0        960   btod.o
        18          0          0          0          0         80   exit.o
         6          0          0          0          0        152   heapauxi.o
        18          0          0          0          0         76   isspace.o
        44         10        272          0          0         76   lc_ctype_c.o
        44         10         28          0          0         76   lc_numeric_c.o
         2          0          0          0          0          0   libinit.o
        30          0          0          0          0          0   libinit2.o
         2          0          0          0          0          0   libshutdown.o
         2          0          0          0          0          0   libshutdown2.o
         8          4          0          0         96         68   libspace.o
        38          0          0          0          0         68   llshl.o
       138          0          0          0          0         80   lludiv10.o
        52          4          0          0          0         84   noretval__2snprintf.o
        16          4          0          0          0         76   rt_ctype_table.o
         8          4          0          0          0         68   rt_errno_addr_intlibspace.o
         8          4          0          0          0         68   rt_locale_intlibspace.o
        68          0          0          0          0         68   rt_memclr.o
        78          0          0          0          0         80   rt_memclr_w.o
         2          0          0          0          0          0   rtexit.o
        10          0          0          0          0          0   rtexit2.o
      1272         16          0          0          0        168   scanf_fp.o
       800         14          0          0          0        100   scanf_hexfp.o
       308         16          0          0          0        100   scanf_infnan.o
        20          0          0          0          0         68   strchr.o
       128          0          0          0          0         68   strcmpv7m.o
       150          0          0          0          0         80   strncmp.o
        36          0          0          0          0         80   strstr.o
       164         14          0          0          0        120   strtod.o
        74          0          0          0          0         80   sys_stackheap_outer.o
         2          0          0          0          0         68   use_no_semi.o
         2          0          0          0          0         68   use_no_semi_2.o
        98          4          0          0          0         92   d2f.o
        16          4          0          0          0         68   dcheck1.o
        24          0          0          0          0         68   dcmpi.o
       120          4          0          0          0         92   deqf.o
       120          4          0          0          0         92   dleqf.o
       156          4          0          0          0         92   dnaninf.o
        12          0          0          0          0         68   dretinf.o
       108          0          0          0          0         80   drleqf.o
        86          4          0          0          0         84   f2d.o
       450          8          0          0          0        236   faddsub_clz.o
        12          4          0          0          0         68   fcheck1.o
        24          0          0          0          0         68   fcmpi.o
       388         76          0          0          0         96   fdiv.o
        54          4          0          0          0         84   ffix.o
        86          0          0          0          0        136   fflt_clz.o
       104          4          0          0          0         84   fleqf.o
       258          4          0          0          0         84   fmul.o
       140          4          0          0          0         84   fnaninf.o
         0          0         16          0          0          0   fpconst.o
        10          0          0          0          0         68   fretinf.o
        98          0          0          0          0         68   frleqf.o
       272        100          0          0          0         88   fsqrt.o
         6          0          0          0          0         68   istatus.o
         4          0          0          0          0         68   printf1.o
       100          0          0          0          0         68   retnan.o
        92          0          0          0          0         68   scalbn.o
        76          0          0          0          0         68   scalbnf.o
         4          0          0          0          0         68   scanf1.o
         8          0          0          0          0         84   scanf2.o
        48          0          0          0          0         68   trapv.o
         0          0          0          0          0          0   usenofp.o
       292         38          0          0          0        120   asinf.o
       604         76          0          0          0        116   atan2f.o
        42          0          0          0          0         84   atof.o
        30          6          0          0          0        136   dunder.o
        40          0          0          0          0         68   fpclassify.o
        38          0          0          0          0         68   fpclassifyf.o
        88          8          0          0          0         76   frexp.o
        28          0          0          0          0        272   funder.o
       138          0          0          0          0        160   ldexp.o
       204          4          0          0          0        168   narrow.o
        44          0          0          0          0         80   sqrtf.o

    ----------------------------------------------------------------------
     12834        652        484          0         96       8472   Library Totals
        26          2          3          0          0          0   (incl. Padding)

    ----------------------------------------------------------------------

      Code (inc. data)   RO Data    RW Data    ZI Data      Debug   Library Name

      8286        290        465          0         96       4664   c_w.l
      2974        228         16          0          0       2460   fz_ws.l
      1548        132          0          0          0       1348   m_ws.l

    ----------------------------------------------------------------------
     12834        652        484          0         96       8472   Library Totals

    ----------------------------------------------------------------------

==============================================================================


      Code (inc. data)   RO Data    RW Data    ZI Data      Debug   

     28408       2394       2356        108       4732     472983   Grand Totals
     28408       2394       2356        108       4732     472983   ELF Image Totals
     28408       2394       2356        108          0          0   ROM Totals

==============================================================================

    Total RO  Size (Code + RO Data)                30764 (  30.04kB)
    Total RW  Size (RW Data + ZI Data)              4840 (   4.73kB)
    Total ROM Size (Code + RO Data + RW Data)      30872 (  30.15kB)

==============================================================================

