<!doctype html public "-//w3c//dtd html 4.0 transitional//en">
<html><head>
<title>Static Call Graph - [.\Objects\project.axf]</title></head>
<body><HR>
<H1>Static Call Graph for image .\Objects\project.axf</H1><HR>
<BR><P>#&#060CALLGRAPH&#062# ARM Linker, 5060750: Last Updated: Wed Apr 08 16:32:50 2026
<BR><P>
<H3>Maximum Stack Usage =        856 bytes + Unknown(Functions without stacksize, Cycles, Untraceable Function Pointers)</H3><H3>
Call chain for Maximum Stack Depth:</H3>
__rt_entry_main &rArr; main &rArr; AppModeManager_Process &rArr; app_poll_commands &rArr; app_handle_command &rArr; app_start_selected_mode &rArr; app_refresh_imu &rArr; DrvImuBno08x_Read &rArr; DrvImuBno08x_Init &rArr; drv_imu_attempt_init_at_addr &rArr; drv_imu_request_product_id &rArr; drv_imu_receive_packet &rArr; drv_imu_read_block &rArr; drv_imu_send_byte &rArr; drv_imu_sda_out &rArr; GPIO_Init
<P>
<H3>
Functions with no stack information
</H3><UL>
 <LI><a href="#[7c]">__user_initial_stackheap</a>
</UL>
</UL>
<P>
<H3>
Mutually Recursive functions
</H3> <LI><a href="#[20]">ADC1_2_IRQHandler</a>&nbsp;&nbsp;&nbsp;&rArr;&nbsp;&nbsp;&nbsp;<a href="#[20]">ADC1_2_IRQHandler</a><BR>
 <LI><a href="#[146]">drv_imu_wait_first_report</a>&nbsp;&nbsp;&nbsp;&rArr;&nbsp;&nbsp;&nbsp;<a href="#[d2]">DrvImuBno08x_Read</a><BR>
</UL>
<P>
<H3>
Function Pointers
</H3><UL>
 <LI><a href="#[20]">ADC1_2_IRQHandler</a> from startup_stm32f10x_md.o(.text) referenced from startup_stm32f10x_md.o(RESET)
 <LI><a href="#[8]">BusFault_Handler</a> from stm32f10x_it.o(i.BusFault_Handler) referenced from startup_stm32f10x_md.o(RESET)
 <LI><a href="#[23]">CAN1_RX1_IRQHandler</a> from startup_stm32f10x_md.o(.text) referenced from startup_stm32f10x_md.o(RESET)
 <LI><a href="#[24]">CAN1_SCE_IRQHandler</a> from startup_stm32f10x_md.o(.text) referenced from startup_stm32f10x_md.o(RESET)
 <LI><a href="#[19]">DMA1_Channel1_IRQHandler</a> from startup_stm32f10x_md.o(.text) referenced from startup_stm32f10x_md.o(RESET)
 <LI><a href="#[1a]">DMA1_Channel2_IRQHandler</a> from startup_stm32f10x_md.o(.text) referenced from startup_stm32f10x_md.o(RESET)
 <LI><a href="#[1b]">DMA1_Channel3_IRQHandler</a> from startup_stm32f10x_md.o(.text) referenced from startup_stm32f10x_md.o(RESET)
 <LI><a href="#[1c]">DMA1_Channel4_IRQHandler</a> from startup_stm32f10x_md.o(.text) referenced from startup_stm32f10x_md.o(RESET)
 <LI><a href="#[1d]">DMA1_Channel5_IRQHandler</a> from startup_stm32f10x_md.o(.text) referenced from startup_stm32f10x_md.o(RESET)
 <LI><a href="#[1e]">DMA1_Channel6_IRQHandler</a> from startup_stm32f10x_md.o(.text) referenced from startup_stm32f10x_md.o(RESET)
 <LI><a href="#[1f]">DMA1_Channel7_IRQHandler</a> from startup_stm32f10x_md.o(.text) referenced from startup_stm32f10x_md.o(RESET)
 <LI><a href="#[b]">DebugMon_Handler</a> from stm32f10x_it.o(i.DebugMon_Handler) referenced from startup_stm32f10x_md.o(RESET)
 <LI><a href="#[14]">EXTI0_IRQHandler</a> from startup_stm32f10x_md.o(.text) referenced from startup_stm32f10x_md.o(RESET)
 <LI><a href="#[36]">EXTI15_10_IRQHandler</a> from startup_stm32f10x_md.o(.text) referenced from startup_stm32f10x_md.o(RESET)
 <LI><a href="#[15]">EXTI1_IRQHandler</a> from startup_stm32f10x_md.o(.text) referenced from startup_stm32f10x_md.o(RESET)
 <LI><a href="#[16]">EXTI2_IRQHandler</a> from startup_stm32f10x_md.o(.text) referenced from startup_stm32f10x_md.o(RESET)
 <LI><a href="#[17]">EXTI3_IRQHandler</a> from startup_stm32f10x_md.o(.text) referenced from startup_stm32f10x_md.o(RESET)
 <LI><a href="#[18]">EXTI4_IRQHandler</a> from startup_stm32f10x_md.o(.text) referenced from startup_stm32f10x_md.o(RESET)
 <LI><a href="#[25]">EXTI9_5_IRQHandler</a> from startup_stm32f10x_md.o(.text) referenced from startup_stm32f10x_md.o(RESET)
 <LI><a href="#[12]">FLASH_IRQHandler</a> from startup_stm32f10x_md.o(.text) referenced from startup_stm32f10x_md.o(RESET)
 <LI><a href="#[6]">HardFault_Handler</a> from stm32f10x_it.o(i.HardFault_Handler) referenced from startup_stm32f10x_md.o(RESET)
 <LI><a href="#[2e]">I2C1_ER_IRQHandler</a> from startup_stm32f10x_md.o(.text) referenced from startup_stm32f10x_md.o(RESET)
 <LI><a href="#[2d]">I2C1_EV_IRQHandler</a> from startup_stm32f10x_md.o(.text) referenced from startup_stm32f10x_md.o(RESET)
 <LI><a href="#[30]">I2C2_ER_IRQHandler</a> from startup_stm32f10x_md.o(.text) referenced from startup_stm32f10x_md.o(RESET)
 <LI><a href="#[2f]">I2C2_EV_IRQHandler</a> from startup_stm32f10x_md.o(.text) referenced from startup_stm32f10x_md.o(RESET)
 <LI><a href="#[7]">MemManage_Handler</a> from stm32f10x_it.o(i.MemManage_Handler) referenced from startup_stm32f10x_md.o(RESET)
 <LI><a href="#[5]">NMI_Handler</a> from stm32f10x_it.o(i.NMI_Handler) referenced from startup_stm32f10x_md.o(RESET)
 <LI><a href="#[f]">PVD_IRQHandler</a> from startup_stm32f10x_md.o(.text) referenced from startup_stm32f10x_md.o(RESET)
 <LI><a href="#[c]">PendSV_Handler</a> from stm32f10x_it.o(i.PendSV_Handler) referenced from startup_stm32f10x_md.o(RESET)
 <LI><a href="#[13]">RCC_IRQHandler</a> from startup_stm32f10x_md.o(.text) referenced from startup_stm32f10x_md.o(RESET)
 <LI><a href="#[37]">RTCAlarm_IRQHandler</a> from startup_stm32f10x_md.o(.text) referenced from startup_stm32f10x_md.o(RESET)
 <LI><a href="#[11]">RTC_IRQHandler</a> from startup_stm32f10x_md.o(.text) referenced from startup_stm32f10x_md.o(RESET)
 <LI><a href="#[4]">Reset_Handler</a> from startup_stm32f10x_md.o(.text) referenced from startup_stm32f10x_md.o(RESET)
 <LI><a href="#[31]">SPI1_IRQHandler</a> from startup_stm32f10x_md.o(.text) referenced from startup_stm32f10x_md.o(RESET)
 <LI><a href="#[32]">SPI2_IRQHandler</a> from startup_stm32f10x_md.o(.text) referenced from startup_stm32f10x_md.o(RESET)
 <LI><a href="#[a]">SVC_Handler</a> from stm32f10x_it.o(i.SVC_Handler) referenced from startup_stm32f10x_md.o(RESET)
 <LI><a href="#[d]">SysTick_Handler</a> from stm32f10x_it.o(i.SysTick_Handler) referenced from startup_stm32f10x_md.o(RESET)
 <LI><a href="#[39]">SystemInit</a> from system_stm32f10x.o(i.SystemInit) referenced from startup_stm32f10x_md.o(.text)
 <LI><a href="#[10]">TAMPER_IRQHandler</a> from startup_stm32f10x_md.o(.text) referenced from startup_stm32f10x_md.o(RESET)
 <LI><a href="#[26]">TIM1_BRK_IRQHandler</a> from startup_stm32f10x_md.o(.text) referenced from startup_stm32f10x_md.o(RESET)
 <LI><a href="#[29]">TIM1_CC_IRQHandler</a> from startup_stm32f10x_md.o(.text) referenced from startup_stm32f10x_md.o(RESET)
 <LI><a href="#[28]">TIM1_TRG_COM_IRQHandler</a> from startup_stm32f10x_md.o(.text) referenced from startup_stm32f10x_md.o(RESET)
 <LI><a href="#[27]">TIM1_UP_IRQHandler</a> from startup_stm32f10x_md.o(.text) referenced from startup_stm32f10x_md.o(RESET)
 <LI><a href="#[2a]">TIM2_IRQHandler</a> from startup_stm32f10x_md.o(.text) referenced from startup_stm32f10x_md.o(RESET)
 <LI><a href="#[2b]">TIM3_IRQHandler</a> from startup_stm32f10x_md.o(.text) referenced from startup_stm32f10x_md.o(RESET)
 <LI><a href="#[2c]">TIM4_IRQHandler</a> from stm32f10x_it.o(i.TIM4_IRQHandler) referenced from startup_stm32f10x_md.o(RESET)
 <LI><a href="#[33]">USART1_IRQHandler</a> from usart.o(i.USART1_IRQHandler) referenced from startup_stm32f10x_md.o(RESET)
 <LI><a href="#[34]">USART2_IRQHandler</a> from vofa.o(i.USART2_IRQHandler) referenced from startup_stm32f10x_md.o(RESET)
 <LI><a href="#[35]">USART3_IRQHandler</a> from startup_stm32f10x_md.o(.text) referenced from startup_stm32f10x_md.o(RESET)
 <LI><a href="#[38]">USBWakeUp_IRQHandler</a> from startup_stm32f10x_md.o(.text) referenced from startup_stm32f10x_md.o(RESET)
 <LI><a href="#[21]">USB_HP_CAN1_TX_IRQHandler</a> from startup_stm32f10x_md.o(.text) referenced from startup_stm32f10x_md.o(RESET)
 <LI><a href="#[22]">USB_LP_CAN1_RX0_IRQHandler</a> from startup_stm32f10x_md.o(.text) referenced from startup_stm32f10x_md.o(RESET)
 <LI><a href="#[9]">UsageFault_Handler</a> from stm32f10x_it.o(i.UsageFault_Handler) referenced from startup_stm32f10x_md.o(RESET)
 <LI><a href="#[e]">WWDG_IRQHandler</a> from startup_stm32f10x_md.o(.text) referenced from startup_stm32f10x_md.o(RESET)
 <LI><a href="#[41]">__main</a> from __main.o(!!!main) referenced from startup_stm32f10x_md.o(.text)
 <LI><a href="#[40]">_get_lc_ctype</a> from lc_ctype_c.o(locale$$code) referenced from rt_ctype_table.o(.text)
 <LI><a href="#[3c]">_printf_input_char</a> from _printf_char_common.o(.text) referenced from _printf_char_common.o(.text)
 <LI><a href="#[3e]">_sbackspace</a> from _sgetc.o(.text) referenced from strtod.o(.text)
 <LI><a href="#[3d]">_sgetc</a> from _sgetc.o(.text) referenced from strtod.o(.text)
 <LI><a href="#[3b]">_snputc</a> from _snputc.o(.text) referenced from noretval__2snprintf.o(.text)
 <LI><a href="#[3f]">isspace</a> from isspace.o(.text) referenced from strtod.o(.text)
</UL>
<P>
<H3>
Global Symbols
</H3>
<P><STRONG><a name="[41]"></a>__main</STRONG> (Thumb, 8 bytes, Stack size 0 bytes, __main.o(!!!main))
<BR><BR>[Calls]<UL><LI><a href="#[43]">&gt;&gt;</a>&nbsp;&nbsp;&nbsp;__rt_entry
<LI><a href="#[42]">&gt;&gt;</a>&nbsp;&nbsp;&nbsp;__scatterload
</UL>

<P><STRONG><a name="[42]"></a>__scatterload</STRONG> (Thumb, 0 bytes, Stack size unknown bytes, __scatter.o(!!!scatter))
<BR><BR>[Called By]<UL><LI><a href="#[41]">&gt;&gt;</a>&nbsp;&nbsp;&nbsp;__main
</UL>

<P><STRONG><a name="[44]"></a>__scatterload_rt2</STRONG> (Thumb, 44 bytes, Stack size unknown bytes, __scatter.o(!!!scatter), UNUSED)
<BR><BR>[Calls]<UL><LI><a href="#[43]">&gt;&gt;</a>&nbsp;&nbsp;&nbsp;__rt_entry
</UL>

<P><STRONG><a name="[17b]"></a>__scatterload_rt2_thumb_only</STRONG> (Thumb, 0 bytes, Stack size unknown bytes, __scatter.o(!!!scatter), UNUSED)

<P><STRONG><a name="[17c]"></a>__scatterload_null</STRONG> (Thumb, 0 bytes, Stack size unknown bytes, __scatter.o(!!!scatter), UNUSED)

<P><STRONG><a name="[45]"></a>__scatterload_copy</STRONG> (Thumb, 26 bytes, Stack size unknown bytes, __scatter_copy.o(!!handler_copy), UNUSED)
<BR><BR>[Calls]<UL><LI><a href="#[45]">&gt;&gt;</a>&nbsp;&nbsp;&nbsp;__scatterload_copy
</UL>
<BR>[Called By]<UL><LI><a href="#[45]">&gt;&gt;</a>&nbsp;&nbsp;&nbsp;__scatterload_copy
</UL>

<P><STRONG><a name="[17d]"></a>__scatterload_zeroinit</STRONG> (Thumb, 28 bytes, Stack size unknown bytes, __scatter_zi.o(!!handler_zi), UNUSED)

<P><STRONG><a name="[46]"></a>_printf_f</STRONG> (Thumb, 0 bytes, Stack size unknown bytes, _printf_f.o(.ARM.Collect$$_printf_percent$$00000003))
<BR><BR>[Stack]<UL><LI>Max Depth = 324 + Unknown Stack Size
<LI>Call Chain = _printf_f &rArr; _printf_fp_dec &rArr; _printf_fp_dec_real &rArr; _fp_digits &rArr; _btod_etento &rArr; _btod_emul &rArr; _e2e
</UL>
<BR>[Calls]<UL><LI><a href="#[47]">&gt;&gt;</a>&nbsp;&nbsp;&nbsp;_printf_fp_dec
</UL>

<P><STRONG><a name="[66]"></a>_printf_percent</STRONG> (Thumb, 0 bytes, Stack size unknown bytes, _printf_percent.o(.ARM.Collect$$_printf_percent$$00000000))
<BR><BR>[Called By]<UL><LI><a href="#[64]">&gt;&gt;</a>&nbsp;&nbsp;&nbsp;__printf
</UL>

<P><STRONG><a name="[48]"></a>_printf_d</STRONG> (Thumb, 0 bytes, Stack size unknown bytes, _printf_d.o(.ARM.Collect$$_printf_percent$$00000009))
<BR><BR>[Stack]<UL><LI>Max Depth = 72 + Unknown Stack Size
<LI>Call Chain = _printf_d &rArr; _printf_int_dec &rArr; _printf_int_common &rArr; _printf_post_padding
</UL>
<BR>[Calls]<UL><LI><a href="#[49]">&gt;&gt;</a>&nbsp;&nbsp;&nbsp;_printf_int_dec
</UL>

<P><STRONG><a name="[4a]"></a>_printf_u</STRONG> (Thumb, 0 bytes, Stack size unknown bytes, _printf_u.o(.ARM.Collect$$_printf_percent$$0000000A))
<BR><BR>[Stack]<UL><LI>Max Depth = 72 + Unknown Stack Size
<LI>Call Chain = _printf_u &rArr; _printf_int_dec &rArr; _printf_int_common &rArr; _printf_post_padding
</UL>
<BR>[Calls]<UL><LI><a href="#[49]">&gt;&gt;</a>&nbsp;&nbsp;&nbsp;_printf_int_dec
</UL>

<P><STRONG><a name="[4b]"></a>_printf_s</STRONG> (Thumb, 0 bytes, Stack size unknown bytes, _printf_s.o(.ARM.Collect$$_printf_percent$$00000014))
<BR><BR>[Stack]<UL><LI>Max Depth = 40 + Unknown Stack Size
<LI>Call Chain = _printf_s &rArr; _printf_string &rArr; _printf_cs_common &rArr; _printf_str &rArr; _printf_post_padding
</UL>
<BR>[Calls]<UL><LI><a href="#[4c]">&gt;&gt;</a>&nbsp;&nbsp;&nbsp;_printf_string
</UL>

<P><STRONG><a name="[17e]"></a>_printf_percent_end</STRONG> (Thumb, 0 bytes, Stack size unknown bytes, _printf_percent_end.o(.ARM.Collect$$_printf_percent$$00000017))

<P><STRONG><a name="[55]"></a>__rt_lib_init</STRONG> (Thumb, 0 bytes, Stack size unknown bytes, libinit.o(.ARM.Collect$$libinit$$00000000))
<BR><BR>[Called By]<UL><LI><a href="#[54]">&gt;&gt;</a>&nbsp;&nbsp;&nbsp;__rt_entry_li
</UL>

<P><STRONG><a name="[17f]"></a>__rt_lib_init_fp_1</STRONG> (Thumb, 0 bytes, Stack size unknown bytes, libinit2.o(.ARM.Collect$$libinit$$00000002))

<P><STRONG><a name="[180]"></a>__rt_lib_init_heap_1</STRONG> (Thumb, 0 bytes, Stack size unknown bytes, libinit2.o(.ARM.Collect$$libinit$$0000000A))

<P><STRONG><a name="[4d]"></a>__rt_lib_init_lc_common</STRONG> (Thumb, 0 bytes, Stack size unknown bytes, libinit2.o(.ARM.Collect$$libinit$$0000000F))
<BR><BR>[Calls]<UL><LI><a href="#[4e]">&gt;&gt;</a>&nbsp;&nbsp;&nbsp;__rt_locale
</UL>

<P><STRONG><a name="[181]"></a>__rt_lib_init_preinit_1</STRONG> (Thumb, 0 bytes, Stack size unknown bytes, libinit2.o(.ARM.Collect$$libinit$$00000004))

<P><STRONG><a name="[182]"></a>__rt_lib_init_rand_1</STRONG> (Thumb, 0 bytes, Stack size unknown bytes, libinit2.o(.ARM.Collect$$libinit$$0000000E))

<P><STRONG><a name="[183]"></a>__rt_lib_init_user_alloc_1</STRONG> (Thumb, 0 bytes, Stack size unknown bytes, libinit2.o(.ARM.Collect$$libinit$$0000000C))

<P><STRONG><a name="[184]"></a>__rt_lib_init_lc_collate_1</STRONG> (Thumb, 0 bytes, Stack size unknown bytes, libinit2.o(.ARM.Collect$$libinit$$00000011))

<P><STRONG><a name="[4f]"></a>__rt_lib_init_lc_ctype_2</STRONG> (Thumb, 0 bytes, Stack size unknown bytes, libinit2.o(.ARM.Collect$$libinit$$00000012))
<BR><BR>[Stack]<UL><LI>Max Depth = 8 + Unknown Stack Size
<LI>Call Chain = __rt_lib_init_lc_ctype_2 &rArr; _get_lc_ctype
</UL>
<BR>[Calls]<UL><LI><a href="#[40]">&gt;&gt;</a>&nbsp;&nbsp;&nbsp;_get_lc_ctype
</UL>

<P><STRONG><a name="[185]"></a>__rt_lib_init_lc_ctype_1</STRONG> (Thumb, 0 bytes, Stack size unknown bytes, libinit2.o(.ARM.Collect$$libinit$$00000013))

<P><STRONG><a name="[186]"></a>__rt_lib_init_lc_monetary_1</STRONG> (Thumb, 0 bytes, Stack size unknown bytes, libinit2.o(.ARM.Collect$$libinit$$00000015))

<P><STRONG><a name="[50]"></a>__rt_lib_init_lc_numeric_2</STRONG> (Thumb, 0 bytes, Stack size unknown bytes, libinit2.o(.ARM.Collect$$libinit$$00000016))
<BR><BR>[Stack]<UL><LI>Max Depth = 8 + Unknown Stack Size
<LI>Call Chain = __rt_lib_init_lc_numeric_2 &rArr; _get_lc_numeric
</UL>
<BR>[Calls]<UL><LI><a href="#[51]">&gt;&gt;</a>&nbsp;&nbsp;&nbsp;_get_lc_numeric
</UL>

<P><STRONG><a name="[187]"></a>__rt_lib_init_alloca_1</STRONG> (Thumb, 0 bytes, Stack size unknown bytes, libinit2.o(.ARM.Collect$$libinit$$0000002E))

<P><STRONG><a name="[188]"></a>__rt_lib_init_argv_1</STRONG> (Thumb, 0 bytes, Stack size unknown bytes, libinit2.o(.ARM.Collect$$libinit$$0000002C))

<P><STRONG><a name="[189]"></a>__rt_lib_init_atexit_1</STRONG> (Thumb, 0 bytes, Stack size unknown bytes, libinit2.o(.ARM.Collect$$libinit$$0000001B))

<P><STRONG><a name="[18a]"></a>__rt_lib_init_clock_1</STRONG> (Thumb, 0 bytes, Stack size unknown bytes, libinit2.o(.ARM.Collect$$libinit$$00000021))

<P><STRONG><a name="[18b]"></a>__rt_lib_init_cpp_1</STRONG> (Thumb, 0 bytes, Stack size unknown bytes, libinit2.o(.ARM.Collect$$libinit$$00000032))

<P><STRONG><a name="[18c]"></a>__rt_lib_init_exceptions_1</STRONG> (Thumb, 0 bytes, Stack size unknown bytes, libinit2.o(.ARM.Collect$$libinit$$00000030))

<P><STRONG><a name="[18d]"></a>__rt_lib_init_fp_trap_1</STRONG> (Thumb, 0 bytes, Stack size unknown bytes, libinit2.o(.ARM.Collect$$libinit$$0000001F))

<P><STRONG><a name="[18e]"></a>__rt_lib_init_getenv_1</STRONG> (Thumb, 0 bytes, Stack size unknown bytes, libinit2.o(.ARM.Collect$$libinit$$00000023))

<P><STRONG><a name="[18f]"></a>__rt_lib_init_lc_numeric_1</STRONG> (Thumb, 0 bytes, Stack size unknown bytes, libinit2.o(.ARM.Collect$$libinit$$00000017))

<P><STRONG><a name="[190]"></a>__rt_lib_init_lc_time_1</STRONG> (Thumb, 0 bytes, Stack size unknown bytes, libinit2.o(.ARM.Collect$$libinit$$00000019))

<P><STRONG><a name="[191]"></a>__rt_lib_init_return</STRONG> (Thumb, 0 bytes, Stack size unknown bytes, libinit2.o(.ARM.Collect$$libinit$$00000033))

<P><STRONG><a name="[192]"></a>__rt_lib_init_signal_1</STRONG> (Thumb, 0 bytes, Stack size unknown bytes, libinit2.o(.ARM.Collect$$libinit$$0000001D))

<P><STRONG><a name="[193]"></a>__rt_lib_init_stdio_1</STRONG> (Thumb, 0 bytes, Stack size unknown bytes, libinit2.o(.ARM.Collect$$libinit$$00000025))

<P><STRONG><a name="[5a]"></a>__rt_lib_shutdown</STRONG> (Thumb, 0 bytes, Stack size unknown bytes, libshutdown.o(.ARM.Collect$$libshutdown$$00000000))
<BR><BR>[Called By]<UL><LI><a href="#[59]">&gt;&gt;</a>&nbsp;&nbsp;&nbsp;__rt_exit_ls
</UL>

<P><STRONG><a name="[194]"></a>__rt_lib_shutdown_cpp_1</STRONG> (Thumb, 0 bytes, Stack size unknown bytes, libshutdown2.o(.ARM.Collect$$libshutdown$$00000002))

<P><STRONG><a name="[195]"></a>__rt_lib_shutdown_fp_trap_1</STRONG> (Thumb, 0 bytes, Stack size unknown bytes, libshutdown2.o(.ARM.Collect$$libshutdown$$00000007))

<P><STRONG><a name="[196]"></a>__rt_lib_shutdown_heap_1</STRONG> (Thumb, 0 bytes, Stack size unknown bytes, libshutdown2.o(.ARM.Collect$$libshutdown$$0000000F))

<P><STRONG><a name="[197]"></a>__rt_lib_shutdown_return</STRONG> (Thumb, 0 bytes, Stack size unknown bytes, libshutdown2.o(.ARM.Collect$$libshutdown$$00000010))

<P><STRONG><a name="[198]"></a>__rt_lib_shutdown_signal_1</STRONG> (Thumb, 0 bytes, Stack size unknown bytes, libshutdown2.o(.ARM.Collect$$libshutdown$$0000000A))

<P><STRONG><a name="[199]"></a>__rt_lib_shutdown_stdio_1</STRONG> (Thumb, 0 bytes, Stack size unknown bytes, libshutdown2.o(.ARM.Collect$$libshutdown$$00000004))

<P><STRONG><a name="[19a]"></a>__rt_lib_shutdown_user_alloc_1</STRONG> (Thumb, 0 bytes, Stack size unknown bytes, libshutdown2.o(.ARM.Collect$$libshutdown$$0000000C))

<P><STRONG><a name="[43]"></a>__rt_entry</STRONG> (Thumb, 0 bytes, Stack size unknown bytes, __rtentry.o(.ARM.Collect$$rtentry$$00000000))
<BR><BR>[Called By]<UL><LI><a href="#[41]">&gt;&gt;</a>&nbsp;&nbsp;&nbsp;__main
<LI><a href="#[44]">&gt;&gt;</a>&nbsp;&nbsp;&nbsp;__scatterload_rt2
</UL>

<P><STRONG><a name="[19b]"></a>__rt_entry_presh_1</STRONG> (Thumb, 0 bytes, Stack size unknown bytes, __rtentry2.o(.ARM.Collect$$rtentry$$00000002))

<P><STRONG><a name="[52]"></a>__rt_entry_sh</STRONG> (Thumb, 0 bytes, Stack size unknown bytes, __rtentry4.o(.ARM.Collect$$rtentry$$00000004))
<BR><BR>[Stack]<UL><LI>Max Depth = 8 + Unknown Stack Size
<LI>Call Chain = __rt_entry_sh &rArr; __user_setup_stackheap
</UL>
<BR>[Calls]<UL><LI><a href="#[53]">&gt;&gt;</a>&nbsp;&nbsp;&nbsp;__user_setup_stackheap
</UL>

<P><STRONG><a name="[54]"></a>__rt_entry_li</STRONG> (Thumb, 0 bytes, Stack size unknown bytes, __rtentry2.o(.ARM.Collect$$rtentry$$0000000A))
<BR><BR>[Calls]<UL><LI><a href="#[55]">&gt;&gt;</a>&nbsp;&nbsp;&nbsp;__rt_lib_init
</UL>

<P><STRONG><a name="[19c]"></a>__rt_entry_postsh_1</STRONG> (Thumb, 0 bytes, Stack size unknown bytes, __rtentry2.o(.ARM.Collect$$rtentry$$00000009))

<P><STRONG><a name="[56]"></a>__rt_entry_main</STRONG> (Thumb, 0 bytes, Stack size unknown bytes, __rtentry2.o(.ARM.Collect$$rtentry$$0000000D))
<BR><BR>[Stack]<UL><LI>Max Depth = 856 + Unknown Stack Size
<LI>Call Chain = __rt_entry_main &rArr; main &rArr; AppModeManager_Process &rArr; app_poll_commands &rArr; app_handle_command &rArr; app_start_selected_mode &rArr; app_refresh_imu &rArr; DrvImuBno08x_Read &rArr; DrvImuBno08x_Init &rArr; drv_imu_attempt_init_at_addr &rArr; drv_imu_request_product_id &rArr; drv_imu_receive_packet &rArr; drv_imu_read_block &rArr; drv_imu_send_byte &rArr; drv_imu_sda_out &rArr; GPIO_Init
</UL>
<BR>[Calls]<UL><LI><a href="#[57]">&gt;&gt;</a>&nbsp;&nbsp;&nbsp;main
<LI><a href="#[58]">&gt;&gt;</a>&nbsp;&nbsp;&nbsp;exit
</UL>

<P><STRONG><a name="[19d]"></a>__rt_entry_postli_1</STRONG> (Thumb, 0 bytes, Stack size unknown bytes, __rtentry2.o(.ARM.Collect$$rtentry$$0000000C))

<P><STRONG><a name="[84]"></a>__rt_exit</STRONG> (Thumb, 0 bytes, Stack size unknown bytes, rtexit.o(.ARM.Collect$$rtexit$$00000000))
<BR><BR>[Called By]<UL><LI><a href="#[58]">&gt;&gt;</a>&nbsp;&nbsp;&nbsp;exit
</UL>

<P><STRONG><a name="[59]"></a>__rt_exit_ls</STRONG> (Thumb, 0 bytes, Stack size unknown bytes, rtexit2.o(.ARM.Collect$$rtexit$$00000003))
<BR><BR>[Calls]<UL><LI><a href="#[5a]">&gt;&gt;</a>&nbsp;&nbsp;&nbsp;__rt_lib_shutdown
</UL>

<P><STRONG><a name="[19e]"></a>__rt_exit_prels_1</STRONG> (Thumb, 0 bytes, Stack size unknown bytes, rtexit2.o(.ARM.Collect$$rtexit$$00000002))

<P><STRONG><a name="[5b]"></a>__rt_exit_exit</STRONG> (Thumb, 0 bytes, Stack size unknown bytes, rtexit2.o(.ARM.Collect$$rtexit$$00000004))
<BR><BR>[Calls]<UL><LI><a href="#[5c]">&gt;&gt;</a>&nbsp;&nbsp;&nbsp;_sys_exit
</UL>

<P><STRONG><a name="[4]"></a>Reset_Handler</STRONG> (Thumb, 8 bytes, Stack size 0 bytes, startup_stm32f10x_md.o(.text))
<BR>[Address Reference Count : 1]<UL><LI> startup_stm32f10x_md.o(RESET)
</UL>
<P><STRONG><a name="[20]"></a>ADC1_2_IRQHandler</STRONG> (Thumb, 0 bytes, Stack size 0 bytes, startup_stm32f10x_md.o(.text))
<BR><BR>[Calls]<UL><LI><a href="#[20]">&gt;&gt;</a>&nbsp;&nbsp;&nbsp;ADC1_2_IRQHandler
</UL>
<BR>[Called By]<UL><LI><a href="#[20]">&gt;&gt;</a>&nbsp;&nbsp;&nbsp;ADC1_2_IRQHandler
</UL>
<BR>[Address Reference Count : 1]<UL><LI> startup_stm32f10x_md.o(RESET)
</UL>
<P><STRONG><a name="[23]"></a>CAN1_RX1_IRQHandler</STRONG> (Thumb, 0 bytes, Stack size 0 bytes, startup_stm32f10x_md.o(.text))
<BR>[Address Reference Count : 1]<UL><LI> startup_stm32f10x_md.o(RESET)
</UL>
<P><STRONG><a name="[24]"></a>CAN1_SCE_IRQHandler</STRONG> (Thumb, 0 bytes, Stack size 0 bytes, startup_stm32f10x_md.o(.text))
<BR>[Address Reference Count : 1]<UL><LI> startup_stm32f10x_md.o(RESET)
</UL>
<P><STRONG><a name="[19]"></a>DMA1_Channel1_IRQHandler</STRONG> (Thumb, 0 bytes, Stack size 0 bytes, startup_stm32f10x_md.o(.text))
<BR>[Address Reference Count : 1]<UL><LI> startup_stm32f10x_md.o(RESET)
</UL>
<P><STRONG><a name="[1a]"></a>DMA1_Channel2_IRQHandler</STRONG> (Thumb, 0 bytes, Stack size 0 bytes, startup_stm32f10x_md.o(.text))
<BR>[Address Reference Count : 1]<UL><LI> startup_stm32f10x_md.o(RESET)
</UL>
<P><STRONG><a name="[1b]"></a>DMA1_Channel3_IRQHandler</STRONG> (Thumb, 0 bytes, Stack size 0 bytes, startup_stm32f10x_md.o(.text))
<BR>[Address Reference Count : 1]<UL><LI> startup_stm32f10x_md.o(RESET)
</UL>
<P><STRONG><a name="[1c]"></a>DMA1_Channel4_IRQHandler</STRONG> (Thumb, 0 bytes, Stack size 0 bytes, startup_stm32f10x_md.o(.text))
<BR>[Address Reference Count : 1]<UL><LI> startup_stm32f10x_md.o(RESET)
</UL>
<P><STRONG><a name="[1d]"></a>DMA1_Channel5_IRQHandler</STRONG> (Thumb, 0 bytes, Stack size 0 bytes, startup_stm32f10x_md.o(.text))
<BR>[Address Reference Count : 1]<UL><LI> startup_stm32f10x_md.o(RESET)
</UL>
<P><STRONG><a name="[1e]"></a>DMA1_Channel6_IRQHandler</STRONG> (Thumb, 0 bytes, Stack size 0 bytes, startup_stm32f10x_md.o(.text))
<BR>[Address Reference Count : 1]<UL><LI> startup_stm32f10x_md.o(RESET)
</UL>
<P><STRONG><a name="[1f]"></a>DMA1_Channel7_IRQHandler</STRONG> (Thumb, 0 bytes, Stack size 0 bytes, startup_stm32f10x_md.o(.text))
<BR>[Address Reference Count : 1]<UL><LI> startup_stm32f10x_md.o(RESET)
</UL>
<P><STRONG><a name="[14]"></a>EXTI0_IRQHandler</STRONG> (Thumb, 0 bytes, Stack size 0 bytes, startup_stm32f10x_md.o(.text))
<BR>[Address Reference Count : 1]<UL><LI> startup_stm32f10x_md.o(RESET)
</UL>
<P><STRONG><a name="[36]"></a>EXTI15_10_IRQHandler</STRONG> (Thumb, 0 bytes, Stack size 0 bytes, startup_stm32f10x_md.o(.text))
<BR>[Address Reference Count : 1]<UL><LI> startup_stm32f10x_md.o(RESET)
</UL>
<P><STRONG><a name="[15]"></a>EXTI1_IRQHandler</STRONG> (Thumb, 0 bytes, Stack size 0 bytes, startup_stm32f10x_md.o(.text))
<BR>[Address Reference Count : 1]<UL><LI> startup_stm32f10x_md.o(RESET)
</UL>
<P><STRONG><a name="[16]"></a>EXTI2_IRQHandler</STRONG> (Thumb, 0 bytes, Stack size 0 bytes, startup_stm32f10x_md.o(.text))
<BR>[Address Reference Count : 1]<UL><LI> startup_stm32f10x_md.o(RESET)
</UL>
<P><STRONG><a name="[17]"></a>EXTI3_IRQHandler</STRONG> (Thumb, 0 bytes, Stack size 0 bytes, startup_stm32f10x_md.o(.text))
<BR>[Address Reference Count : 1]<UL><LI> startup_stm32f10x_md.o(RESET)
</UL>
<P><STRONG><a name="[18]"></a>EXTI4_IRQHandler</STRONG> (Thumb, 0 bytes, Stack size 0 bytes, startup_stm32f10x_md.o(.text))
<BR>[Address Reference Count : 1]<UL><LI> startup_stm32f10x_md.o(RESET)
</UL>
<P><STRONG><a name="[25]"></a>EXTI9_5_IRQHandler</STRONG> (Thumb, 0 bytes, Stack size 0 bytes, startup_stm32f10x_md.o(.text))
<BR>[Address Reference Count : 1]<UL><LI> startup_stm32f10x_md.o(RESET)
</UL>
<P><STRONG><a name="[12]"></a>FLASH_IRQHandler</STRONG> (Thumb, 0 bytes, Stack size 0 bytes, startup_stm32f10x_md.o(.text))
<BR>[Address Reference Count : 1]<UL><LI> startup_stm32f10x_md.o(RESET)
</UL>
<P><STRONG><a name="[2e]"></a>I2C1_ER_IRQHandler</STRONG> (Thumb, 0 bytes, Stack size 0 bytes, startup_stm32f10x_md.o(.text))
<BR>[Address Reference Count : 1]<UL><LI> startup_stm32f10x_md.o(RESET)
</UL>
<P><STRONG><a name="[2d]"></a>I2C1_EV_IRQHandler</STRONG> (Thumb, 0 bytes, Stack size 0 bytes, startup_stm32f10x_md.o(.text))
<BR>[Address Reference Count : 1]<UL><LI> startup_stm32f10x_md.o(RESET)
</UL>
<P><STRONG><a name="[30]"></a>I2C2_ER_IRQHandler</STRONG> (Thumb, 0 bytes, Stack size 0 bytes, startup_stm32f10x_md.o(.text))
<BR>[Address Reference Count : 1]<UL><LI> startup_stm32f10x_md.o(RESET)
</UL>
<P><STRONG><a name="[2f]"></a>I2C2_EV_IRQHandler</STRONG> (Thumb, 0 bytes, Stack size 0 bytes, startup_stm32f10x_md.o(.text))
<BR>[Address Reference Count : 1]<UL><LI> startup_stm32f10x_md.o(RESET)
</UL>
<P><STRONG><a name="[f]"></a>PVD_IRQHandler</STRONG> (Thumb, 0 bytes, Stack size 0 bytes, startup_stm32f10x_md.o(.text))
<BR>[Address Reference Count : 1]<UL><LI> startup_stm32f10x_md.o(RESET)
</UL>
<P><STRONG><a name="[13]"></a>RCC_IRQHandler</STRONG> (Thumb, 0 bytes, Stack size 0 bytes, startup_stm32f10x_md.o(.text))
<BR>[Address Reference Count : 1]<UL><LI> startup_stm32f10x_md.o(RESET)
</UL>
<P><STRONG><a name="[37]"></a>RTCAlarm_IRQHandler</STRONG> (Thumb, 0 bytes, Stack size 0 bytes, startup_stm32f10x_md.o(.text))
<BR>[Address Reference Count : 1]<UL><LI> startup_stm32f10x_md.o(RESET)
</UL>
<P><STRONG><a name="[11]"></a>RTC_IRQHandler</STRONG> (Thumb, 0 bytes, Stack size 0 bytes, startup_stm32f10x_md.o(.text))
<BR>[Address Reference Count : 1]<UL><LI> startup_stm32f10x_md.o(RESET)
</UL>
<P><STRONG><a name="[31]"></a>SPI1_IRQHandler</STRONG> (Thumb, 0 bytes, Stack size 0 bytes, startup_stm32f10x_md.o(.text))
<BR>[Address Reference Count : 1]<UL><LI> startup_stm32f10x_md.o(RESET)
</UL>
<P><STRONG><a name="[32]"></a>SPI2_IRQHandler</STRONG> (Thumb, 0 bytes, Stack size 0 bytes, startup_stm32f10x_md.o(.text))
<BR>[Address Reference Count : 1]<UL><LI> startup_stm32f10x_md.o(RESET)
</UL>
<P><STRONG><a name="[10]"></a>TAMPER_IRQHandler</STRONG> (Thumb, 0 bytes, Stack size 0 bytes, startup_stm32f10x_md.o(.text))
<BR>[Address Reference Count : 1]<UL><LI> startup_stm32f10x_md.o(RESET)
</UL>
<P><STRONG><a name="[26]"></a>TIM1_BRK_IRQHandler</STRONG> (Thumb, 0 bytes, Stack size 0 bytes, startup_stm32f10x_md.o(.text))
<BR>[Address Reference Count : 1]<UL><LI> startup_stm32f10x_md.o(RESET)
</UL>
<P><STRONG><a name="[29]"></a>TIM1_CC_IRQHandler</STRONG> (Thumb, 0 bytes, Stack size 0 bytes, startup_stm32f10x_md.o(.text))
<BR>[Address Reference Count : 1]<UL><LI> startup_stm32f10x_md.o(RESET)
</UL>
<P><STRONG><a name="[28]"></a>TIM1_TRG_COM_IRQHandler</STRONG> (Thumb, 0 bytes, Stack size 0 bytes, startup_stm32f10x_md.o(.text))
<BR>[Address Reference Count : 1]<UL><LI> startup_stm32f10x_md.o(RESET)
</UL>
<P><STRONG><a name="[27]"></a>TIM1_UP_IRQHandler</STRONG> (Thumb, 0 bytes, Stack size 0 bytes, startup_stm32f10x_md.o(.text))
<BR>[Address Reference Count : 1]<UL><LI> startup_stm32f10x_md.o(RESET)
</UL>
<P><STRONG><a name="[2a]"></a>TIM2_IRQHandler</STRONG> (Thumb, 0 bytes, Stack size 0 bytes, startup_stm32f10x_md.o(.text))
<BR>[Address Reference Count : 1]<UL><LI> startup_stm32f10x_md.o(RESET)
</UL>
<P><STRONG><a name="[2b]"></a>TIM3_IRQHandler</STRONG> (Thumb, 0 bytes, Stack size 0 bytes, startup_stm32f10x_md.o(.text))
<BR>[Address Reference Count : 1]<UL><LI> startup_stm32f10x_md.o(RESET)
</UL>
<P><STRONG><a name="[35]"></a>USART3_IRQHandler</STRONG> (Thumb, 0 bytes, Stack size 0 bytes, startup_stm32f10x_md.o(.text))
<BR>[Address Reference Count : 1]<UL><LI> startup_stm32f10x_md.o(RESET)
</UL>
<P><STRONG><a name="[38]"></a>USBWakeUp_IRQHandler</STRONG> (Thumb, 0 bytes, Stack size 0 bytes, startup_stm32f10x_md.o(.text))
<BR>[Address Reference Count : 1]<UL><LI> startup_stm32f10x_md.o(RESET)
</UL>
<P><STRONG><a name="[21]"></a>USB_HP_CAN1_TX_IRQHandler</STRONG> (Thumb, 0 bytes, Stack size 0 bytes, startup_stm32f10x_md.o(.text))
<BR>[Address Reference Count : 1]<UL><LI> startup_stm32f10x_md.o(RESET)
</UL>
<P><STRONG><a name="[22]"></a>USB_LP_CAN1_RX0_IRQHandler</STRONG> (Thumb, 0 bytes, Stack size 0 bytes, startup_stm32f10x_md.o(.text))
<BR>[Address Reference Count : 1]<UL><LI> startup_stm32f10x_md.o(RESET)
</UL>
<P><STRONG><a name="[e]"></a>WWDG_IRQHandler</STRONG> (Thumb, 0 bytes, Stack size 0 bytes, startup_stm32f10x_md.o(.text))
<BR>[Address Reference Count : 1]<UL><LI> startup_stm32f10x_md.o(RESET)
</UL>
<P><STRONG><a name="[7c]"></a>__user_initial_stackheap</STRONG> (Thumb, 0 bytes, Stack size unknown bytes, startup_stm32f10x_md.o(.text))
<BR><BR>[Called By]<UL><LI><a href="#[53]">&gt;&gt;</a>&nbsp;&nbsp;&nbsp;__user_setup_stackheap
</UL>

<P><STRONG><a name="[19f]"></a>__use_no_semihosting</STRONG> (Thumb, 2 bytes, Stack size 0 bytes, use_no_semi_2.o(.text), UNUSED)

<P><STRONG><a name="[5d]"></a>__2snprintf</STRONG> (Thumb, 48 bytes, Stack size 32 bytes, noretval__2snprintf.o(.text))
<BR><BR>[Stack]<UL><LI>Max Depth = 136 + Unknown Stack Size
<LI>Call Chain = __2snprintf &rArr; _printf_char_common &rArr; __printf
</UL>
<BR>[Calls]<UL><LI><a href="#[5f]">&gt;&gt;</a>&nbsp;&nbsp;&nbsp;_sputc
<LI><a href="#[5e]">&gt;&gt;</a>&nbsp;&nbsp;&nbsp;_printf_char_common
</UL>
<BR>[Called By]<UL><LI><a href="#[57]">&gt;&gt;</a>&nbsp;&nbsp;&nbsp;main
<LI><a href="#[9c]">&gt;&gt;</a>&nbsp;&nbsp;&nbsp;app_show_status
<LI><a href="#[9f]">&gt;&gt;</a>&nbsp;&nbsp;&nbsp;app_send_status
</UL>

<P><STRONG><a name="[61]"></a>_printf_pre_padding</STRONG> (Thumb, 44 bytes, Stack size 16 bytes, _printf_pad.o(.text))
<BR><BR>[Stack]<UL><LI>Max Depth = 16<LI>Call Chain = _printf_pre_padding
</UL>
<BR>[Called By]<UL><LI><a href="#[74]">&gt;&gt;</a>&nbsp;&nbsp;&nbsp;_printf_fp_infnan
<LI><a href="#[72]">&gt;&gt;</a>&nbsp;&nbsp;&nbsp;_printf_fp_dec_real
<LI><a href="#[63]">&gt;&gt;</a>&nbsp;&nbsp;&nbsp;_printf_int_common
<LI><a href="#[60]">&gt;&gt;</a>&nbsp;&nbsp;&nbsp;_printf_str
</UL>

<P><STRONG><a name="[62]"></a>_printf_post_padding</STRONG> (Thumb, 34 bytes, Stack size 16 bytes, _printf_pad.o(.text))
<BR><BR>[Stack]<UL><LI>Max Depth = 16<LI>Call Chain = _printf_post_padding
</UL>
<BR>[Called By]<UL><LI><a href="#[74]">&gt;&gt;</a>&nbsp;&nbsp;&nbsp;_printf_fp_infnan
<LI><a href="#[72]">&gt;&gt;</a>&nbsp;&nbsp;&nbsp;_printf_fp_dec_real
<LI><a href="#[63]">&gt;&gt;</a>&nbsp;&nbsp;&nbsp;_printf_int_common
<LI><a href="#[60]">&gt;&gt;</a>&nbsp;&nbsp;&nbsp;_printf_str
</UL>

<P><STRONG><a name="[60]"></a>_printf_str</STRONG> (Thumb, 82 bytes, Stack size 16 bytes, _printf_str.o(.text))
<BR><BR>[Stack]<UL><LI>Max Depth = 32<LI>Call Chain = _printf_str &rArr; _printf_post_padding
</UL>
<BR>[Calls]<UL><LI><a href="#[62]">&gt;&gt;</a>&nbsp;&nbsp;&nbsp;_printf_post_padding
<LI><a href="#[61]">&gt;&gt;</a>&nbsp;&nbsp;&nbsp;_printf_pre_padding
</UL>
<BR>[Called By]<UL><LI><a href="#[75]">&gt;&gt;</a>&nbsp;&nbsp;&nbsp;_printf_cs_common
</UL>

<P><STRONG><a name="[49]"></a>_printf_int_dec</STRONG> (Thumb, 104 bytes, Stack size 24 bytes, _printf_dec.o(.text))
<BR><BR>[Stack]<UL><LI>Max Depth = 72<LI>Call Chain = _printf_int_dec &rArr; _printf_int_common &rArr; _printf_post_padding
</UL>
<BR>[Calls]<UL><LI><a href="#[63]">&gt;&gt;</a>&nbsp;&nbsp;&nbsp;_printf_int_common
</UL>
<BR>[Called By]<UL><LI><a href="#[4a]">&gt;&gt;</a>&nbsp;&nbsp;&nbsp;_printf_u
<LI><a href="#[48]">&gt;&gt;</a>&nbsp;&nbsp;&nbsp;_printf_d
</UL>

<P><STRONG><a name="[64]"></a>__printf</STRONG> (Thumb, 308 bytes, Stack size 40 bytes, __printf_flags_wp.o(.text))
<BR><BR>[Stack]<UL><LI>Max Depth = 40 + Unknown Stack Size
<LI>Call Chain = __printf
</UL>
<BR>[Calls]<UL><LI><a href="#[66]">&gt;&gt;</a>&nbsp;&nbsp;&nbsp;_printf_percent
<LI><a href="#[65]">&gt;&gt;</a>&nbsp;&nbsp;&nbsp;_is_digit
</UL>
<BR>[Called By]<UL><LI><a href="#[5e]">&gt;&gt;</a>&nbsp;&nbsp;&nbsp;_printf_char_common
</UL>

<P><STRONG><a name="[132]"></a>strchr</STRONG> (Thumb, 20 bytes, Stack size 0 bytes, strchr.o(.text))
<BR><BR>[Called By]<UL><LI><a href="#[12b]">&gt;&gt;</a>&nbsp;&nbsp;&nbsp;app_parse_value
</UL>

<P><STRONG><a name="[12a]"></a>strstr</STRONG> (Thumb, 36 bytes, Stack size 12 bytes, strstr.o(.text))
<BR><BR>[Stack]<UL><LI>Max Depth = 12<LI>Call Chain = strstr
</UL>
<BR>[Called By]<UL><LI><a href="#[123]">&gt;&gt;</a>&nbsp;&nbsp;&nbsp;app_handle_command
</UL>

<P><STRONG><a name="[129]"></a>strncmp</STRONG> (Thumb, 150 bytes, Stack size 16 bytes, strncmp.o(.text))
<BR><BR>[Stack]<UL><LI>Max Depth = 16<LI>Call Chain = strncmp
</UL>
<BR>[Called By]<UL><LI><a href="#[123]">&gt;&gt;</a>&nbsp;&nbsp;&nbsp;app_handle_command
</UL>

<P><STRONG><a name="[10e]"></a>__aeabi_memclr</STRONG> (Thumb, 0 bytes, Stack size 0 bytes, rt_memclr.o(.text))
<BR><BR>[Called By]<UL><LI><a href="#[d3]">&gt;&gt;</a>&nbsp;&nbsp;&nbsp;drv_imu_receive_packet
<LI><a href="#[d1]">&gt;&gt;</a>&nbsp;&nbsp;&nbsp;drv_imu_attempt_init_at_addr
<LI><a href="#[e4]">&gt;&gt;</a>&nbsp;&nbsp;&nbsp;VOFA_Init
</UL>

<P><STRONG><a name="[67]"></a>__rt_memclr</STRONG> (Thumb, 68 bytes, Stack size 0 bytes, rt_memclr.o(.text), UNUSED)
<BR><BR>[Calls]<UL><LI><a href="#[68]">&gt;&gt;</a>&nbsp;&nbsp;&nbsp;_memset_w
</UL>

<P><STRONG><a name="[1a0]"></a>_memset</STRONG> (Thumb, 0 bytes, Stack size unknown bytes, rt_memclr.o(.text), UNUSED)

<P><STRONG><a name="[90]"></a>__aeabi_memclr4</STRONG> (Thumb, 0 bytes, Stack size 4 bytes, rt_memclr_w.o(.text))
<BR><BR>[Stack]<UL><LI>Max Depth = 4<LI>Call Chain = __aeabi_memclr4
</UL>
<BR>[Called By]<UL><LI><a href="#[97]">&gt;&gt;</a>&nbsp;&nbsp;&nbsp;DrvImuBno08x_Init
<LI><a href="#[145]">&gt;&gt;</a>&nbsp;&nbsp;&nbsp;drv_imu_enable_report
<LI><a href="#[8f]">&gt;&gt;</a>&nbsp;&nbsp;&nbsp;AppModeManager_Init
<LI><a href="#[99]">&gt;&gt;</a>&nbsp;&nbsp;&nbsp;AppTrackController_Init
<LI><a href="#[98]">&gt;&gt;</a>&nbsp;&nbsp;&nbsp;AppStraightController_Init
</UL>

<P><STRONG><a name="[1a1]"></a>__aeabi_memclr8</STRONG> (Thumb, 0 bytes, Stack size 4 bytes, rt_memclr_w.o(.text), UNUSED)

<P><STRONG><a name="[1a2]"></a>__rt_memclr_w</STRONG> (Thumb, 78 bytes, Stack size 4 bytes, rt_memclr_w.o(.text), UNUSED)

<P><STRONG><a name="[68]"></a>_memset_w</STRONG> (Thumb, 0 bytes, Stack size unknown bytes, rt_memclr_w.o(.text), UNUSED)
<BR><BR>[Called By]<UL><LI><a href="#[67]">&gt;&gt;</a>&nbsp;&nbsp;&nbsp;__rt_memclr
</UL>

<P><STRONG><a name="[124]"></a>strcmp</STRONG> (Thumb, 128 bytes, Stack size 0 bytes, strcmpv7m.o(.text))
<BR><BR>[Called By]<UL><LI><a href="#[51]">&gt;&gt;</a>&nbsp;&nbsp;&nbsp;_get_lc_numeric
<LI><a href="#[123]">&gt;&gt;</a>&nbsp;&nbsp;&nbsp;app_handle_command
<LI><a href="#[40]">&gt;&gt;</a>&nbsp;&nbsp;&nbsp;_get_lc_ctype
</UL>

<P><STRONG><a name="[1a3]"></a>__use_two_region_memory</STRONG> (Thumb, 2 bytes, Stack size 0 bytes, heapauxi.o(.text), UNUSED)

<P><STRONG><a name="[1a4]"></a>__rt_heap_escrow$2region</STRONG> (Thumb, 2 bytes, Stack size 0 bytes, heapauxi.o(.text), UNUSED)

<P><STRONG><a name="[1a5]"></a>__rt_heap_expand$2region</STRONG> (Thumb, 2 bytes, Stack size 0 bytes, heapauxi.o(.text), UNUSED)

<P><STRONG><a name="[1a6]"></a>__I$use$semihosting</STRONG> (Thumb, 0 bytes, Stack size 0 bytes, use_no_semi.o(.text), UNUSED)

<P><STRONG><a name="[1a7]"></a>__use_no_semihosting_swi</STRONG> (Thumb, 2 bytes, Stack size 0 bytes, use_no_semi.o(.text), UNUSED)

<P><STRONG><a name="[69]"></a>__read_errno</STRONG> (Thumb, 10 bytes, Stack size 8 bytes, _rserrno.o(.text))
<BR><BR>[Stack]<UL><LI>Max Depth = 8<LI>Call Chain = __read_errno
</UL>
<BR>[Calls]<UL><LI><a href="#[6a]">&gt;&gt;</a>&nbsp;&nbsp;&nbsp;__aeabi_errno_addr
</UL>
<BR>[Called By]<UL><LI><a href="#[133]">&gt;&gt;</a>&nbsp;&nbsp;&nbsp;atof
</UL>

<P><STRONG><a name="[6b]"></a>__set_errno</STRONG> (Thumb, 12 bytes, Stack size 8 bytes, _rserrno.o(.text))
<BR><BR>[Stack]<UL><LI>Max Depth = 8<LI>Call Chain = __set_errno
</UL>
<BR>[Calls]<UL><LI><a href="#[6a]">&gt;&gt;</a>&nbsp;&nbsp;&nbsp;__aeabi_errno_addr
</UL>
<BR>[Called By]<UL><LI><a href="#[13d]">&gt;&gt;</a>&nbsp;&nbsp;&nbsp;sqrtf
<LI><a href="#[133]">&gt;&gt;</a>&nbsp;&nbsp;&nbsp;atof
<LI><a href="#[13b]">&gt;&gt;</a>&nbsp;&nbsp;&nbsp;asinf
<LI><a href="#[120]">&gt;&gt;</a>&nbsp;&nbsp;&nbsp;ldexp
<LI><a href="#[11b]">&gt;&gt;</a>&nbsp;&nbsp;&nbsp;__mathlib_tofloat
</UL>

<P><STRONG><a name="[63]"></a>_printf_int_common</STRONG> (Thumb, 178 bytes, Stack size 32 bytes, _printf_intcommon.o(.text))
<BR><BR>[Stack]<UL><LI>Max Depth = 48<LI>Call Chain = _printf_int_common &rArr; _printf_post_padding
</UL>
<BR>[Calls]<UL><LI><a href="#[62]">&gt;&gt;</a>&nbsp;&nbsp;&nbsp;_printf_post_padding
<LI><a href="#[61]">&gt;&gt;</a>&nbsp;&nbsp;&nbsp;_printf_pre_padding
</UL>
<BR>[Called By]<UL><LI><a href="#[49]">&gt;&gt;</a>&nbsp;&nbsp;&nbsp;_printf_int_dec
</UL>

<P><STRONG><a name="[1a8]"></a>__lib_sel_fp_printf</STRONG> (Thumb, 2 bytes, Stack size 0 bytes, _printf_fp_dec.o(.text), UNUSED)

<P><STRONG><a name="[72]"></a>_printf_fp_dec_real</STRONG> (Thumb, 620 bytes, Stack size 104 bytes, _printf_fp_dec.o(.text))
<BR><BR>[Stack]<UL><LI>Max Depth = 324<LI>Call Chain = _printf_fp_dec_real &rArr; _fp_digits &rArr; _btod_etento &rArr; _btod_emul &rArr; _e2e
</UL>
<BR>[Calls]<UL><LI><a href="#[73]">&gt;&gt;</a>&nbsp;&nbsp;&nbsp;__ARM_fpclassify
<LI><a href="#[74]">&gt;&gt;</a>&nbsp;&nbsp;&nbsp;_printf_fp_infnan
<LI><a href="#[4e]">&gt;&gt;</a>&nbsp;&nbsp;&nbsp;__rt_locale
<LI><a href="#[6c]">&gt;&gt;</a>&nbsp;&nbsp;&nbsp;_fp_digits
<LI><a href="#[62]">&gt;&gt;</a>&nbsp;&nbsp;&nbsp;_printf_post_padding
<LI><a href="#[61]">&gt;&gt;</a>&nbsp;&nbsp;&nbsp;_printf_pre_padding
</UL>
<BR>[Called By]<UL><LI><a href="#[47]">&gt;&gt;</a>&nbsp;&nbsp;&nbsp;_printf_fp_dec
</UL>

<P><STRONG><a name="[5e]"></a>_printf_char_common</STRONG> (Thumb, 32 bytes, Stack size 64 bytes, _printf_char_common.o(.text))
<BR><BR>[Stack]<UL><LI>Max Depth = 104 + Unknown Stack Size
<LI>Call Chain = _printf_char_common &rArr; __printf
</UL>
<BR>[Calls]<UL><LI><a href="#[64]">&gt;&gt;</a>&nbsp;&nbsp;&nbsp;__printf
</UL>
<BR>[Called By]<UL><LI><a href="#[5d]">&gt;&gt;</a>&nbsp;&nbsp;&nbsp;__2snprintf
</UL>

<P><STRONG><a name="[5f]"></a>_sputc</STRONG> (Thumb, 10 bytes, Stack size 0 bytes, _sputc.o(.text))
<BR><BR>[Called By]<UL><LI><a href="#[5d]">&gt;&gt;</a>&nbsp;&nbsp;&nbsp;__2snprintf
</UL>

<P><STRONG><a name="[3b]"></a>_snputc</STRONG> (Thumb, 16 bytes, Stack size 0 bytes, _snputc.o(.text))
<BR>[Address Reference Count : 1]<UL><LI> noretval__2snprintf.o(.text)
</UL>
<P><STRONG><a name="[75]"></a>_printf_cs_common</STRONG> (Thumb, 20 bytes, Stack size 8 bytes, _printf_char.o(.text))
<BR><BR>[Stack]<UL><LI>Max Depth = 40<LI>Call Chain = _printf_cs_common &rArr; _printf_str &rArr; _printf_post_padding
</UL>
<BR>[Calls]<UL><LI><a href="#[60]">&gt;&gt;</a>&nbsp;&nbsp;&nbsp;_printf_str
</UL>
<BR>[Called By]<UL><LI><a href="#[4c]">&gt;&gt;</a>&nbsp;&nbsp;&nbsp;_printf_string
<LI><a href="#[76]">&gt;&gt;</a>&nbsp;&nbsp;&nbsp;_printf_char
</UL>

<P><STRONG><a name="[76]"></a>_printf_char</STRONG> (Thumb, 16 bytes, Stack size 0 bytes, _printf_char.o(.text), UNUSED)
<BR><BR>[Calls]<UL><LI><a href="#[75]">&gt;&gt;</a>&nbsp;&nbsp;&nbsp;_printf_cs_common
</UL>

<P><STRONG><a name="[4c]"></a>_printf_string</STRONG> (Thumb, 8 bytes, Stack size 0 bytes, _printf_char.o(.text))
<BR><BR>[Stack]<UL><LI>Max Depth = 40<LI>Call Chain = _printf_string &rArr; _printf_cs_common &rArr; _printf_str &rArr; _printf_post_padding
</UL>
<BR>[Calls]<UL><LI><a href="#[75]">&gt;&gt;</a>&nbsp;&nbsp;&nbsp;_printf_cs_common
</UL>
<BR>[Called By]<UL><LI><a href="#[4b]">&gt;&gt;</a>&nbsp;&nbsp;&nbsp;_printf_s
</UL>

<P><STRONG><a name="[79]"></a>__strtod_int</STRONG> (Thumb, 90 bytes, Stack size 40 bytes, strtod.o(.text))
<BR><BR>[Stack]<UL><LI>Max Depth = 436<LI>Call Chain = __strtod_int &rArr; _local_sscanf &rArr; _scanf_real &rArr; _scanf_really_real &rArr; _fp_value &rArr; _btod_etento &rArr; _btod_emul &rArr; _e2e
</UL>
<BR>[Calls]<UL><LI><a href="#[77]">&gt;&gt;</a>&nbsp;&nbsp;&nbsp;_local_sscanf
</UL>
<BR>[Called By]<UL><LI><a href="#[133]">&gt;&gt;</a>&nbsp;&nbsp;&nbsp;atof
</UL>

<P><STRONG><a name="[4e]"></a>__rt_locale</STRONG> (Thumb, 8 bytes, Stack size 0 bytes, rt_locale_intlibspace.o(.text))
<BR><BR>[Called By]<UL><LI><a href="#[7a]">&gt;&gt;</a>&nbsp;&nbsp;&nbsp;__rt_ctype_table
<LI><a href="#[72]">&gt;&gt;</a>&nbsp;&nbsp;&nbsp;_printf_fp_dec_real
<LI><a href="#[4d]">&gt;&gt;</a>&nbsp;&nbsp;&nbsp;__rt_lib_init_lc_common
<LI><a href="#[80]">&gt;&gt;</a>&nbsp;&nbsp;&nbsp;_scanf_really_real
</UL>

<P><STRONG><a name="[6a]"></a>__aeabi_errno_addr</STRONG> (Thumb, 8 bytes, Stack size 0 bytes, rt_errno_addr_intlibspace.o(.text))
<BR><BR>[Called By]<UL><LI><a href="#[6b]">&gt;&gt;</a>&nbsp;&nbsp;&nbsp;__set_errno
<LI><a href="#[69]">&gt;&gt;</a>&nbsp;&nbsp;&nbsp;__read_errno
<LI><a href="#[7d]">&gt;&gt;</a>&nbsp;&nbsp;&nbsp;_fp_value
</UL>

<P><STRONG><a name="[1a9]"></a>__errno$intlibspace</STRONG> (Thumb, 0 bytes, Stack size 0 bytes, rt_errno_addr_intlibspace.o(.text), UNUSED)

<P><STRONG><a name="[1aa]"></a>__rt_errno_addr$intlibspace</STRONG> (Thumb, 0 bytes, Stack size 0 bytes, rt_errno_addr_intlibspace.o(.text), UNUSED)

<P><STRONG><a name="[71]"></a>_ll_udiv10</STRONG> (Thumb, 138 bytes, Stack size 12 bytes, lludiv10.o(.text))
<BR><BR>[Stack]<UL><LI>Max Depth = 12<LI>Call Chain = _ll_udiv10
</UL>
<BR>[Called By]<UL><LI><a href="#[6c]">&gt;&gt;</a>&nbsp;&nbsp;&nbsp;_fp_digits
</UL>

<P><STRONG><a name="[3f]"></a>isspace</STRONG> (Thumb, 18 bytes, Stack size 8 bytes, isspace.o(.text))
<BR><BR>[Stack]<UL><LI>Max Depth = 16<LI>Call Chain = isspace &rArr; __rt_ctype_table
</UL>
<BR>[Calls]<UL><LI><a href="#[7a]">&gt;&gt;</a>&nbsp;&nbsp;&nbsp;__rt_ctype_table
</UL>
<BR>[Address Reference Count : 1]<UL><LI> strtod.o(.text)
</UL>
<P><STRONG><a name="[74]"></a>_printf_fp_infnan</STRONG> (Thumb, 112 bytes, Stack size 24 bytes, _printf_fp_infnan.o(.text))
<BR><BR>[Stack]<UL><LI>Max Depth = 40<LI>Call Chain = _printf_fp_infnan &rArr; _printf_post_padding
</UL>
<BR>[Calls]<UL><LI><a href="#[62]">&gt;&gt;</a>&nbsp;&nbsp;&nbsp;_printf_post_padding
<LI><a href="#[61]">&gt;&gt;</a>&nbsp;&nbsp;&nbsp;_printf_pre_padding
</UL>
<BR>[Called By]<UL><LI><a href="#[72]">&gt;&gt;</a>&nbsp;&nbsp;&nbsp;_printf_fp_dec_real
</UL>

<P><STRONG><a name="[3d]"></a>_sgetc</STRONG> (Thumb, 30 bytes, Stack size 0 bytes, _sgetc.o(.text))
<BR>[Address Reference Count : 1]<UL><LI> strtod.o(.text)
</UL>
<P><STRONG><a name="[3e]"></a>_sbackspace</STRONG> (Thumb, 34 bytes, Stack size 0 bytes, _sgetc.o(.text))
<BR>[Address Reference Count : 1]<UL><LI> strtod.o(.text)
</UL>
<P><STRONG><a name="[6d]"></a>_btod_etento</STRONG> (Thumb, 224 bytes, Stack size 72 bytes, bigflt0.o(.text))
<BR><BR>[Stack]<UL><LI>Max Depth = 124<LI>Call Chain = _btod_etento &rArr; _btod_emul &rArr; _e2e
</UL>
<BR>[Calls]<UL><LI><a href="#[70]">&gt;&gt;</a>&nbsp;&nbsp;&nbsp;_btod_emul
<LI><a href="#[6f]">&gt;&gt;</a>&nbsp;&nbsp;&nbsp;_btod_ediv
</UL>
<BR>[Called By]<UL><LI><a href="#[6c]">&gt;&gt;</a>&nbsp;&nbsp;&nbsp;_fp_digits
<LI><a href="#[7d]">&gt;&gt;</a>&nbsp;&nbsp;&nbsp;_fp_value
</UL>

<P><STRONG><a name="[1ab]"></a>__user_libspace</STRONG> (Thumb, 8 bytes, Stack size 0 bytes, libspace.o(.text), UNUSED)

<P><STRONG><a name="[7b]"></a>__user_perproc_libspace</STRONG> (Thumb, 0 bytes, Stack size 0 bytes, libspace.o(.text))
<BR><BR>[Called By]<UL><LI><a href="#[53]">&gt;&gt;</a>&nbsp;&nbsp;&nbsp;__user_setup_stackheap
</UL>

<P><STRONG><a name="[1ac]"></a>__user_perthread_libspace</STRONG> (Thumb, 0 bytes, Stack size 0 bytes, libspace.o(.text), UNUSED)

<P><STRONG><a name="[53]"></a>__user_setup_stackheap</STRONG> (Thumb, 74 bytes, Stack size 8 bytes, sys_stackheap_outer.o(.text))
<BR><BR>[Stack]<UL><LI>Max Depth = 8 + Unknown Stack Size
<LI>Call Chain = __user_setup_stackheap
</UL>
<BR>[Calls]<UL><LI><a href="#[7c]">&gt;&gt;</a>&nbsp;&nbsp;&nbsp;__user_initial_stackheap
<LI><a href="#[7b]">&gt;&gt;</a>&nbsp;&nbsp;&nbsp;__user_perproc_libspace
</UL>
<BR>[Called By]<UL><LI><a href="#[52]">&gt;&gt;</a>&nbsp;&nbsp;&nbsp;__rt_entry_sh
</UL>

<P><STRONG><a name="[7a]"></a>__rt_ctype_table</STRONG> (Thumb, 16 bytes, Stack size 8 bytes, rt_ctype_table.o(.text))
<BR><BR>[Stack]<UL><LI>Max Depth = 8<LI>Call Chain = __rt_ctype_table
</UL>
<BR>[Calls]<UL><LI><a href="#[4e]">&gt;&gt;</a>&nbsp;&nbsp;&nbsp;__rt_locale
</UL>
<BR>[Called By]<UL><LI><a href="#[3f]">&gt;&gt;</a>&nbsp;&nbsp;&nbsp;isspace
</UL>

<P><STRONG><a name="[80]"></a>_scanf_really_real</STRONG> (Thumb, 684 bytes, Stack size 120 bytes, scanf_fp.o(.text))
<BR><BR>[Stack]<UL><LI>Max Depth = 340<LI>Call Chain = _scanf_really_real &rArr; _fp_value &rArr; _btod_etento &rArr; _btod_emul &rArr; _e2e
</UL>
<BR>[Calls]<UL><LI><a href="#[4e]">&gt;&gt;</a>&nbsp;&nbsp;&nbsp;__rt_locale
<LI><a href="#[65]">&gt;&gt;</a>&nbsp;&nbsp;&nbsp;_is_digit
<LI><a href="#[83]">&gt;&gt;</a>&nbsp;&nbsp;&nbsp;__mathlib_narrow
<LI><a href="#[81]">&gt;&gt;</a>&nbsp;&nbsp;&nbsp;_scanf_infnan
<LI><a href="#[82]">&gt;&gt;</a>&nbsp;&nbsp;&nbsp;_scanf_hex_real
<LI><a href="#[7d]">&gt;&gt;</a>&nbsp;&nbsp;&nbsp;_fp_value
</UL>
<BR>[Called By]<UL><LI><a href="#[78]">&gt;&gt;</a>&nbsp;&nbsp;&nbsp;_scanf_real
</UL>

<P><STRONG><a name="[58]"></a>exit</STRONG> (Thumb, 18 bytes, Stack size 8 bytes, exit.o(.text))
<BR><BR>[Stack]<UL><LI>Max Depth = 8 + Unknown Stack Size
<LI>Call Chain = exit
</UL>
<BR>[Calls]<UL><LI><a href="#[84]">&gt;&gt;</a>&nbsp;&nbsp;&nbsp;__rt_exit
</UL>
<BR>[Called By]<UL><LI><a href="#[56]">&gt;&gt;</a>&nbsp;&nbsp;&nbsp;__rt_entry_main
</UL>

<P><STRONG><a name="[85]"></a>_scanf_really_hex_real</STRONG> (Thumb, 786 bytes, Stack size 80 bytes, scanf_hexfp.o(.text))
<BR><BR>[Stack]<UL><LI>Max Depth = 144<LI>Call Chain = _scanf_really_hex_real &rArr; __support_ldexp &rArr; ldexp &rArr; __aeabi_cdcmpeq
</UL>
<BR>[Calls]<UL><LI><a href="#[88]">&gt;&gt;</a>&nbsp;&nbsp;&nbsp;__support_ldexp
<LI><a href="#[86]">&gt;&gt;</a>&nbsp;&nbsp;&nbsp;_chval
<LI><a href="#[87]">&gt;&gt;</a>&nbsp;&nbsp;&nbsp;__aeabi_llsl
<LI><a href="#[83]">&gt;&gt;</a>&nbsp;&nbsp;&nbsp;__mathlib_narrow
</UL>
<BR>[Called By]<UL><LI><a href="#[82]">&gt;&gt;</a>&nbsp;&nbsp;&nbsp;_scanf_hex_real
</UL>

<P><STRONG><a name="[17a]"></a>_scanf_really_infnan</STRONG> (Thumb, 292 bytes, Stack size 72 bytes, scanf_infnan.o(.text))
<BR><BR>[Stack]<UL><LI>Max Depth = 72<LI>Call Chain = _scanf_really_infnan
</UL>
<BR>[Called By]<UL><LI><a href="#[81]">&gt;&gt;</a>&nbsp;&nbsp;&nbsp;_scanf_infnan
</UL>

<P><STRONG><a name="[87]"></a>__aeabi_llsl</STRONG> (Thumb, 0 bytes, Stack size 0 bytes, llshl.o(.text))
<BR><BR>[Called By]<UL><LI><a href="#[85]">&gt;&gt;</a>&nbsp;&nbsp;&nbsp;_scanf_really_hex_real
</UL>

<P><STRONG><a name="[1ad]"></a>_ll_shift_l</STRONG> (Thumb, 38 bytes, Stack size 0 bytes, llshl.o(.text), UNUSED)

<P><STRONG><a name="[86]"></a>_chval</STRONG> (Thumb, 28 bytes, Stack size 0 bytes, _chval.o(.text))
<BR><BR>[Called By]<UL><LI><a href="#[85]">&gt;&gt;</a>&nbsp;&nbsp;&nbsp;_scanf_really_hex_real
</UL>

<P><STRONG><a name="[6e]"></a>_btod_d2e</STRONG> (Thumb, 62 bytes, Stack size 0 bytes, btod.o(CL$$btod_d2e))
<BR><BR>[Calls]<UL><LI><a href="#[89]">&gt;&gt;</a>&nbsp;&nbsp;&nbsp;_d2e_norm_op1
</UL>
<BR>[Called By]<UL><LI><a href="#[6c]">&gt;&gt;</a>&nbsp;&nbsp;&nbsp;_fp_digits
</UL>

<P><STRONG><a name="[8a]"></a>_d2e_denorm_low</STRONG> (Thumb, 70 bytes, Stack size 0 bytes, btod.o(CL$$btod_d2e_denorm_low))
<BR><BR>[Called By]<UL><LI><a href="#[89]">&gt;&gt;</a>&nbsp;&nbsp;&nbsp;_d2e_norm_op1
</UL>

<P><STRONG><a name="[89]"></a>_d2e_norm_op1</STRONG> (Thumb, 96 bytes, Stack size 0 bytes, btod.o(CL$$btod_d2e_norm_op1))
<BR><BR>[Calls]<UL><LI><a href="#[8a]">&gt;&gt;</a>&nbsp;&nbsp;&nbsp;_d2e_denorm_low
</UL>
<BR>[Called By]<UL><LI><a href="#[6e]">&gt;&gt;</a>&nbsp;&nbsp;&nbsp;_btod_d2e
</UL>

<P><STRONG><a name="[8d]"></a>__btod_div_common</STRONG> (Thumb, 696 bytes, Stack size 24 bytes, btod.o(CL$$btod_div_common))
<BR><BR>[Stack]<UL><LI>Max Depth = 24<LI>Call Chain = __btod_div_common
</UL>
<BR>[Called By]<UL><LI><a href="#[7f]">&gt;&gt;</a>&nbsp;&nbsp;&nbsp;_btod_edivd
<LI><a href="#[6f]">&gt;&gt;</a>&nbsp;&nbsp;&nbsp;_btod_ediv
</UL>

<P><STRONG><a name="[8b]"></a>_e2d</STRONG> (Thumb, 122 bytes, Stack size 32 bytes, btod.o(CL$$btod_e2d))
<BR><BR>[Stack]<UL><LI>Max Depth = 56<LI>Call Chain = _e2d &rArr; _e2e
</UL>
<BR>[Calls]<UL><LI><a href="#[8c]">&gt;&gt;</a>&nbsp;&nbsp;&nbsp;_e2e
</UL>
<BR>[Called By]<UL><LI><a href="#[7e]">&gt;&gt;</a>&nbsp;&nbsp;&nbsp;_btod_emuld
<LI><a href="#[7f]">&gt;&gt;</a>&nbsp;&nbsp;&nbsp;_btod_edivd
</UL>

<P><STRONG><a name="[8c]"></a>_e2e</STRONG> (Thumb, 220 bytes, Stack size 24 bytes, btod.o(CL$$btod_e2e))
<BR><BR>[Stack]<UL><LI>Max Depth = 24<LI>Call Chain = _e2e
</UL>
<BR>[Called By]<UL><LI><a href="#[70]">&gt;&gt;</a>&nbsp;&nbsp;&nbsp;_btod_emul
<LI><a href="#[6f]">&gt;&gt;</a>&nbsp;&nbsp;&nbsp;_btod_ediv
<LI><a href="#[8b]">&gt;&gt;</a>&nbsp;&nbsp;&nbsp;_e2d
</UL>

<P><STRONG><a name="[6f]"></a>_btod_ediv</STRONG> (Thumb, 42 bytes, Stack size 28 bytes, btod.o(CL$$btod_ediv))
<BR><BR>[Stack]<UL><LI>Max Depth = 52<LI>Call Chain = _btod_ediv &rArr; _e2e
</UL>
<BR>[Calls]<UL><LI><a href="#[8c]">&gt;&gt;</a>&nbsp;&nbsp;&nbsp;_e2e
<LI><a href="#[8d]">&gt;&gt;</a>&nbsp;&nbsp;&nbsp;__btod_div_common
</UL>
<BR>[Called By]<UL><LI><a href="#[6d]">&gt;&gt;</a>&nbsp;&nbsp;&nbsp;_btod_etento
<LI><a href="#[6c]">&gt;&gt;</a>&nbsp;&nbsp;&nbsp;_fp_digits
</UL>

<P><STRONG><a name="[7f]"></a>_btod_edivd</STRONG> (Thumb, 42 bytes, Stack size 28 bytes, btod.o(CL$$btod_edivd))
<BR><BR>[Stack]<UL><LI>Max Depth = 84<LI>Call Chain = _btod_edivd &rArr; _e2d &rArr; _e2e
</UL>
<BR>[Calls]<UL><LI><a href="#[8b]">&gt;&gt;</a>&nbsp;&nbsp;&nbsp;_e2d
<LI><a href="#[8d]">&gt;&gt;</a>&nbsp;&nbsp;&nbsp;__btod_div_common
</UL>
<BR>[Called By]<UL><LI><a href="#[7d]">&gt;&gt;</a>&nbsp;&nbsp;&nbsp;_fp_value
</UL>

<P><STRONG><a name="[70]"></a>_btod_emul</STRONG> (Thumb, 42 bytes, Stack size 28 bytes, btod.o(CL$$btod_emul))
<BR><BR>[Stack]<UL><LI>Max Depth = 52<LI>Call Chain = _btod_emul &rArr; _e2e
</UL>
<BR>[Calls]<UL><LI><a href="#[8e]">&gt;&gt;</a>&nbsp;&nbsp;&nbsp;__btod_mult_common
<LI><a href="#[8c]">&gt;&gt;</a>&nbsp;&nbsp;&nbsp;_e2e
</UL>
<BR>[Called By]<UL><LI><a href="#[6d]">&gt;&gt;</a>&nbsp;&nbsp;&nbsp;_btod_etento
<LI><a href="#[6c]">&gt;&gt;</a>&nbsp;&nbsp;&nbsp;_fp_digits
</UL>

<P><STRONG><a name="[7e]"></a>_btod_emuld</STRONG> (Thumb, 42 bytes, Stack size 28 bytes, btod.o(CL$$btod_emuld))
<BR><BR>[Stack]<UL><LI>Max Depth = 84<LI>Call Chain = _btod_emuld &rArr; _e2d &rArr; _e2e
</UL>
<BR>[Calls]<UL><LI><a href="#[8e]">&gt;&gt;</a>&nbsp;&nbsp;&nbsp;__btod_mult_common
<LI><a href="#[8b]">&gt;&gt;</a>&nbsp;&nbsp;&nbsp;_e2d
</UL>
<BR>[Called By]<UL><LI><a href="#[7d]">&gt;&gt;</a>&nbsp;&nbsp;&nbsp;_fp_value
</UL>

<P><STRONG><a name="[8e]"></a>__btod_mult_common</STRONG> (Thumb, 580 bytes, Stack size 16 bytes, btod.o(CL$$btod_mult_common))
<BR><BR>[Stack]<UL><LI>Max Depth = 16<LI>Call Chain = __btod_mult_common
</UL>
<BR>[Called By]<UL><LI><a href="#[7e]">&gt;&gt;</a>&nbsp;&nbsp;&nbsp;_btod_emuld
<LI><a href="#[70]">&gt;&gt;</a>&nbsp;&nbsp;&nbsp;_btod_emul
</UL>

<P><STRONG><a name="[8f]"></a>AppModeManager_Init</STRONG> (Thumb, 134 bytes, Stack size 8 bytes, appmodemanager.o(i.AppModeManager_Init))
<BR><BR>[Stack]<UL><LI>Max Depth = 640 + Unknown Stack Size
<LI>Call Chain = AppModeManager_Init &rArr; DrvImuBno08x_Init &rArr; drv_imu_attempt_init_at_addr &rArr; drv_imu_request_product_id &rArr; drv_imu_receive_packet &rArr; drv_imu_read_block &rArr; drv_imu_send_byte &rArr; drv_imu_sda_out &rArr; GPIO_Init
</UL>
<BR>[Calls]<UL><LI><a href="#[97]">&gt;&gt;</a>&nbsp;&nbsp;&nbsp;DrvImuBno08x_Init
<LI><a href="#[96]">&gt;&gt;</a>&nbsp;&nbsp;&nbsp;DrvTrackSensor_Init
<LI><a href="#[95]">&gt;&gt;</a>&nbsp;&nbsp;&nbsp;DrvEncoder_Init
<LI><a href="#[9a]">&gt;&gt;</a>&nbsp;&nbsp;&nbsp;DrvMotor_Stop
<LI><a href="#[9b]">&gt;&gt;</a>&nbsp;&nbsp;&nbsp;DrvMotor_SetEnabled
<LI><a href="#[94]">&gt;&gt;</a>&nbsp;&nbsp;&nbsp;DrvMotor_Init
<LI><a href="#[93]">&gt;&gt;</a>&nbsp;&nbsp;&nbsp;DrvKey_Init
<LI><a href="#[92]">&gt;&gt;</a>&nbsp;&nbsp;&nbsp;DrvTelemetry_Init
<LI><a href="#[91]">&gt;&gt;</a>&nbsp;&nbsp;&nbsp;DrvDisplay_ShowLine
<LI><a href="#[90]">&gt;&gt;</a>&nbsp;&nbsp;&nbsp;__aeabi_memclr4
<LI><a href="#[9c]">&gt;&gt;</a>&nbsp;&nbsp;&nbsp;app_show_status
<LI><a href="#[99]">&gt;&gt;</a>&nbsp;&nbsp;&nbsp;AppTrackController_Init
<LI><a href="#[98]">&gt;&gt;</a>&nbsp;&nbsp;&nbsp;AppStraightController_Init
</UL>
<BR>[Called By]<UL><LI><a href="#[57]">&gt;&gt;</a>&nbsp;&nbsp;&nbsp;main
</UL>

<P><STRONG><a name="[9d]"></a>AppModeManager_Process</STRONG> (Thumb, 94 bytes, Stack size 8 bytes, appmodemanager.o(i.AppModeManager_Process))
<BR><BR>[Stack]<UL><LI>Max Depth = 792 + Unknown Stack Size
<LI>Call Chain = AppModeManager_Process &rArr; app_poll_commands &rArr; app_handle_command &rArr; app_start_selected_mode &rArr; app_refresh_imu &rArr; DrvImuBno08x_Read &rArr; DrvImuBno08x_Init &rArr; drv_imu_attempt_init_at_addr &rArr; drv_imu_request_product_id &rArr; drv_imu_receive_packet &rArr; drv_imu_read_block &rArr; drv_imu_send_byte &rArr; drv_imu_sda_out &rArr; GPIO_Init
</UL>
<BR>[Calls]<UL><LI><a href="#[a0]">&gt;&gt;</a>&nbsp;&nbsp;&nbsp;BspControlTick_ConsumeOneTick
<LI><a href="#[9c]">&gt;&gt;</a>&nbsp;&nbsp;&nbsp;app_show_status
<LI><a href="#[9f]">&gt;&gt;</a>&nbsp;&nbsp;&nbsp;app_send_status
<LI><a href="#[a1]">&gt;&gt;</a>&nbsp;&nbsp;&nbsp;app_poll_commands
<LI><a href="#[a2]">&gt;&gt;</a>&nbsp;&nbsp;&nbsp;app_handle_key
<LI><a href="#[9e]">&gt;&gt;</a>&nbsp;&nbsp;&nbsp;app_control_step
</UL>
<BR>[Called By]<UL><LI><a href="#[57]">&gt;&gt;</a>&nbsp;&nbsp;&nbsp;main
</UL>

<P><STRONG><a name="[98]"></a>AppStraightController_Init</STRONG> (Thumb, 64 bytes, Stack size 8 bytes, appstraightcontroller.o(i.AppStraightController_Init))
<BR><BR>[Stack]<UL><LI>Max Depth = 12<LI>Call Chain = AppStraightController_Init &rArr; __aeabi_memclr4
</UL>
<BR>[Calls]<UL><LI><a href="#[90]">&gt;&gt;</a>&nbsp;&nbsp;&nbsp;__aeabi_memclr4
</UL>
<BR>[Called By]<UL><LI><a href="#[8f]">&gt;&gt;</a>&nbsp;&nbsp;&nbsp;AppModeManager_Init
</UL>

<P><STRONG><a name="[127]"></a>AppStraightController_LockHeading</STRONG> (Thumb, 14 bytes, Stack size 0 bytes, appstraightcontroller.o(i.AppStraightController_LockHeading))
<BR><BR>[Called By]<UL><LI><a href="#[123]">&gt;&gt;</a>&nbsp;&nbsp;&nbsp;app_handle_command
</UL>

<P><STRONG><a name="[12e]"></a>AppStraightController_SetHeadingPid</STRONG> (Thumb, 20 bytes, Stack size 8 bytes, appstraightcontroller.o(i.AppStraightController_SetHeadingPid))
<BR><BR>[Stack]<UL><LI>Max Depth = 8<LI>Call Chain = AppStraightController_SetHeadingPid
</UL>
<BR>[Called By]<UL><LI><a href="#[123]">&gt;&gt;</a>&nbsp;&nbsp;&nbsp;app_handle_command
</UL>

<P><STRONG><a name="[130]"></a>AppStraightController_SetSpeedPid</STRONG> (Thumb, 20 bytes, Stack size 8 bytes, appstraightcontroller.o(i.AppStraightController_SetSpeedPid))
<BR><BR>[Stack]<UL><LI>Max Depth = 8<LI>Call Chain = AppStraightController_SetSpeedPid
</UL>
<BR>[Called By]<UL><LI><a href="#[123]">&gt;&gt;</a>&nbsp;&nbsp;&nbsp;app_handle_command
</UL>

<P><STRONG><a name="[12d]"></a>AppStraightController_SetTargetSpeed</STRONG> (Thumb, 10 bytes, Stack size 0 bytes, appstraightcontroller.o(i.AppStraightController_SetTargetSpeed))
<BR><BR>[Called By]<UL><LI><a href="#[123]">&gt;&gt;</a>&nbsp;&nbsp;&nbsp;app_handle_command
</UL>

<P><STRONG><a name="[a3]"></a>AppStraightController_Start</STRONG> (Thumb, 60 bytes, Stack size 16 bytes, appstraightcontroller.o(i.AppStraightController_Start))
<BR><BR>[Stack]<UL><LI>Max Depth = 16<LI>Call Chain = AppStraightController_Start
</UL>
<BR>[Calls]<UL><LI><a href="#[a4]">&gt;&gt;</a>&nbsp;&nbsp;&nbsp;app_straight_reset_integrators
</UL>
<BR>[Called By]<UL><LI><a href="#[125]">&gt;&gt;</a>&nbsp;&nbsp;&nbsp;app_start_selected_mode
</UL>

<P><STRONG><a name="[a5]"></a>AppStraightController_Step</STRONG> (Thumb, 464 bytes, Stack size 48 bytes, appstraightcontroller.o(i.AppStraightController_Step))
<BR><BR>[Stack]<UL><LI>Max Depth = 104<LI>Call Chain = AppStraightController_Step &rArr; app_straight_to_pwm &rArr; app_straight_clamp &rArr; __aeabi_cfcmple
</UL>
<BR>[Calls]<UL><LI><a href="#[a6]">&gt;&gt;</a>&nbsp;&nbsp;&nbsp;DrvImuBno08x_GetYawError
<LI><a href="#[a7]">&gt;&gt;</a>&nbsp;&nbsp;&nbsp;__aeabi_fmul
<LI><a href="#[ac]">&gt;&gt;</a>&nbsp;&nbsp;&nbsp;__aeabi_i2f
<LI><a href="#[ab]">&gt;&gt;</a>&nbsp;&nbsp;&nbsp;__aeabi_fdiv
<LI><a href="#[aa]">&gt;&gt;</a>&nbsp;&nbsp;&nbsp;__aeabi_fsub
<LI><a href="#[a8]">&gt;&gt;</a>&nbsp;&nbsp;&nbsp;__aeabi_fadd
<LI><a href="#[ad]">&gt;&gt;</a>&nbsp;&nbsp;&nbsp;app_straight_to_pwm
<LI><a href="#[a9]">&gt;&gt;</a>&nbsp;&nbsp;&nbsp;app_straight_clamp
</UL>
<BR>[Called By]<UL><LI><a href="#[9e]">&gt;&gt;</a>&nbsp;&nbsp;&nbsp;app_control_step
</UL>

<P><STRONG><a name="[ae]"></a>AppStraightController_Stop</STRONG> (Thumb, 24 bytes, Stack size 8 bytes, appstraightcontroller.o(i.AppStraightController_Stop))
<BR><BR>[Stack]<UL><LI>Max Depth = 8<LI>Call Chain = AppStraightController_Stop
</UL>
<BR>[Calls]<UL><LI><a href="#[a4]">&gt;&gt;</a>&nbsp;&nbsp;&nbsp;app_straight_reset_integrators
</UL>
<BR>[Called By]<UL><LI><a href="#[126]">&gt;&gt;</a>&nbsp;&nbsp;&nbsp;app_stop_mode
</UL>

<P><STRONG><a name="[99]"></a>AppTrackController_Init</STRONG> (Thumb, 72 bytes, Stack size 8 bytes, apptrackcontroller.o(i.AppTrackController_Init))
<BR><BR>[Stack]<UL><LI>Max Depth = 12<LI>Call Chain = AppTrackController_Init &rArr; __aeabi_memclr4
</UL>
<BR>[Calls]<UL><LI><a href="#[90]">&gt;&gt;</a>&nbsp;&nbsp;&nbsp;__aeabi_memclr4
</UL>
<BR>[Called By]<UL><LI><a href="#[8f]">&gt;&gt;</a>&nbsp;&nbsp;&nbsp;AppModeManager_Init
</UL>

<P><STRONG><a name="[12f]"></a>AppTrackController_SetLinePid</STRONG> (Thumb, 20 bytes, Stack size 8 bytes, apptrackcontroller.o(i.AppTrackController_SetLinePid))
<BR><BR>[Stack]<UL><LI>Max Depth = 8<LI>Call Chain = AppTrackController_SetLinePid
</UL>
<BR>[Called By]<UL><LI><a href="#[123]">&gt;&gt;</a>&nbsp;&nbsp;&nbsp;app_handle_command
</UL>

<P><STRONG><a name="[131]"></a>AppTrackController_SetSpeedPid</STRONG> (Thumb, 22 bytes, Stack size 8 bytes, apptrackcontroller.o(i.AppTrackController_SetSpeedPid))
<BR><BR>[Stack]<UL><LI>Max Depth = 8<LI>Call Chain = AppTrackController_SetSpeedPid
</UL>
<BR>[Called By]<UL><LI><a href="#[123]">&gt;&gt;</a>&nbsp;&nbsp;&nbsp;app_handle_command
</UL>

<P><STRONG><a name="[12c]"></a>AppTrackController_SetTargetSpeed</STRONG> (Thumb, 10 bytes, Stack size 0 bytes, apptrackcontroller.o(i.AppTrackController_SetTargetSpeed))
<BR><BR>[Called By]<UL><LI><a href="#[123]">&gt;&gt;</a>&nbsp;&nbsp;&nbsp;app_handle_command
</UL>

<P><STRONG><a name="[139]"></a>AppTrackController_Start</STRONG> (Thumb, 62 bytes, Stack size 0 bytes, apptrackcontroller.o(i.AppTrackController_Start))
<BR><BR>[Called By]<UL><LI><a href="#[125]">&gt;&gt;</a>&nbsp;&nbsp;&nbsp;app_start_selected_mode
</UL>

<P><STRONG><a name="[af]"></a>AppTrackController_Step</STRONG> (Thumb, 690 bytes, Stack size 40 bytes, apptrackcontroller.o(i.AppTrackController_Step))
<BR><BR>[Stack]<UL><LI>Max Depth = 96<LI>Call Chain = AppTrackController_Step &rArr; app_track_to_pwm &rArr; app_track_clamp &rArr; __aeabi_cfcmple
</UL>
<BR>[Calls]<UL><LI><a href="#[b0]">&gt;&gt;</a>&nbsp;&nbsp;&nbsp;__aeabi_cfrcmple
<LI><a href="#[a7]">&gt;&gt;</a>&nbsp;&nbsp;&nbsp;__aeabi_fmul
<LI><a href="#[b1]">&gt;&gt;</a>&nbsp;&nbsp;&nbsp;__aeabi_cfcmple
<LI><a href="#[ac]">&gt;&gt;</a>&nbsp;&nbsp;&nbsp;__aeabi_i2f
<LI><a href="#[ab]">&gt;&gt;</a>&nbsp;&nbsp;&nbsp;__aeabi_fdiv
<LI><a href="#[aa]">&gt;&gt;</a>&nbsp;&nbsp;&nbsp;__aeabi_fsub
<LI><a href="#[a8]">&gt;&gt;</a>&nbsp;&nbsp;&nbsp;__aeabi_fadd
<LI><a href="#[b3]">&gt;&gt;</a>&nbsp;&nbsp;&nbsp;app_track_to_pwm
<LI><a href="#[b2]">&gt;&gt;</a>&nbsp;&nbsp;&nbsp;app_track_clamp
</UL>
<BR>[Called By]<UL><LI><a href="#[9e]">&gt;&gt;</a>&nbsp;&nbsp;&nbsp;app_control_step
</UL>

<P><STRONG><a name="[13a]"></a>AppTrackController_Stop</STRONG> (Thumb, 22 bytes, Stack size 0 bytes, apptrackcontroller.o(i.AppTrackController_Stop))
<BR><BR>[Called By]<UL><LI><a href="#[126]">&gt;&gt;</a>&nbsp;&nbsp;&nbsp;app_stop_mode
</UL>

<P><STRONG><a name="[ee]"></a>BKP_ReadBackupRegister</STRONG> (Thumb, 24 bytes, Stack size 8 bytes, stm32f10x_bkp.o(i.BKP_ReadBackupRegister))
<BR><BR>[Stack]<UL><LI>Max Depth = 8<LI>Call Chain = BKP_ReadBackupRegister
</UL>
<BR>[Called By]<UL><LI><a href="#[ec]">&gt;&gt;</a>&nbsp;&nbsp;&nbsp;FaultTrace_GetAndClearCode
</UL>

<P><STRONG><a name="[ef]"></a>BKP_WriteBackupRegister</STRONG> (Thumb, 22 bytes, Stack size 8 bytes, stm32f10x_bkp.o(i.BKP_WriteBackupRegister))
<BR><BR>[Stack]<UL><LI>Max Depth = 8<LI>Call Chain = BKP_WriteBackupRegister
</UL>
<BR>[Called By]<UL><LI><a href="#[ec]">&gt;&gt;</a>&nbsp;&nbsp;&nbsp;FaultTrace_GetAndClearCode
<LI><a href="#[bf]">&gt;&gt;</a>&nbsp;&nbsp;&nbsp;bsp_fault_trace_store
</UL>

<P><STRONG><a name="[a0]"></a>BspControlTick_ConsumeOneTick</STRONG> (Thumb, 36 bytes, Stack size 0 bytes, bspcontroltick.o(i.BspControlTick_ConsumeOneTick))
<BR><BR>[Called By]<UL><LI><a href="#[9d]">&gt;&gt;</a>&nbsp;&nbsp;&nbsp;AppModeManager_Process
</UL>

<P><STRONG><a name="[b4]"></a>BspControlTick_Init</STRONG> (Thumb, 124 bytes, Stack size 24 bytes, bspcontroltick.o(i.BspControlTick_Init))
<BR><BR>[Stack]<UL><LI>Max Depth = 40<LI>Call Chain = BspControlTick_Init &rArr; NVIC_Init
</UL>
<BR>[Calls]<UL><LI><a href="#[b9]">&gt;&gt;</a>&nbsp;&nbsp;&nbsp;NVIC_PriorityGroupConfig
<LI><a href="#[ba]">&gt;&gt;</a>&nbsp;&nbsp;&nbsp;NVIC_Init
<LI><a href="#[b5]">&gt;&gt;</a>&nbsp;&nbsp;&nbsp;RCC_APB1PeriphClockCmd
<LI><a href="#[b6]">&gt;&gt;</a>&nbsp;&nbsp;&nbsp;TIM_TimeBaseInit
<LI><a href="#[b8]">&gt;&gt;</a>&nbsp;&nbsp;&nbsp;TIM_ITConfig
<LI><a href="#[bb]">&gt;&gt;</a>&nbsp;&nbsp;&nbsp;TIM_Cmd
<LI><a href="#[b7]">&gt;&gt;</a>&nbsp;&nbsp;&nbsp;TIM_ClearITPendingBit
</UL>
<BR>[Called By]<UL><LI><a href="#[57]">&gt;&gt;</a>&nbsp;&nbsp;&nbsp;main
</UL>

<P><STRONG><a name="[bc]"></a>BspControlTick_IrqHandler</STRONG> (Thumb, 56 bytes, Stack size 8 bytes, bspcontroltick.o(i.BspControlTick_IrqHandler))
<BR><BR>[Stack]<UL><LI>Max Depth = 20<LI>Call Chain = BspControlTick_IrqHandler &rArr; TIM_GetITStatus
</UL>
<BR>[Calls]<UL><LI><a href="#[bd]">&gt;&gt;</a>&nbsp;&nbsp;&nbsp;TIM_GetITStatus
<LI><a href="#[b7]">&gt;&gt;</a>&nbsp;&nbsp;&nbsp;TIM_ClearITPendingBit
</UL>
<BR>[Called By]<UL><LI><a href="#[2c]">&gt;&gt;</a>&nbsp;&nbsp;&nbsp;TIM4_IRQHandler
</UL>

<P><STRONG><a name="[be]"></a>BspFaultTrace_StoreAndReset</STRONG> (Thumb, 38 bytes, Stack size 0 bytes, bspfaulttrace.o(i.BspFaultTrace_StoreAndReset))
<BR><BR>[Stack]<UL><LI>Max Depth = 16<LI>Call Chain = BspFaultTrace_StoreAndReset &rArr; bsp_fault_trace_store &rArr; BKP_WriteBackupRegister
</UL>
<BR>[Calls]<UL><LI><a href="#[bf]">&gt;&gt;</a>&nbsp;&nbsp;&nbsp;bsp_fault_trace_store
</UL>
<BR>[Called By]<UL><LI><a href="#[9]">&gt;&gt;</a>&nbsp;&nbsp;&nbsp;UsageFault_Handler
<LI><a href="#[7]">&gt;&gt;</a>&nbsp;&nbsp;&nbsp;MemManage_Handler
<LI><a href="#[6]">&gt;&gt;</a>&nbsp;&nbsp;&nbsp;HardFault_Handler
<LI><a href="#[8]">&gt;&gt;</a>&nbsp;&nbsp;&nbsp;BusFault_Handler
</UL>

<P><STRONG><a name="[8]"></a>BusFault_Handler</STRONG> (Thumb, 10 bytes, Stack size 8 bytes, stm32f10x_it.o(i.BusFault_Handler))
<BR><BR>[Stack]<UL><LI>Max Depth = 24<LI>Call Chain = BusFault_Handler &rArr; BspFaultTrace_StoreAndReset &rArr; bsp_fault_trace_store &rArr; BKP_WriteBackupRegister
</UL>
<BR>[Calls]<UL><LI><a href="#[be]">&gt;&gt;</a>&nbsp;&nbsp;&nbsp;BspFaultTrace_StoreAndReset
</UL>
<BR>[Address Reference Count : 1]<UL><LI> startup_stm32f10x_md.o(RESET)
</UL>
<P><STRONG><a name="[b]"></a>DebugMon_Handler</STRONG> (Thumb, 2 bytes, Stack size 0 bytes, stm32f10x_it.o(i.DebugMon_Handler))
<BR>[Address Reference Count : 1]<UL><LI> startup_stm32f10x_md.o(RESET)
</UL>
<P><STRONG><a name="[c0]"></a>Delay_ms</STRONG> (Thumb, 24 bytes, Stack size 4 bytes, delay.o(i.Delay_ms))
<BR><BR>[Stack]<UL><LI>Max Depth = 4<LI>Call Chain = Delay_ms
</UL>
<BR>[Calls]<UL><LI><a href="#[c1]">&gt;&gt;</a>&nbsp;&nbsp;&nbsp;Delay_us
</UL>
<BR>[Called By]<UL><LI><a href="#[143]">&gt;&gt;</a>&nbsp;&nbsp;&nbsp;drv_imu_wait_present
<LI><a href="#[146]">&gt;&gt;</a>&nbsp;&nbsp;&nbsp;drv_imu_wait_first_report
<LI><a href="#[144]">&gt;&gt;</a>&nbsp;&nbsp;&nbsp;drv_imu_request_product_id
<LI><a href="#[142]">&gt;&gt;</a>&nbsp;&nbsp;&nbsp;drv_imu_hardware_reset
<LI><a href="#[d1]">&gt;&gt;</a>&nbsp;&nbsp;&nbsp;drv_imu_attempt_init_at_addr
</UL>

<P><STRONG><a name="[c1]"></a>Delay_us</STRONG> (Thumb, 46 bytes, Stack size 0 bytes, delay.o(i.Delay_us))
<BR><BR>[Called By]<UL><LI><a href="#[c0]">&gt;&gt;</a>&nbsp;&nbsp;&nbsp;Delay_ms
</UL>

<P><STRONG><a name="[c2]"></a>DrvDisplay_Init</STRONG> (Thumb, 8 bytes, Stack size 8 bytes, drvdisplay.o(i.DrvDisplay_Init))
<BR><BR>[Stack]<UL><LI>Max Depth = 80<LI>Call Chain = DrvDisplay_Init &rArr; OLED_Init &rArr; OLED_Clear &rArr; OLED_SetCursor &rArr; OLED_WriteCommand &rArr; OLED_I2C_SendByte &rArr; oled_delay
</UL>
<BR>[Calls]<UL><LI><a href="#[c3]">&gt;&gt;</a>&nbsp;&nbsp;&nbsp;OLED_Init
</UL>
<BR>[Called By]<UL><LI><a href="#[57]">&gt;&gt;</a>&nbsp;&nbsp;&nbsp;main
</UL>

<P><STRONG><a name="[91]"></a>DrvDisplay_ShowLine</STRONG> (Thumb, 72 bytes, Stack size 40 bytes, drvdisplay.o(i.DrvDisplay_ShowLine))
<BR><BR>[Stack]<UL><LI>Max Depth = 144<LI>Call Chain = DrvDisplay_ShowLine &rArr; OLED_ShowString &rArr; OLED_ShowChar &rArr; OLED_SetCursor &rArr; OLED_WriteCommand &rArr; OLED_I2C_SendByte &rArr; oled_delay
</UL>
<BR>[Calls]<UL><LI><a href="#[c4]">&gt;&gt;</a>&nbsp;&nbsp;&nbsp;OLED_ShowString
</UL>
<BR>[Called By]<UL><LI><a href="#[57]">&gt;&gt;</a>&nbsp;&nbsp;&nbsp;main
<LI><a href="#[8f]">&gt;&gt;</a>&nbsp;&nbsp;&nbsp;AppModeManager_Init
<LI><a href="#[9c]">&gt;&gt;</a>&nbsp;&nbsp;&nbsp;app_show_status
</UL>

<P><STRONG><a name="[95]"></a>DrvEncoder_Init</STRONG> (Thumb, 204 bytes, Stack size 24 bytes, drvencoder.o(i.DrvEncoder_Init))
<BR><BR>[Stack]<UL><LI>Max Depth = 48<LI>Call Chain = DrvEncoder_Init &rArr; GPIO_Init
</UL>
<BR>[Calls]<UL><LI><a href="#[c6]">&gt;&gt;</a>&nbsp;&nbsp;&nbsp;GPIO_Init
<LI><a href="#[c5]">&gt;&gt;</a>&nbsp;&nbsp;&nbsp;RCC_APB2PeriphClockCmd
<LI><a href="#[b5]">&gt;&gt;</a>&nbsp;&nbsp;&nbsp;RCC_APB1PeriphClockCmd
<LI><a href="#[b6]">&gt;&gt;</a>&nbsp;&nbsp;&nbsp;TIM_TimeBaseInit
<LI><a href="#[c8]">&gt;&gt;</a>&nbsp;&nbsp;&nbsp;TIM_SetCounter
<LI><a href="#[c7]">&gt;&gt;</a>&nbsp;&nbsp;&nbsp;TIM_EncoderInterfaceConfig
<LI><a href="#[bb]">&gt;&gt;</a>&nbsp;&nbsp;&nbsp;TIM_Cmd
</UL>
<BR>[Called By]<UL><LI><a href="#[8f]">&gt;&gt;</a>&nbsp;&nbsp;&nbsp;AppModeManager_Init
</UL>

<P><STRONG><a name="[c9]"></a>DrvEncoder_Reset</STRONG> (Thumb, 22 bytes, Stack size 8 bytes, drvencoder.o(i.DrvEncoder_Reset))
<BR><BR>[Stack]<UL><LI>Max Depth = 8<LI>Call Chain = DrvEncoder_Reset
</UL>
<BR>[Calls]<UL><LI><a href="#[c8]">&gt;&gt;</a>&nbsp;&nbsp;&nbsp;TIM_SetCounter
</UL>
<BR>[Called By]<UL><LI><a href="#[125]">&gt;&gt;</a>&nbsp;&nbsp;&nbsp;app_start_selected_mode
</UL>

<P><STRONG><a name="[ca]"></a>DrvEncoder_Sample</STRONG> (Thumb, 146 bytes, Stack size 24 bytes, drvencoder.o(i.DrvEncoder_Sample))
<BR><BR>[Stack]<UL><LI>Max Depth = 72<LI>Call Chain = DrvEncoder_Sample &rArr; drv_encoder_to_rpm &rArr; __aeabi_fmul
</UL>
<BR>[Calls]<UL><LI><a href="#[cd]">&gt;&gt;</a>&nbsp;&nbsp;&nbsp;drv_encoder_to_rpm
<LI><a href="#[cb]">&gt;&gt;</a>&nbsp;&nbsp;&nbsp;drv_encoder_read_delta_and_clear
<LI><a href="#[cc]">&gt;&gt;</a>&nbsp;&nbsp;&nbsp;drv_encoder_abs
</UL>
<BR>[Called By]<UL><LI><a href="#[9e]">&gt;&gt;</a>&nbsp;&nbsp;&nbsp;app_control_step
</UL>

<P><STRONG><a name="[a6]"></a>DrvImuBno08x_GetYawError</STRONG> (Thumb, 22 bytes, Stack size 16 bytes, drvimubno08x.o(i.DrvImuBno08x_GetYawError))
<BR><BR>[Stack]<UL><LI>Max Depth = 40<LI>Call Chain = DrvImuBno08x_GetYawError &rArr; drv_imu_wrap_deg &rArr; __aeabi_cfcmple
</UL>
<BR>[Calls]<UL><LI><a href="#[ce]">&gt;&gt;</a>&nbsp;&nbsp;&nbsp;drv_imu_wrap_deg
<LI><a href="#[aa]">&gt;&gt;</a>&nbsp;&nbsp;&nbsp;__aeabi_fsub
</UL>
<BR>[Called By]<UL><LI><a href="#[a5]">&gt;&gt;</a>&nbsp;&nbsp;&nbsp;AppStraightController_Step
</UL>

<P><STRONG><a name="[97]"></a>DrvImuBno08x_Init</STRONG> (Thumb, 262 bytes, Stack size 112 bytes, drvimubno08x.o(i.DrvImuBno08x_Init))
<BR><BR>[Stack]<UL><LI>Max Depth = 632<LI>Call Chain = DrvImuBno08x_Init &rArr; drv_imu_attempt_init_at_addr &rArr; drv_imu_request_product_id &rArr; drv_imu_receive_packet &rArr; drv_imu_read_block &rArr; drv_imu_send_byte &rArr; drv_imu_sda_out &rArr; GPIO_Init
</UL>
<BR>[Calls]<UL><LI><a href="#[d0]">&gt;&gt;</a>&nbsp;&nbsp;&nbsp;GPIO_SetBits
<LI><a href="#[cf]">&gt;&gt;</a>&nbsp;&nbsp;&nbsp;GPIO_PinRemapConfig
<LI><a href="#[c6]">&gt;&gt;</a>&nbsp;&nbsp;&nbsp;GPIO_Init
<LI><a href="#[c5]">&gt;&gt;</a>&nbsp;&nbsp;&nbsp;RCC_APB2PeriphClockCmd
<LI><a href="#[d1]">&gt;&gt;</a>&nbsp;&nbsp;&nbsp;drv_imu_attempt_init_at_addr
<LI><a href="#[90]">&gt;&gt;</a>&nbsp;&nbsp;&nbsp;__aeabi_memclr4
</UL>
<BR>[Called By]<UL><LI><a href="#[d2]">&gt;&gt;</a>&nbsp;&nbsp;&nbsp;DrvImuBno08x_Read
<LI><a href="#[8f]">&gt;&gt;</a>&nbsp;&nbsp;&nbsp;AppModeManager_Init
</UL>

<P><STRONG><a name="[d2]"></a>DrvImuBno08x_Read</STRONG> (Thumb, 148 bytes, Stack size 32 bytes, drvimubno08x.o(i.DrvImuBno08x_Read))
<BR><BR>[Stack]<UL><LI>Max Depth = 664<LI>Call Chain = DrvImuBno08x_Read &rArr; DrvImuBno08x_Init &rArr; drv_imu_attempt_init_at_addr &rArr; drv_imu_request_product_id &rArr; drv_imu_receive_packet &rArr; drv_imu_read_block &rArr; drv_imu_send_byte &rArr; drv_imu_sda_out &rArr; GPIO_Init
</UL>
<BR>[Calls]<UL><LI><a href="#[97]">&gt;&gt;</a>&nbsp;&nbsp;&nbsp;DrvImuBno08x_Init
<LI><a href="#[d3]">&gt;&gt;</a>&nbsp;&nbsp;&nbsp;drv_imu_receive_packet
<LI><a href="#[d4]">&gt;&gt;</a>&nbsp;&nbsp;&nbsp;drv_imu_parse_report
</UL>
<BR>[Called By]<UL><LI><a href="#[146]">&gt;&gt;</a>&nbsp;&nbsp;&nbsp;drv_imu_wait_first_report
<LI><a href="#[134]">&gt;&gt;</a>&nbsp;&nbsp;&nbsp;app_refresh_imu
<LI><a href="#[9e]">&gt;&gt;</a>&nbsp;&nbsp;&nbsp;app_control_step
</UL>

<P><STRONG><a name="[128]"></a>DrvImuBno08x_ResetAttitude</STRONG> (Thumb, 38 bytes, Stack size 0 bytes, drvimubno08x.o(i.DrvImuBno08x_ResetAttitude))
<BR><BR>[Called By]<UL><LI><a href="#[123]">&gt;&gt;</a>&nbsp;&nbsp;&nbsp;app_handle_command
</UL>

<P><STRONG><a name="[d5]"></a>DrvImuBno08x_UpdateYaw</STRONG> (Thumb, 322 bytes, Stack size 32 bytes, drvimubno08x.o(i.DrvImuBno08x_UpdateYaw))
<BR><BR>[Stack]<UL><LI>Max Depth = 56<LI>Call Chain = DrvImuBno08x_UpdateYaw &rArr; drv_imu_wrap_deg &rArr; __aeabi_cfcmple
</UL>
<BR>[Calls]<UL><LI><a href="#[ce]">&gt;&gt;</a>&nbsp;&nbsp;&nbsp;drv_imu_wrap_deg
<LI><a href="#[b0]">&gt;&gt;</a>&nbsp;&nbsp;&nbsp;__aeabi_cfrcmple
<LI><a href="#[a7]">&gt;&gt;</a>&nbsp;&nbsp;&nbsp;__aeabi_fmul
<LI><a href="#[b1]">&gt;&gt;</a>&nbsp;&nbsp;&nbsp;__aeabi_cfcmple
<LI><a href="#[ab]">&gt;&gt;</a>&nbsp;&nbsp;&nbsp;__aeabi_fdiv
<LI><a href="#[aa]">&gt;&gt;</a>&nbsp;&nbsp;&nbsp;__aeabi_fsub
<LI><a href="#[a8]">&gt;&gt;</a>&nbsp;&nbsp;&nbsp;__aeabi_fadd
</UL>
<BR>[Called By]<UL><LI><a href="#[134]">&gt;&gt;</a>&nbsp;&nbsp;&nbsp;app_refresh_imu
<LI><a href="#[9e]">&gt;&gt;</a>&nbsp;&nbsp;&nbsp;app_control_step
</UL>

<P><STRONG><a name="[93]"></a>DrvKey_Init</STRONG> (Thumb, 68 bytes, Stack size 8 bytes, drvkey.o(i.DrvKey_Init))
<BR><BR>[Stack]<UL><LI>Max Depth = 32<LI>Call Chain = DrvKey_Init &rArr; GPIO_Init
</UL>
<BR>[Calls]<UL><LI><a href="#[c6]">&gt;&gt;</a>&nbsp;&nbsp;&nbsp;GPIO_Init
<LI><a href="#[c5]">&gt;&gt;</a>&nbsp;&nbsp;&nbsp;RCC_APB2PeriphClockCmd
<LI><a href="#[d6]">&gt;&gt;</a>&nbsp;&nbsp;&nbsp;drv_key_is_pressed
</UL>
<BR>[Called By]<UL><LI><a href="#[8f]">&gt;&gt;</a>&nbsp;&nbsp;&nbsp;AppModeManager_Init
</UL>

<P><STRONG><a name="[d7]"></a>DrvKey_Poll</STRONG> (Thumb, 116 bytes, Stack size 16 bytes, drvkey.o(i.DrvKey_Poll))
<BR><BR>[Stack]<UL><LI>Max Depth = 24<LI>Call Chain = DrvKey_Poll &rArr; drv_key_is_pressed
</UL>
<BR>[Calls]<UL><LI><a href="#[d6]">&gt;&gt;</a>&nbsp;&nbsp;&nbsp;drv_key_is_pressed
</UL>
<BR>[Called By]<UL><LI><a href="#[a2]">&gt;&gt;</a>&nbsp;&nbsp;&nbsp;app_handle_key
</UL>

<P><STRONG><a name="[d8]"></a>DrvMotor_Apply</STRONG> (Thumb, 50 bytes, Stack size 16 bytes, drvmotor.o(i.DrvMotor_Apply))
<BR><BR>[Stack]<UL><LI>Max Depth = 40<LI>Call Chain = DrvMotor_Apply &rArr; DrvMotor_Stop &rArr; drv_motor_set_right
</UL>
<BR>[Calls]<UL><LI><a href="#[9a]">&gt;&gt;</a>&nbsp;&nbsp;&nbsp;DrvMotor_Stop
<LI><a href="#[db]">&gt;&gt;</a>&nbsp;&nbsp;&nbsp;drv_motor_set_right
<LI><a href="#[da]">&gt;&gt;</a>&nbsp;&nbsp;&nbsp;drv_motor_set_left
<LI><a href="#[d9]">&gt;&gt;</a>&nbsp;&nbsp;&nbsp;drv_motor_clamp
</UL>
<BR>[Called By]<UL><LI><a href="#[121]">&gt;&gt;</a>&nbsp;&nbsp;&nbsp;app_apply_motor_command
</UL>

<P><STRONG><a name="[94]"></a>DrvMotor_Init</STRONG> (Thumb, 228 bytes, Stack size 40 bytes, drvmotor.o(i.DrvMotor_Init))
<BR><BR>[Stack]<UL><LI>Max Depth = 72<LI>Call Chain = DrvMotor_Init &rArr; DrvMotor_SetEnabled &rArr; DrvMotor_Stop &rArr; drv_motor_set_right
</UL>
<BR>[Calls]<UL><LI><a href="#[c6]">&gt;&gt;</a>&nbsp;&nbsp;&nbsp;GPIO_Init
<LI><a href="#[c5]">&gt;&gt;</a>&nbsp;&nbsp;&nbsp;RCC_APB2PeriphClockCmd
<LI><a href="#[9a]">&gt;&gt;</a>&nbsp;&nbsp;&nbsp;DrvMotor_Stop
<LI><a href="#[9b]">&gt;&gt;</a>&nbsp;&nbsp;&nbsp;DrvMotor_SetEnabled
<LI><a href="#[b6]">&gt;&gt;</a>&nbsp;&nbsp;&nbsp;TIM_TimeBaseInit
<LI><a href="#[dc]">&gt;&gt;</a>&nbsp;&nbsp;&nbsp;TIM_OCStructInit
<LI><a href="#[e0]">&gt;&gt;</a>&nbsp;&nbsp;&nbsp;TIM_OC2PreloadConfig
<LI><a href="#[de]">&gt;&gt;</a>&nbsp;&nbsp;&nbsp;TIM_OC2Init
<LI><a href="#[df]">&gt;&gt;</a>&nbsp;&nbsp;&nbsp;TIM_OC1PreloadConfig
<LI><a href="#[dd]">&gt;&gt;</a>&nbsp;&nbsp;&nbsp;TIM_OC1Init
<LI><a href="#[e2]">&gt;&gt;</a>&nbsp;&nbsp;&nbsp;TIM_CtrlPWMOutputs
<LI><a href="#[bb]">&gt;&gt;</a>&nbsp;&nbsp;&nbsp;TIM_Cmd
<LI><a href="#[e1]">&gt;&gt;</a>&nbsp;&nbsp;&nbsp;TIM_ARRPreloadConfig
</UL>
<BR>[Called By]<UL><LI><a href="#[8f]">&gt;&gt;</a>&nbsp;&nbsp;&nbsp;AppModeManager_Init
</UL>

<P><STRONG><a name="[9b]"></a>DrvMotor_SetEnabled</STRONG> (Thumb, 46 bytes, Stack size 8 bytes, drvmotor.o(i.DrvMotor_SetEnabled))
<BR><BR>[Stack]<UL><LI>Max Depth = 32<LI>Call Chain = DrvMotor_SetEnabled &rArr; DrvMotor_Stop &rArr; drv_motor_set_right
</UL>
<BR>[Calls]<UL><LI><a href="#[d0]">&gt;&gt;</a>&nbsp;&nbsp;&nbsp;GPIO_SetBits
<LI><a href="#[e3]">&gt;&gt;</a>&nbsp;&nbsp;&nbsp;GPIO_ResetBits
<LI><a href="#[9a]">&gt;&gt;</a>&nbsp;&nbsp;&nbsp;DrvMotor_Stop
</UL>
<BR>[Called By]<UL><LI><a href="#[94]">&gt;&gt;</a>&nbsp;&nbsp;&nbsp;DrvMotor_Init
<LI><a href="#[8f]">&gt;&gt;</a>&nbsp;&nbsp;&nbsp;AppModeManager_Init
<LI><a href="#[121]">&gt;&gt;</a>&nbsp;&nbsp;&nbsp;app_apply_motor_command
</UL>

<P><STRONG><a name="[9a]"></a>DrvMotor_Stop</STRONG> (Thumb, 16 bytes, Stack size 8 bytes, drvmotor.o(i.DrvMotor_Stop))
<BR><BR>[Stack]<UL><LI>Max Depth = 24<LI>Call Chain = DrvMotor_Stop &rArr; drv_motor_set_right
</UL>
<BR>[Calls]<UL><LI><a href="#[db]">&gt;&gt;</a>&nbsp;&nbsp;&nbsp;drv_motor_set_right
<LI><a href="#[da]">&gt;&gt;</a>&nbsp;&nbsp;&nbsp;drv_motor_set_left
</UL>
<BR>[Called By]<UL><LI><a href="#[9b]">&gt;&gt;</a>&nbsp;&nbsp;&nbsp;DrvMotor_SetEnabled
<LI><a href="#[94]">&gt;&gt;</a>&nbsp;&nbsp;&nbsp;DrvMotor_Init
<LI><a href="#[d8]">&gt;&gt;</a>&nbsp;&nbsp;&nbsp;DrvMotor_Apply
<LI><a href="#[8f]">&gt;&gt;</a>&nbsp;&nbsp;&nbsp;AppModeManager_Init
<LI><a href="#[121]">&gt;&gt;</a>&nbsp;&nbsp;&nbsp;app_apply_motor_command
</UL>

<P><STRONG><a name="[92]"></a>DrvTelemetry_Init</STRONG> (Thumb, 8 bytes, Stack size 8 bytes, drvtelemetry.o(i.DrvTelemetry_Init))
<BR><BR>[Stack]<UL><LI>Max Depth = 108<LI>Call Chain = DrvTelemetry_Init &rArr; VOFA_Init &rArr; USART_Init &rArr; RCC_GetClocksFreq
</UL>
<BR>[Calls]<UL><LI><a href="#[e4]">&gt;&gt;</a>&nbsp;&nbsp;&nbsp;VOFA_Init
</UL>
<BR>[Called By]<UL><LI><a href="#[8f]">&gt;&gt;</a>&nbsp;&nbsp;&nbsp;AppModeManager_Init
</UL>

<P><STRONG><a name="[e5]"></a>DrvTelemetry_SendText</STRONG> (Thumb, 12 bytes, Stack size 8 bytes, drvtelemetry.o(i.DrvTelemetry_SendText))
<BR><BR>[Stack]<UL><LI>Max Depth = 76<LI>Call Chain = DrvTelemetry_SendText &rArr; VOFA_SendString &rArr; VOFA_SendByte_USB &rArr; VOFA_TxEnqueueByte &rArr; VOFA_TxKick &rArr; USART_ITConfig
</UL>
<BR>[Calls]<UL><LI><a href="#[e6]">&gt;&gt;</a>&nbsp;&nbsp;&nbsp;VOFA_SendString
</UL>
<BR>[Called By]<UL><LI><a href="#[9f]">&gt;&gt;</a>&nbsp;&nbsp;&nbsp;app_send_status
<LI><a href="#[123]">&gt;&gt;</a>&nbsp;&nbsp;&nbsp;app_handle_command
</UL>

<P><STRONG><a name="[e7]"></a>DrvTelemetry_TryReadCommand</STRONG> (Thumb, 16 bytes, Stack size 16 bytes, drvtelemetry.o(i.DrvTelemetry_TryReadCommand))
<BR><BR>[Stack]<UL><LI>Max Depth = 48<LI>Call Chain = DrvTelemetry_TryReadCommand &rArr; VOFA_TakeCommand &rArr; VOFA_PollRx
</UL>
<BR>[Calls]<UL><LI><a href="#[e8]">&gt;&gt;</a>&nbsp;&nbsp;&nbsp;VOFA_TakeCommand
</UL>
<BR>[Called By]<UL><LI><a href="#[a1]">&gt;&gt;</a>&nbsp;&nbsp;&nbsp;app_poll_commands
</UL>

<P><STRONG><a name="[96]"></a>DrvTrackSensor_Init</STRONG> (Thumb, 90 bytes, Stack size 8 bytes, drvtracksensor.o(i.DrvTrackSensor_Init))
<BR><BR>[Stack]<UL><LI>Max Depth = 32<LI>Call Chain = DrvTrackSensor_Init &rArr; GPIO_Init
</UL>
<BR>[Calls]<UL><LI><a href="#[cf]">&gt;&gt;</a>&nbsp;&nbsp;&nbsp;GPIO_PinRemapConfig
<LI><a href="#[c6]">&gt;&gt;</a>&nbsp;&nbsp;&nbsp;GPIO_Init
<LI><a href="#[c5]">&gt;&gt;</a>&nbsp;&nbsp;&nbsp;RCC_APB2PeriphClockCmd
</UL>
<BR>[Called By]<UL><LI><a href="#[8f]">&gt;&gt;</a>&nbsp;&nbsp;&nbsp;AppModeManager_Init
</UL>

<P><STRONG><a name="[e9]"></a>DrvTrackSensor_Sample</STRONG> (Thumb, 194 bytes, Stack size 32 bytes, drvtracksensor.o(i.DrvTrackSensor_Sample))
<BR><BR>[Stack]<UL><LI>Max Depth = 48<LI>Call Chain = DrvTrackSensor_Sample &rArr; drv_track_is_active
</UL>
<BR>[Calls]<UL><LI><a href="#[ea]">&gt;&gt;</a>&nbsp;&nbsp;&nbsp;drv_track_is_active
<LI><a href="#[b0]">&gt;&gt;</a>&nbsp;&nbsp;&nbsp;__aeabi_cfrcmple
<LI><a href="#[b1]">&gt;&gt;</a>&nbsp;&nbsp;&nbsp;__aeabi_cfcmple
<LI><a href="#[eb]">&gt;&gt;</a>&nbsp;&nbsp;&nbsp;__aeabi_ui2f
<LI><a href="#[ab]">&gt;&gt;</a>&nbsp;&nbsp;&nbsp;__aeabi_fdiv
<LI><a href="#[a8]">&gt;&gt;</a>&nbsp;&nbsp;&nbsp;__aeabi_fadd
</UL>
<BR>[Called By]<UL><LI><a href="#[125]">&gt;&gt;</a>&nbsp;&nbsp;&nbsp;app_start_selected_mode
<LI><a href="#[9e]">&gt;&gt;</a>&nbsp;&nbsp;&nbsp;app_control_step
</UL>

<P><STRONG><a name="[ec]"></a>FaultTrace_GetAndClearCode</STRONG> (Thumb, 52 bytes, Stack size 16 bytes, bspfaulttrace.o(i.FaultTrace_GetAndClearCode))
<BR><BR>[Stack]<UL><LI>Max Depth = 24<LI>Call Chain = FaultTrace_GetAndClearCode &rArr; BKP_WriteBackupRegister
</UL>
<BR>[Calls]<UL><LI><a href="#[ef]">&gt;&gt;</a>&nbsp;&nbsp;&nbsp;BKP_WriteBackupRegister
[...]
</UL>

<P><STRONG><a name="[157]"></a>drv_imu_wait_scl_high</STRONG> (Thumb, 44 bytes, Stack size 8 bytes, drvimubno08x.o(i.drv_imu_wait_scl_high))
<BR><BR>[Stack]<UL><LI>Max Depth = 8<LI>Call Chain = drv_imu_wait_scl_high
</UL>
<BR>[Calls]<UL><LI><a href="#[154]">&gt;&gt;</a>&nbsp;&nbsp;&nbsp;GPIO_ReadInputDataBit
<LI><a href="#[156]">&gt;&gt;</a>&nbsp;&nbsp;&nbsp;drv_imu_delay_cycles
</UL>
<BR>[Called By]<UL><LI><a href="#[14a]">&gt;&gt;</a>&nbsp;&nbsp;&nbsp;drv_imu_wait_ack
<LI><a href="#[14b]">&gt;&gt;</a>&nbsp;&nbsp;&nbsp;drv_imu_stop
<LI><a href="#[148]">&gt;&gt;</a>&nbsp;&nbsp;&nbsp;drv_imu_start
<LI><a href="#[153]">&gt;&gt;</a>&nbsp;&nbsp;&nbsp;drv_imu_send_nack
<LI><a href="#[149]">&gt;&gt;</a>&nbsp;&nbsp;&nbsp;drv_imu_send_byte
<LI><a href="#[152]">&gt;&gt;</a>&nbsp;&nbsp;&nbsp;drv_imu_send_ack
<LI><a href="#[151]">&gt;&gt;</a>&nbsp;&nbsp;&nbsp;drv_imu_recv_byte
</UL>

<P><STRONG><a name="[ce]"></a>drv_imu_wrap_deg</STRONG> (Thumb, 52 bytes, Stack size 8 bytes, drvimubno08x.o(i.drv_imu_wrap_deg))
<BR><BR>[Stack]<UL><LI>Max Depth = 24<LI>Call Chain = drv_imu_wrap_deg &rArr; __aeabi_cfcmple
</UL>
<BR>[Calls]<UL><LI><a href="#[b0]">&gt;&gt;</a>&nbsp;&nbsp;&nbsp;__aeabi_cfrcmple
<LI><a href="#[b1]">&gt;&gt;</a>&nbsp;&nbsp;&nbsp;__aeabi_cfcmple
<LI><a href="#[aa]">&gt;&gt;</a>&nbsp;&nbsp;&nbsp;__aeabi_fsub
<LI><a href="#[a8]">&gt;&gt;</a>&nbsp;&nbsp;&nbsp;__aeabi_fadd
</UL>
<BR>[Called By]<UL><LI><a href="#[d5]">&gt;&gt;</a>&nbsp;&nbsp;&nbsp;DrvImuBno08x_UpdateYaw
<LI><a href="#[a6]">&gt;&gt;</a>&nbsp;&nbsp;&nbsp;DrvImuBno08x_GetYawError
<LI><a href="#[14f]">&gt;&gt;</a>&nbsp;&nbsp;&nbsp;drv_imu_update_euler
</UL>

<P><STRONG><a name="[159]"></a>drv_imu_write_bytes</STRONG> (Thumb, 76 bytes, Stack size 16 bytes, drvimubno08x.o(i.drv_imu_write_bytes))
<BR><BR>[Stack]<UL><LI>Max Depth = 64<LI>Call Chain = drv_imu_write_bytes &rArr; drv_imu_send_byte &rArr; drv_imu_sda_out &rArr; GPIO_Init
</UL>
<BR>[Calls]<UL><LI><a href="#[14a]">&gt;&gt;</a>&nbsp;&nbsp;&nbsp;drv_imu_wait_ack
<LI><a href="#[14b]">&gt;&gt;</a>&nbsp;&nbsp;&nbsp;drv_imu_stop
<LI><a href="#[148]">&gt;&gt;</a>&nbsp;&nbsp;&nbsp;drv_imu_start
<LI><a href="#[149]">&gt;&gt;</a>&nbsp;&nbsp;&nbsp;drv_imu_send_byte
</UL>
<BR>[Called By]<UL><LI><a href="#[14c]">&gt;&gt;</a>&nbsp;&nbsp;&nbsp;drv_imu_send_packet
</UL>

<P><STRONG><a name="[a9]"></a>app_straight_clamp</STRONG> (Thumb, 40 bytes, Stack size 16 bytes, appstraightcontroller.o(i.app_straight_clamp))
<BR><BR>[Stack]<UL><LI>Max Depth = 32<LI>Call Chain = app_straight_clamp &rArr; __aeabi_cfcmple
</UL>
<BR>[Calls]<UL><LI><a href="#[b0]">&gt;&gt;</a>&nbsp;&nbsp;&nbsp;__aeabi_cfrcmple
<LI><a href="#[b1]">&gt;&gt;</a>&nbsp;&nbsp;&nbsp;__aeabi_cfcmple
</UL>
<BR>[Called By]<UL><LI><a href="#[a5]">&gt;&gt;</a>&nbsp;&nbsp;&nbsp;AppStraightController_Step
<LI><a href="#[ad]">&gt;&gt;</a>&nbsp;&nbsp;&nbsp;app_straight_to_pwm
</UL>

<P><STRONG><a name="[a4]"></a>app_straight_reset_integrators</STRONG> (Thumb, 16 bytes, Stack size 0 bytes, appstraightcontroller.o(i.app_straight_reset_integrators))
<BR><BR>[Called By]<UL><LI><a href="#[ae]">&gt;&gt;</a>&nbsp;&nbsp;&nbsp;AppStraightController_Stop
<LI><a href="#[a3]">&gt;&gt;</a>&nbsp;&nbsp;&nbsp;AppStraightController_Start
</UL>

<P><STRONG><a name="[ad]"></a>app_straight_to_pwm</STRONG> (Thumb, 84 bytes, Stack size 24 bytes, appstraightcontroller.o(i.app_straight_to_pwm))
<BR><BR>[Stack]<UL><LI>Max Depth = 56<LI>Call Chain = app_straight_to_pwm &rArr; app_straight_clamp &rArr; __aeabi_cfcmple
</UL>
<BR>[Calls]<UL><LI><a href="#[b0]">&gt;&gt;</a>&nbsp;&nbsp;&nbsp;__aeabi_cfrcmple
<LI><a href="#[ac]">&gt;&gt;</a>&nbsp;&nbsp;&nbsp;__aeabi_i2f
<LI><a href="#[138]">&gt;&gt;</a>&nbsp;&nbsp;&nbsp;__aeabi_f2iz
<LI><a href="#[aa]">&gt;&gt;</a>&nbsp;&nbsp;&nbsp;__aeabi_fsub
<LI><a href="#[a8]">&gt;&gt;</a>&nbsp;&nbsp;&nbsp;__aeabi_fadd
<LI><a href="#[a9]">&gt;&gt;</a>&nbsp;&nbsp;&nbsp;app_straight_clamp
</UL>
<BR>[Called By]<UL><LI><a href="#[a5]">&gt;&gt;</a>&nbsp;&nbsp;&nbsp;AppStraightController_Step
</UL>

<P><STRONG><a name="[b2]"></a>app_track_clamp</STRONG> (Thumb, 40 bytes, Stack size 16 bytes, apptrackcontroller.o(i.app_track_clamp))
<BR><BR>[Stack]<UL><LI>Max Depth = 32<LI>Call Chain = app_track_clamp &rArr; __aeabi_cfcmple
</UL>
<BR>[Calls]<UL><LI><a href="#[b0]">&gt;&gt;</a>&nbsp;&nbsp;&nbsp;__aeabi_cfrcmple
<LI><a href="#[b1]">&gt;&gt;</a>&nbsp;&nbsp;&nbsp;__aeabi_cfcmple
</UL>
<BR>[Called By]<UL><LI><a href="#[af]">&gt;&gt;</a>&nbsp;&nbsp;&nbsp;AppTrackController_Step
<LI><a href="#[b3]">&gt;&gt;</a>&nbsp;&nbsp;&nbsp;app_track_to_pwm
</UL>

<P><STRONG><a name="[b3]"></a>app_track_to_pwm</STRONG> (Thumb, 84 bytes, Stack size 24 bytes, apptrackcontroller.o(i.app_track_to_pwm))
<BR><BR>[Stack]<UL><LI>Max Depth = 56<LI>Call Chain = app_track_to_pwm &rArr; app_track_clamp &rArr; __aeabi_cfcmple
</UL>
<BR>[Calls]<UL><LI><a href="#[b0]">&gt;&gt;</a>&nbsp;&nbsp;&nbsp;__aeabi_cfrcmple
<LI><a href="#[ac]">&gt;&gt;</a>&nbsp;&nbsp;&nbsp;__aeabi_i2f
<LI><a href="#[138]">&gt;&gt;</a>&nbsp;&nbsp;&nbsp;__aeabi_f2iz
<LI><a href="#[aa]">&gt;&gt;</a>&nbsp;&nbsp;&nbsp;__aeabi_fsub
<LI><a href="#[a8]">&gt;&gt;</a>&nbsp;&nbsp;&nbsp;__aeabi_fadd
<LI><a href="#[b2]">&gt;&gt;</a>&nbsp;&nbsp;&nbsp;app_track_clamp
</UL>
<BR>[Called By]<UL><LI><a href="#[af]">&gt;&gt;</a>&nbsp;&nbsp;&nbsp;AppTrackController_Step
</UL>

<P><STRONG><a name="[121]"></a>app_apply_motor_command</STRONG> (Thumb, 44 bytes, Stack size 8 bytes, appmodemanager.o(i.app_apply_motor_command))
<BR><BR>[Stack]<UL><LI>Max Depth = 48<LI>Call Chain = app_apply_motor_command &rArr; DrvMotor_Apply &rArr; DrvMotor_Stop &rArr; drv_motor_set_right
</UL>
<BR>[Calls]<UL><LI><a href="#[9a]">&gt;&gt;</a>&nbsp;&nbsp;&nbsp;DrvMotor_Stop
<LI><a href="#[9b]">&gt;&gt;</a>&nbsp;&nbsp;&nbsp;DrvMotor_SetEnabled
<LI><a href="#[d8]">&gt;&gt;</a>&nbsp;&nbsp;&nbsp;DrvMotor_Apply
</UL>
<BR>[Called By]<UL><LI><a href="#[126]">&gt;&gt;</a>&nbsp;&nbsp;&nbsp;app_stop_mode
<LI><a href="#[125]">&gt;&gt;</a>&nbsp;&nbsp;&nbsp;app_start_selected_mode
<LI><a href="#[9e]">&gt;&gt;</a>&nbsp;&nbsp;&nbsp;app_control_step
<LI><a href="#[122]">&gt;&gt;</a>&nbsp;&nbsp;&nbsp;app_clear_fault
</UL>

<P><STRONG><a name="[122]"></a>app_clear_fault</STRONG> (Thumb, 34 bytes, Stack size 8 bytes, appmodemanager.o(i.app_clear_fault))
<BR><BR>[Stack]<UL><LI>Max Depth = 56<LI>Call Chain = app_clear_fault &rArr; app_apply_motor_command &rArr; DrvMotor_Apply &rArr; DrvMotor_Stop &rArr; drv_motor_set_right
</UL>
<BR>[Calls]<UL><LI><a href="#[121]">&gt;&gt;</a>&nbsp;&nbsp;&nbsp;app_apply_motor_command
</UL>
<BR>[Called By]<UL><LI><a href="#[a2]">&gt;&gt;</a>&nbsp;&nbsp;&nbsp;app_handle_key
<LI><a href="#[123]">&gt;&gt;</a>&nbsp;&nbsp;&nbsp;app_handle_command
</UL>

<P><STRONG><a name="[9e]"></a>app_control_step</STRONG> (Thumb, 142 bytes, Stack size 8 bytes, appmodemanager.o(i.app_control_step))
<BR><BR>[Stack]<UL><LI>Max Depth = 672<LI>Call Chain = app_control_step &rArr; DrvImuBno08x_Read &rArr; DrvImuBno08x_Init &rArr; drv_imu_attempt_init_at_addr &rArr; drv_imu_request_product_id &rArr; drv_imu_receive_packet &rArr; drv_imu_read_block &rArr; drv_imu_send_byte &rArr; drv_imu_sda_out &rArr; GPIO_Init
</UL>
<BR>[Calls]<UL><LI><a href="#[d5]">&gt;&gt;</a>&nbsp;&nbsp;&nbsp;DrvImuBno08x_UpdateYaw
<LI><a href="#[d2]">&gt;&gt;</a>&nbsp;&nbsp;&nbsp;DrvImuBno08x_Read
<LI><a href="#[e9]">&gt;&gt;</a>&nbsp;&nbsp;&nbsp;DrvTrackSensor_Sample
<LI><a href="#[ca]">&gt;&gt;</a>&nbsp;&nbsp;&nbsp;DrvEncoder_Sample
<LI><a href="#[121]">&gt;&gt;</a>&nbsp;&nbsp;&nbsp;app_apply_motor_command
<LI><a href="#[af]">&gt;&gt;</a>&nbsp;&nbsp;&nbsp;AppTrackController_Step
<LI><a href="#[a5]">&gt;&gt;</a>&nbsp;&nbsp;&nbsp;AppStraightController_Step
</UL>
<BR>[Called By]<UL><LI><a href="#[9d]">&gt;&gt;</a>&nbsp;&nbsp;&nbsp;AppModeManager_Process
</UL>

<P><STRONG><a name="[123]"></a>app_handle_command</STRONG> (Thumb, 740 bytes, Stack size 16 bytes, appmodemanager.o(i.app_handle_command))
<BR><BR>[Stack]<UL><LI>Max Depth = 704 + Unknown Stack Size
<LI>Call Chain = app_handle_command &rArr; app_start_selected_mode &rArr; app_refresh_imu &rArr; DrvImuBno08x_Read &rArr; DrvImuBno08x_Init &rArr; drv_imu_attempt_init_at_addr &rArr; drv_imu_request_product_id &rArr; drv_imu_receive_packet &rArr; drv_imu_read_block &rArr; drv_imu_send_byte &rArr; drv_imu_sda_out &rArr; GPIO_Init
</UL>
<BR>[Calls]<UL><LI><a href="#[128]">&gt;&gt;</a>&nbsp;&nbsp;&nbsp;DrvImuBno08x_ResetAttitude
<LI><a href="#[e5]">&gt;&gt;</a>&nbsp;&nbsp;&nbsp;DrvTelemetry_SendText
<LI><a href="#[124]">&gt;&gt;</a>&nbsp;&nbsp;&nbsp;strcmp
<LI><a href="#[129]">&gt;&gt;</a>&nbsp;&nbsp;&nbsp;strncmp
<LI><a href="#[12a]">&gt;&gt;</a>&nbsp;&nbsp;&nbsp;strstr
<LI><a href="#[126]">&gt;&gt;</a>&nbsp;&nbsp;&nbsp;app_stop_mode
<LI><a href="#[125]">&gt;&gt;</a>&nbsp;&nbsp;&nbsp;app_start_selected_mode
<LI><a href="#[9f]">&gt;&gt;</a>&nbsp;&nbsp;&nbsp;app_send_status
<LI><a href="#[12b]">&gt;&gt;</a>&nbsp;&nbsp;&nbsp;app_parse_value
<LI><a href="#[122]">&gt;&gt;</a>&nbsp;&nbsp;&nbsp;app_clear_fault
<LI><a href="#[12c]">&gt;&gt;</a>&nbsp;&nbsp;&nbsp;AppTrackController_SetTargetSpeed
<LI><a href="#[131]">&gt;&gt;</a>&nbsp;&nbsp;&nbsp;AppTrackController_SetSpeedPid
<LI><a href="#[12f]">&gt;&gt;</a>&nbsp;&nbsp;&nbsp;AppTrackController_SetLinePid
<LI><a href="#[12d]">&gt;&gt;</a>&nbsp;&nbsp;&nbsp;AppStraightController_SetTargetSpeed
<LI><a href="#[130]">&gt;&gt;</a>&nbsp;&nbsp;&nbsp;AppStraightController_SetSpeedPid
<LI><a href="#[12e]">&gt;&gt;</a>&nbsp;&nbsp;&nbsp;AppStraightController_SetHeadingPid
<LI><a href="#[127]">&gt;&gt;</a>&nbsp;&nbsp;&nbsp;AppStraightController_LockHeading
</UL>
<BR>[Called By]<UL><LI><a href="#[a1]">&gt;&gt;</a>&nbsp;&nbsp;&nbsp;app_poll_commands
</UL>

<P><STRONG><a name="[a2]"></a>app_handle_key</STRONG> (Thumb, 78 bytes, Stack size 16 bytes, appmodemanager.o(i.app_handle_key))
<BR><BR>[Stack]<UL><LI>Max Depth = 704<LI>Call Chain = app_handle_key &rArr; app_start_selected_mode &rArr; app_refresh_imu &rArr; DrvImuBno08x_Read &rArr; DrvImuBno08x_Init &rArr; drv_imu_attempt_init_at_addr &rArr; drv_imu_request_product_id &rArr; drv_imu_receive_packet &rArr; drv_imu_read_block &rArr; drv_imu_send_byte &rArr; drv_imu_sda_out &rArr; GPIO_Init
</UL>
<BR>[Calls]<UL><LI><a href="#[d7]">&gt;&gt;</a>&nbsp;&nbsp;&nbsp;DrvKey_Poll
<LI><a href="#[126]">&gt;&gt;</a>&nbsp;&nbsp;&nbsp;app_stop_mode
<LI><a href="#[125]">&gt;&gt;</a>&nbsp;&nbsp;&nbsp;app_start_selected_mode
<LI><a href="#[122]">&gt;&gt;</a>&nbsp;&nbsp;&nbsp;app_clear_fault
</UL>
<BR>[Called By]<UL><LI><a href="#[9d]">&gt;&gt;</a>&nbsp;&nbsp;&nbsp;AppModeManager_Process
</UL>

<P><STRONG><a name="[137]"></a>app_mode_name</STRONG> (Thumb, 14 bytes, Stack size 0 bytes, appmodemanager.o(i.app_mode_name))
<BR><BR>[Called By]<UL><LI><a href="#[9c]">&gt;&gt;</a>&nbsp;&nbsp;&nbsp;app_show_status
<LI><a href="#[9f]">&gt;&gt;</a>&nbsp;&nbsp;&nbsp;app_send_status
</UL>

<P><STRONG><a name="[12b]"></a>app_parse_value</STRONG> (Thumb, 44 bytes, Stack size 24 bytes, appmodemanager.o(i.app_parse_value))
<BR><BR>[Stack]<UL><LI>Max Depth = 484<LI>Call Chain = app_parse_value &rArr; atof &rArr; __strtod_int &rArr; _local_sscanf &rArr; _scanf_real &rArr; _scanf_really_real &rArr; _fp_value &rArr; _btod_etento &rArr; _btod_emul &rArr; _e2e
</UL>
<BR>[Calls]<UL><LI><a href="#[133]">&gt;&gt;</a>&nbsp;&nbsp;&nbsp;atof
<LI><a href="#[11e]">&gt;&gt;</a>&nbsp;&nbsp;&nbsp;__aeabi_d2f
<LI><a href="#[132]">&gt;&gt;</a>&nbsp;&nbsp;&nbsp;strchr
</UL>
<BR>[Called By]<UL><LI><a href="#[123]">&gt;&gt;</a>&nbsp;&nbsp;&nbsp;app_handle_command
</UL>

<P><STRONG><a name="[a1]"></a>app_poll_commands</STRONG> (Thumb, 44 bytes, Stack size 80 bytes, appmodemanager.o(i.app_poll_commands))
<BR><BR>[Stack]<UL><LI>Max Depth = 784 + Unknown Stack Size
<LI>Call Chain = app_poll_commands &rArr; app_handle_command &rArr; app_start_selected_mode &rArr; app_refresh_imu &rArr; DrvImuBno08x_Read &rArr; DrvImuBno08x_Init &rArr; drv_imu_attempt_init_at_addr &rArr; drv_imu_request_product_id &rArr; drv_imu_receive_packet &rArr; drv_imu_read_block &rArr; drv_imu_send_byte &rArr; drv_imu_sda_out &rArr; GPIO_Init
</UL>
<BR>[Calls]<UL><LI><a href="#[e7]">&gt;&gt;</a>&nbsp;&nbsp;&nbsp;DrvTelemetry_TryReadCommand
<LI><a href="#[123]">&gt;&gt;</a>&nbsp;&nbsp;&nbsp;app_handle_command
</UL>
<BR>[Called By]<UL><LI><a href="#[9d]">&gt;&gt;</a>&nbsp;&nbsp;&nbsp;AppModeManager_Process
</UL>

<P><STRONG><a name="[134]"></a>app_refresh_imu</STRONG> (Thumb, 68 bytes, Stack size 16 bytes, appmodemanager.o(i.app_refresh_imu))
<BR><BR>[Stack]<UL><LI>Max Depth = 680<LI>Call Chain = app_refresh_imu &rArr; DrvImuBno08x_Read &rArr; DrvImuBno08x_Init &rArr; drv_imu_attempt_init_at_addr &rArr; drv_imu_request_product_id &rArr; drv_imu_receive_packet &rArr; drv_imu_read_block &rArr; drv_imu_send_byte &rArr; drv_imu_sda_out &rArr; GPIO_Init
</UL>
<BR>[Calls]<UL><LI><a href="#[d5]">&gt;&gt;</a>&nbsp;&nbsp;&nbsp;DrvImuBno08x_UpdateYaw
<LI><a href="#[d2]">&gt;&gt;</a>&nbsp;&nbsp;&nbsp;DrvImuBno08x_Read
</UL>
<BR>[Called By]<UL><LI><a href="#[125]">&gt;&gt;</a>&nbsp;&nbsp;&nbsp;app_start_selected_mode
</UL>

<P><STRONG><a name="[9f]"></a>app_send_status</STRONG> (Thumb, 170 bytes, Stack size 192 bytes, appmodemanager.o(i.app_send_status))
<BR><BR>[Stack]<UL><LI>Max Depth = 328 + Unknown Stack Size
<LI>Call Chain = app_send_status &rArr; __2snprintf &rArr; _printf_char_common &rArr; __printf
</UL>
<BR>[Calls]<UL><LI><a href="#[e5]">&gt;&gt;</a>&nbsp;&nbsp;&nbsp;DrvTelemetry_SendText
<LI><a href="#[135]">&gt;&gt;</a>&nbsp;&nbsp;&nbsp;__aeabi_f2d
<LI><a href="#[5d]">&gt;&gt;</a>&nbsp;&nbsp;&nbsp;__2snprintf
<LI><a href="#[136]">&gt;&gt;</a>&nbsp;&nbsp;&nbsp;app_state_name
<LI><a href="#[137]">&gt;&gt;</a>&nbsp;&nbsp;&nbsp;app_mode_name
</UL>
<BR>[Called By]<UL><LI><a href="#[9d]">&gt;&gt;</a>&nbsp;&nbsp;&nbsp;AppModeManager_Process
<LI><a href="#[123]">&gt;&gt;</a>&nbsp;&nbsp;&nbsp;app_handle_command
</UL>

<P><STRONG><a name="[9c]"></a>app_show_status</STRONG> (Thumb, 220 bytes, Stack size 112 bytes, appmodemanager.o(i.app_show_status))
<BR><BR>[Stack]<UL><LI>Max Depth = 256 + Unknown Stack Size
<LI>Call Chain = app_show_status &rArr; DrvDisplay_ShowLine &rArr; OLED_ShowString &rArr; OLED_ShowChar &rArr; OLED_SetCursor &rArr; OLED_WriteCommand &rArr; OLED_I2C_SendByte &rArr; oled_delay
</UL>
<BR>[Calls]<UL><LI><a href="#[91]">&gt;&gt;</a>&nbsp;&nbsp;&nbsp;DrvDisplay_ShowLine
<LI><a href="#[138]">&gt;&gt;</a>&nbsp;&nbsp;&nbsp;__aeabi_f2iz
<LI><a href="#[135]">&gt;&gt;</a>&nbsp;&nbsp;&nbsp;__aeabi_f2d
<LI><a href="#[5d]">&gt;&gt;</a>&nbsp;&nbsp;&nbsp;__2snprintf
<LI><a href="#[136]">&gt;&gt;</a>&nbsp;&nbsp;&nbsp;app_state_name
<LI><a href="#[137]">&gt;&gt;</a>&nbsp;&nbsp;&nbsp;app_mode_name
</UL>
<BR>[Called By]<UL><LI><a href="#[9d]">&gt;&gt;</a>&nbsp;&nbsp;&nbsp;AppModeManager_Process
<LI><a href="#[8f]">&gt;&gt;</a>&nbsp;&nbsp;&nbsp;AppModeManager_Init
</UL>

<P><STRONG><a name="[125]"></a>app_start_selected_mode</STRONG> (Thumb, 124 bytes, Stack size 8 bytes, appmodemanager.o(i.app_start_selected_mode))
<BR><BR>[Stack]<UL><LI>Max Depth = 688<LI>Call Chain = app_start_selected_mode &rArr; app_refresh_imu &rArr; DrvImuBno08x_Read &rArr; DrvImuBno08x_Init &rArr; drv_imu_attempt_init_at_addr &rArr; drv_imu_request_product_id &rArr; drv_imu_receive_packet &rArr; drv_imu_read_block &rArr; drv_imu_send_byte &rArr; drv_imu_sda_out &rArr; GPIO_Init
</UL>
<BR>[Calls]<UL><LI><a href="#[e9]">&gt;&gt;</a>&nbsp;&nbsp;&nbsp;DrvTrackSensor_Sample
<LI><a href="#[c9]">&gt;&gt;</a>&nbsp;&nbsp;&nbsp;DrvEncoder_Reset
<LI><a href="#[134]">&gt;&gt;</a>&nbsp;&nbsp;&nbsp;app_refresh_imu
<LI><a href="#[121]">&gt;&gt;</a>&nbsp;&nbsp;&nbsp;app_apply_motor_command
<LI><a href="#[139]">&gt;&gt;</a>&nbsp;&nbsp;&nbsp;AppTrackController_Start
<LI><a href="#[a3]">&gt;&gt;</a>&nbsp;&nbsp;&nbsp;AppStraightController_Start
</UL>
<BR>[Called By]<UL><LI><a href="#[a2]">&gt;&gt;</a>&nbsp;&nbsp;&nbsp;app_handle_key
<LI><a href="#[123]">&gt;&gt;</a>&nbsp;&nbsp;&nbsp;app_handle_command
</UL>

<P><STRONG><a name="[136]"></a>app_state_name</STRONG> (Thumb, 40 bytes, Stack size 0 bytes, appmodemanager.o(i.app_state_name))
<BR><BR>[Called By]<UL><LI><a href="#[9c]">&gt;&gt;</a>&nbsp;&nbsp;&nbsp;app_show_status
<LI><a href="#[9f]">&gt;&gt;</a>&nbsp;&nbsp;&nbsp;app_send_status
</UL>

<P><STRONG><a name="[126]"></a>app_stop_mode</STRONG> (Thumb, 54 bytes, Stack size 8 bytes, appmodemanager.o(i.app_stop_mode))
<BR><BR>[Stack]<UL><LI>Max Depth = 56<LI>Call Chain = app_stop_mode &rArr; app_apply_motor_command &rArr; DrvMotor_Apply &rArr; DrvMotor_Stop &rArr; drv_motor_set_right
</UL>
<BR>[Calls]<UL><LI><a href="#[121]">&gt;&gt;</a>&nbsp;&nbsp;&nbsp;app_apply_motor_command
<LI><a href="#[13a]">&gt;&gt;</a>&nbsp;&nbsp;&nbsp;AppTrackController_Stop
<LI><a href="#[ae]">&gt;&gt;</a>&nbsp;&nbsp;&nbsp;AppStraightController_Stop
</UL>
<BR>[Called By]<UL><LI><a href="#[a2]">&gt;&gt;</a>&nbsp;&nbsp;&nbsp;app_handle_key
<LI><a href="#[123]">&gt;&gt;</a>&nbsp;&nbsp;&nbsp;app_handle_command
</UL>

<P><STRONG><a name="[f0]"></a>Main_GetResetCause</STRONG> (Thumb, 78 bytes, Stack size 8 bytes, main.o(i.Main_GetResetCause))
<BR><BR>[Stack]<UL><LI>Max Depth = 16<LI>Call Chain = Main_GetResetCause &rArr; RCC_GetFlagStatus
</UL>
<BR>[Calls]<UL><LI><a href="#[f1]">&gt;&gt;</a>&nbsp;&nbsp;&nbsp;RCC_GetFlagStatus
</UL>
<BR>[Called By]<UL><LI><a href="#[57]">&gt;&gt;</a>&nbsp;&nbsp;&nbsp;main
</UL>

<P><STRONG><a name="[177]"></a>_fadd1</STRONG> (Thumb, 0 bytes, Stack size unknown bytes, faddsub_clz.o(x$fpl$fadd), UNUSED)
<BR><BR>[Called By]<UL><LI><a href="#[178]">&gt;&gt;</a>&nbsp;&nbsp;&nbsp;_fsub
<LI><a href="#[176]">&gt;&gt;</a>&nbsp;&nbsp;&nbsp;_frsb
</UL>

<P><STRONG><a name="[16d]"></a>_fsub1</STRONG> (Thumb, 0 bytes, Stack size unknown bytes, faddsub_clz.o(x$fpl$fsub), UNUSED)
<BR><BR>[Called By]<UL><LI><a href="#[176]">&gt;&gt;</a>&nbsp;&nbsp;&nbsp;_frsb
<LI><a href="#[16c]">&gt;&gt;</a>&nbsp;&nbsp;&nbsp;_fadd
</UL>

<P><STRONG><a name="[6c]"></a>_fp_digits</STRONG> (Thumb, 432 bytes, Stack size 96 bytes, _printf_fp_dec.o(.text))
<BR><BR>[Stack]<UL><LI>Max Depth = 220<LI>Call Chain = _fp_digits &rArr; _btod_etento &rArr; _btod_emul &rArr; _e2e
</UL>
<BR>[Calls]<UL><LI><a href="#[70]">&gt;&gt;</a>&nbsp;&nbsp;&nbsp;_btod_emul
<LI><a href="#[6f]">&gt;&gt;</a>&nbsp;&nbsp;&nbsp;_btod_ediv
<LI><a href="#[6e]">&gt;&gt;</a>&nbsp;&nbsp;&nbsp;_btod_d2e
<LI><a href="#[6d]">&gt;&gt;</a>&nbsp;&nbsp;&nbsp;_btod_etento
<LI><a href="#[71]">&gt;&gt;</a>&nbsp;&nbsp;&nbsp;_ll_udiv10
</UL>
<BR>[Called By]<UL><LI><a href="#[72]">&gt;&gt;</a>&nbsp;&nbsp;&nbsp;_printf_fp_dec_real
</UL>

<P><STRONG><a name="[3c]"></a>_printf_input_char</STRONG> (Thumb, 10 bytes, Stack size 0 bytes, _printf_char_common.o(.text))
<BR>[Address Reference Count : 1]<UL><LI> _printf_char_common.o(.text)
</UL>
<P><STRONG><a name="[77]"></a>_local_sscanf</STRONG> (Thumb, 60 bytes, Stack size 56 bytes, strtod.o(.text))
<BR><BR>[Stack]<UL><LI>Max Depth = 396<LI>Call Chain = _local_sscanf &rArr; _scanf_real &rArr; _scanf_really_real &rArr; _fp_value &rArr; _btod_etento &rArr; _btod_emul &rArr; _e2e
</UL>
<BR>[Calls]<UL><LI><a href="#[78]">&gt;&gt;</a>&nbsp;&nbsp;&nbsp;_scanf_real
</UL>
<BR>[Called By]<UL><LI><a href="#[79]">&gt;&gt;</a>&nbsp;&nbsp;&nbsp;__strtod_int
</UL>

<P><STRONG><a name="[7d]"></a>_fp_value</STRONG> (Thumb, 588 bytes, Stack size 96 bytes, scanf_fp.o(.text))
<BR><BR>[Stack]<UL><LI>Max Depth = 220<LI>Call Chain = _fp_value &rArr; _btod_etento &rArr; _btod_emul &rArr; _e2e
</UL>
<BR>[Calls]<UL><LI><a href="#[0]">&gt;&gt;</a>&nbsp;&nbsp;&nbsp;__ieee_status
<LI><a href="#[7e]">&gt;&gt;</a>&nbsp;&nbsp;&nbsp;_btod_emuld
<LI><a href="#[7f]">&gt;&gt;</a>&nbsp;&nbsp;&nbsp;_btod_edivd
<LI><a href="#[6d]">&gt;&gt;</a>&nbsp;&nbsp;&nbsp;_btod_etento
<LI><a href="#[6a]">&gt;&gt;</a>&nbsp;&nbsp;&nbsp;__aeabi_errno_addr
</UL>
<BR>[Called By]<UL><LI><a href="#[80]">&gt;&gt;</a>&nbsp;&nbsp;&nbsp;_scanf_really_real
</UL>
<P>
<H3>
Undefined Global Symbols
</H3><HR></body></html>
