*** Using Compiler 'V5.06 update 6 (build 750)', folder: 'D:\keil\Keil-v5\Arm\ARM\ARMCC\Bin'
Build target 'Target 1'
compiling line_track.c...
Hardware\line_track.c(153): warning:  #177-D: function "corner_handler"  was declared but never referenced
  static void corner_handler(uint8_t dir, uint16_t fastPwm, uint16_t slowPwm,
Hardware\line_track.c: 1 warning, 0 errors
linking...
Program Size: Code=30584 RO-data=2608 RW-data=152 ZI-data=4664  
FromELF: creating hex file...
".\Objects\project.axf" - 0 Error(s), 1 Warning(s).
Build Time Elapsed:  00:00:02
Ar.exe V5.06 update 6 (build 750)
Hex Converter:   FromElf.exe V5.06 update 6 (build 750)
CPU DLL:         SARMCM3.DLL V5.40.0.3
Dialog DLL:      DCM.DLL V1.17.5.0
Target DLL:      CMSIS_AGDI.dll V1.33.18.0
Dialog DLL:      TCM.DLL V1.56.4.0
 
<h2>Project:</h2>
f:\Documents\GitHub\nolebase-template\笔记\MCU_Learning\STM32学习\02进阶\PID算法\Project_Refactor-0412\project.uvprojx
Project File Date:  04/13/2026

<h2>Output:</h2>
*** Using Compiler 'V5.06 update 6 (build 750)', folder: 'D:\keil\Keil-v5\Arm\ARM\ARMCC\Bin'
Build target 'Target 1'
compiling line_track.c...
Hardware\line_track.c(153): warning:  #177-D: function "corner_handler"  was declared but never referenced
  static void corner_handler(uint8_t dir, uint16_t fastPwm, uint16_t slowPwm,
Hardware\line_track.c: 1 warning, 0 errors
linking...
Program Size: Code=30584 RO-data=2608 RW-data=152 ZI-data=4664  
FromELF: creating hex file...
".\Objects\project.axf" - 0 Error(s), 1 Warning(s).

<h2>Software Packages used:</h2>

Package Vendor: Keil
                https://www.keil.com/pack/Keil.STM32F1xx_DFP.2.4.1.pack
                Keil::STM32F1xx_DFP@2.4.1
                STMicroelectronics STM32F1 Series Device Support, Drivers and Examples

<h2>Collection of Component include folders:</h2>
  D:/keil/keil-packs/Keil/STM32F1xx_DFP/2.4.1/Device/Include

<h2>Collection of Component Files used:</h2>
Build Time Elapsed:  00:00:02
</pre>
</body>
</html>
