*** Using Compiler 'V5.06 update 6 (build 750)', folder: 'D:\keil\Keil-v5\Arm\ARM\ARMCC\Bin'
Build target 'Target 1'
compiling AppPerformance.c...
compiling AppConfigProfile.c...
compiling AppLearning.c...
compiling DrvEncoder.c...
compiling AppTelemetryService.c...
compiling AppModeManager.c...
compiling AppPid.c...
compiling AppCommandDispatcher.c...
compiling AppUiService.c...
compiling AppFuzzy.c...
compiling AppMotionSupervisor.c...
compiling AppProtocol.c...
linking...
Program Size: Code=38032 RO-data=3280 RW-data=132 ZI-data=16076  
FromELF: creating hex file...
".\Objects\project.axf" - 0 Error(s), 0 Warning(s).
Build Time Elapsed:  00:00:03
  SARMCM3.DLL V5.40.0.3
Dialog DLL:      DCM.DLL V1.17.5.0
Target DLL:      CMSIS_AGDI.dll V1.33.18.0
Dialog DLL:      TCM.DLL V1.56.4.0
 
<h2>Project:</h2>
F:\Documents\GitHub\nolebase-template\笔记\MCU_Learning\STM32学习\02进阶\PID算法\Project_FuzzyPID_0408\project.uvprojx
Project File Date:  04/09/2026

<h2>Output:</h2>
*** Using Compiler 'V5.06 update 6 (build 750)', folder: 'D:\keil\Keil-v5\Arm\ARM\ARMCC\Bin'
Build target 'Target 1'
compiling AppPerformance.c...
compiling AppConfigProfile.c...
compiling AppLearning.c...
compiling DrvEncoder.c...
compiling AppTelemetryService.c...
compiling AppModeManager.c...
compiling AppPid.c...
compiling AppCommandDispatcher.c...
compiling AppUiService.c...
compiling AppFuzzy.c...
compiling AppMotionSupervisor.c...
compiling AppProtocol.c...
linking...
Program Size: Code=38032 RO-data=3280 RW-data=132 ZI-data=16076  
FromELF: creating hex file...
".\Objects\project.axf" - 0 Error(s), 0 Warning(s).

<h2>Software Packages used:</h2>

Package Vendor: Keil
                https://www.keil.com/pack/Keil.STM32F1xx_DFP.2.4.1.pack
                Keil::STM32F1xx_DFP@2.4.1
                STMicroelectronics STM32F1 Series Device Support, Drivers and Examples

<h2>Collection of Component include folders:</h2>
  D:/keil/keil-packs/Keil/STM32F1xx_DFP/2.4.1/Device/Include

<h2>Collection of Component Files used:</h2>
Build Time Elapsed:  00:00:03
</pre>
</body>
</html>
