Component: ARM Compiler 5.06 update 6 (build 750) Tool: armlink [4d35ed]

==============================================================================

Section Cross References

    startup_stm32f10x_md.o(STACK) refers (Special) to heapauxi.o(.text) for __use_two_region_memory
    startup_stm32f10x_md.o(HEAP) refers (Special) to heapauxi.o(.text) for __use_two_region_memory
    startup_stm32f10x_md.o(RESET) refers (Special) to heapauxi.o(.text) for __use_two_region_memory
    startup_stm32f10x_md.o(RESET) refers to startup_stm32f10x_md.o(STACK) for __initial_sp
    startup_stm32f10x_md.o(RESET) refers to startup_stm32f10x_md.o(.text) for Reset_Handler
    startup_stm32f10x_md.o(RESET) refers to stm32f10x_it.o(i.NMI_Handler) for NMI_Handler
    startup_stm32f10x_md.o(RESET) refers to stm32f10x_it.o(i.HardFault_Handler) for HardFault_Handler
    startup_stm32f10x_md.o(RESET) refers to stm32f10x_it.o(i.MemManage_Handler) for MemManage_Handler
    startup_stm32f10x_md.o(RESET) refers to stm32f10x_it.o(i.BusFault_Handler) for BusFault_Handler
    startup_stm32f10x_md.o(RESET) refers to stm32f10x_it.o(i.UsageFault_Handler) for UsageFault_Handler
    startup_stm32f10x_md.o(RESET) refers to stm32f10x_it.o(i.SVC_Handler) for SVC_Handler
    startup_stm32f10x_md.o(RESET) refers to stm32f10x_it.o(i.DebugMon_Handler) for DebugMon_Handler
    startup_stm32f10x_md.o(RESET) refers to stm32f10x_it.o(i.PendSV_Handler) for PendSV_Handler
    startup_stm32f10x_md.o(RESET) refers to stm32f10x_it.o(i.SysTick_Handler) for SysTick_Handler
    startup_stm32f10x_md.o(RESET) refers to stm32f10x_it.o(i.TIM4_IRQHandler) for TIM4_IRQHandler
    startup_stm32f10x_md.o(RESET) refers to usart.o(i.USART1_IRQHandler) for USART1_IRQHandler
    startup_stm32f10x_md.o(RESET) refers to stm32f10x_it.o(i.USART2_IRQHandler) for USART2_IRQHandler
    startup_stm32f10x_md.o(.text) refers (Special) to heapauxi.o(.text) for __use_two_region_memory
    startup_stm32f10x_md.o(.text) refers to system_stm32f10x.o(i.SystemInit) for SystemInit
    startup_stm32f10x_md.o(.text) refers to __main.o(!!!main) for __main
    startup_stm32f10x_md.o(.text) refers to startup_stm32f10x_md.o(HEAP) for Heap_Mem
    startup_stm32f10x_md.o(.text) refers to startup_stm32f10x_md.o(STACK) for Stack_Mem
    system_stm32f10x.o(i.SetSysClock) refers to system_stm32f10x.o(i.SetSysClockTo72) for SetSysClockTo72
    system_stm32f10x.o(i.SystemCoreClockUpdate) refers to system_stm32f10x.o(.data) for SystemCoreClock
    system_stm32f10x.o(i.SystemInit) refers to system_stm32f10x.o(i.SetSysClock) for SetSysClock
    stm32f10x_adc.o(i.ADC_DeInit) refers to stm32f10x_rcc.o(i.RCC_APB2PeriphResetCmd) for RCC_APB2PeriphResetCmd
    stm32f10x_bkp.o(i.BKP_DeInit) refers to stm32f10x_rcc.o(i.RCC_BackupResetCmd) for RCC_BackupResetCmd
    stm32f10x_can.o(i.CAN_DeInit) refers to stm32f10x_rcc.o(i.RCC_APB1PeriphResetCmd) for RCC_APB1PeriphResetCmd
    stm32f10x_can.o(i.CAN_GetITStatus) refers to stm32f10x_can.o(i.CheckITStatus) for CheckITStatus
    stm32f10x_cec.o(i.CEC_DeInit) refers to stm32f10x_rcc.o(i.RCC_APB1PeriphResetCmd) for RCC_APB1PeriphResetCmd
    stm32f10x_dac.o(i.DAC_DeInit) refers to stm32f10x_rcc.o(i.RCC_APB1PeriphResetCmd) for RCC_APB1PeriphResetCmd
    stm32f10x_flash.o(i.FLASH_EnableWriteProtection) refers to stm32f10x_flash.o(i.FLASH_WaitForLastOperation) for FLASH_WaitForLastOperation
    stm32f10x_flash.o(i.FLASH_EraseAllBank1Pages) refers to stm32f10x_flash.o(i.FLASH_WaitForLastBank1Operation) for FLASH_WaitForLastBank1Operation
    stm32f10x_flash.o(i.FLASH_EraseAllPages) refers to stm32f10x_flash.o(i.FLASH_WaitForLastOperation) for FLASH_WaitForLastOperation
    stm32f10x_flash.o(i.FLASH_EraseOptionBytes) refers to stm32f10x_flash.o(i.FLASH_GetReadOutProtectionStatus) for FLASH_GetReadOutProtectionStatus
    stm32f10x_flash.o(i.FLASH_EraseOptionBytes) refers to stm32f10x_flash.o(i.FLASH_WaitForLastOperation) for FLASH_WaitForLastOperation
    stm32f10x_flash.o(i.FLASH_ErasePage) refers to stm32f10x_flash.o(i.FLASH_WaitForLastOperation) for FLASH_WaitForLastOperation
    stm32f10x_flash.o(i.FLASH_ProgramHalfWord) refers to stm32f10x_flash.o(i.FLASH_WaitForLastOperation) for FLASH_WaitForLastOperation
    stm32f10x_flash.o(i.FLASH_ProgramOptionByteData) refers to stm32f10x_flash.o(i.FLASH_WaitForLastOperation) for FLASH_WaitForLastOperation
    stm32f10x_flash.o(i.FLASH_ProgramWord) refers to stm32f10x_flash.o(i.FLASH_WaitForLastOperation) for FLASH_WaitForLastOperation
    stm32f10x_flash.o(i.FLASH_ReadOutProtection) refers to stm32f10x_flash.o(i.FLASH_WaitForLastOperation) for FLASH_WaitForLastOperation
    stm32f10x_flash.o(i.FLASH_UserOptionByteConfig) refers to stm32f10x_flash.o(i.FLASH_WaitForLastOperation) for FLASH_WaitForLastOperation
    stm32f10x_flash.o(i.FLASH_WaitForLastBank1Operation) refers to stm32f10x_flash.o(i.FLASH_GetBank1Status) for FLASH_GetBank1Status
[...]
    __scatterload_rt2_thumb_only             0x080000f5   Thumb Code     0  __scatter.o(!!!scatter)
    __scatterload_null                       0x08000103   Thumb Code     0  __scatter.o(!!!scatter)
    __scatterload_copy                       0x08000129   Thumb Code    26  __scatter_copy.o(!!handler_copy)
    __scatterload_zeroinit                   0x08000145   Thumb Code    28  __scatter_zi.o(!!handler_zi)
    _printf_f                                0x08000161   Thumb Code     0  _printf_f.o(.ARM.Collect$$_printf_percent$$00000003)
    _printf_percent                          0x08000161   Thumb Code     0  _printf_percent.o(.ARM.Collect$$_printf_percent$$00000000)
    _printf_d                                0x08000167   Thumb Code     0  _printf_d.o(.ARM.Collect$$_printf_percent$$00000009)
    _printf_u                                0x0800016d   Thumb Code     0  _printf_u.o(.ARM.Collect$$_printf_percent$$0000000A)
    _printf_c                                0x08000173   Thumb Code     0  _printf_c.o(.ARM.Collect$$_printf_percent$$00000013)
    _printf_s                                0x08000179   Thumb Code     0  _printf_s.o(.ARM.Collect$$_printf_percent$$00000014)
    _printf_percent_end                      0x0800017f   Thumb Code     0  _printf_percent_end.o(.ARM.Collect$$_printf_percent$$00000017)
    __rt_lib_init                            0x08000183   Thumb Code     0  libinit.o(.ARM.Collect$$libinit$$00000000)
    __rt_lib_init_fp_1                       0x08000185   Thumb Code     0  libinit2.o(.ARM.Collect$$libinit$$00000002)
    __rt_lib_init_heap_1                     0x08000185   Thumb Code     0  libinit2.o(.ARM.Collect$$libinit$$0000000A)
    __rt_lib_init_lc_common                  0x08000185   Thumb Code     0  libinit2.o(.ARM.Collect$$libinit$$0000000F)
    __rt_lib_init_preinit_1                  0x08000185   Thumb Code     0  libinit2.o(.ARM.Collect$$libinit$$00000004)
    __rt_lib_init_rand_1                     0x08000185   Thumb Code     0  libinit2.o(.ARM.Collect$$libinit$$0000000E)
    __rt_lib_init_user_alloc_1               0x08000185   Thumb Code     0  libinit2.o(.ARM.Collect$$libinit$$0000000C)
    __rt_lib_init_lc_collate_1               0x0800018b   Thumb Code     0  libinit2.o(.ARM.Collect$$libinit$$00000011)
    __rt_lib_init_lc_ctype_2                 0x0800018b   Thumb Code     0  libinit2.o(.ARM.Collect$$libinit$$00000012)
    __rt_lib_init_lc_ctype_1                 0x08000197   Thumb Code     0  libinit2.o(.ARM.Collect$$libinit$$00000013)
    __rt_lib_init_lc_monetary_1              0x08000197   Thumb Code     0  libinit2.o(.ARM.Collect$$libinit$$00000015)
    __rt_lib_init_lc_numeric_2               0x08000197   Thumb Code     0  libinit2.o(.ARM.Collect$$libinit$$00000016)
    __rt_lib_init_alloca_1                   0x080001a1   Thumb Code     0  libinit2.o(.ARM.Collect$$libinit$$0000002E)
    __rt_lib_init_argv_1                     0x080001a1   Thumb Code     0  libinit2.o(.ARM.Collect$$libinit$$0000002C)
    __rt_lib_init_atexit_1                   0x080001a1   Thumb Code     0  libinit2.o(.ARM.Collect$$libinit$$0000001B)
    __rt_lib_init_clock_1                    0x080001a1   Thumb Code     0  libinit2.o(.ARM.Collect$$libinit$$00000021)
    __rt_lib_init_cpp_1                      0x080001a1   Thumb Code     0  libinit2.o(.ARM.Collect$$libinit$$00000032)
    __rt_lib_init_exceptions_1               0x080001a1   Thumb Code     0  libinit2.o(.ARM.Collect$$libinit$$00000030)
    __rt_lib_init_fp_trap_1                  0x080001a1   Thumb Code     0  libinit2.o(.ARM.Collect$$libinit$$0000001F)
    __rt_lib_init_getenv_1                   0x080001a1   Thumb Code     0  libinit2.o(.ARM.Collect$$libinit$$00000023)
    __rt_lib_init_lc_numeric_1               0x080001a1   Thumb Code     0  libinit2.o(.ARM.Collect$$libinit$$00000017)
    __rt_lib_init_lc_time_1                  0x080001a1   Thumb Code     0  libinit2.o(.ARM.Collect$$libinit$$00000019)
    __rt_lib_init_return                     0x080001a1   Thumb Code     0  libinit2.o(.ARM.Collect$$libinit$$00000033)
    __rt_lib_init_signal_1                   0x080001a1   Thumb Code     0  libinit2.o(.ARM.Collect$$libinit$$0000001D)
    __rt_lib_init_stdio_1                    0x080001a1   Thumb Code     0  libinit2.o(.ARM.Collect$$libinit$$00000025)
    __rt_lib_shutdown                        0x080001a3   Thumb Code     0  libshutdown.o(.ARM.Collect$$libshutdown$$00000000)
    __rt_lib_shutdown_cpp_1                  0x080001a5   Thumb Code     0  libshutdown2.o(.ARM.Collect$$libshutdown$$00000002)
    __rt_lib_shutdown_fp_trap_1              0x080001a5   Thumb Code     0  libshutdown2.o(.ARM.Collect$$libshutdown$$00000007)
    __rt_lib_shutdown_heap_1                 0x080001a5   Thumb Code     0  libshutdown2.o(.ARM.Collect$$libshutdown$$0000000F)
    __rt_lib_shutdown_return                 0x080001a5   Thumb Code     0  libshutdown2.o(.ARM.Collect$$libshutdown$$00000010)
    __rt_lib_shutdown_signal_1               0x080001a5   Thumb Code     0  libshutdown2.o(.ARM.Collect$$libshutdown$$0000000A)
    __rt_lib_shutdown_stdio_1                0x080001a5   Thumb Code     0  libshutdown2.o(.ARM.Collect$$libshutdown$$00000004)
    __rt_lib_shutdown_user_alloc_1           0x080001a5   Thumb Code     0  libshutdown2.o(.ARM.Collect$$libshutdown$$0000000C)
    __rt_entry                               0x080001a7   Thumb Code     0  __rtentry.o(.ARM.Collect$$rtentry$$00000000)
    __rt_entry_presh_1                       0x080001a7   Thumb Code     0  __rtentry2.o(.ARM.Collect$$rtentry$$00000002)
    __rt_entry_sh                            0x080001a7   Thumb Code     0  __rtentry4.o(.ARM.Collect$$rtentry$$00000004)
    __rt_entry_li                            0x080001ad   Thumb Code     0  __rtentry2.o(.ARM.Collect$$rtentry$$0000000A)
    __rt_entry_postsh_1                      0x080001ad   Thumb Code     0  __rtentry2.o(.ARM.Collect$$rtentry$$00000009)
    __rt_entry_main                          0x080001b1   Thumb Code     0  __rtentry2.o(.ARM.Collect$$rtentry$$0000000D)
    __rt_entry_postli_1                      0x080001b1   Thumb Code     0  __rtentry2.o(.ARM.Collect$$rtentry$$0000000C)
    __rt_exit                                0x080001b9   Thumb Code     0  rtexit.o(.ARM.Collect$$rtexit$$00000000)
    __rt_exit_ls                             0x080001bb   Thumb Code     0  rtexit2.o(.ARM.Collect$$rtexit$$00000003)
    __rt_exit_prels_1                        0x080001bb   Thumb Code     0  rtexit2.o(.ARM.Collect$$rtexit$$00000002)
    __rt_exit_exit                           0x080001bf   Thumb Code     0  rtexit2.o(.ARM.Collect$$rtexit$$00000004)
    Reset_Handler                            0x080001c5   Thumb Code     8  startup_stm32f10x_md.o(.text)
    ADC1_2_IRQHandler                        0x080001df   Thumb Code     0  startup_stm32f10x_md.o(.text)
    CAN1_RX1_IRQHandler                      0x080001df   Thumb Code     0  startup_stm32f10x_md.o(.text)
    CAN1_SCE_IRQHandler                      0x080001df   Thumb Code     0  startup_stm32f10x_md.o(.text)
    DMA1_Channel1_IRQHandler                 0x080001df   Thumb Code     0  startup_stm32f10x_md.o(.text)
    DMA1_Channel2_IRQHandler                 0x080001df   Thumb Code     0  startup_stm32f10x_md.o(.text)
    DMA1_Channel3_IRQHandler                 0x080001df   Thumb Code     0  startup_stm32f10x_md.o(.text)
    DMA1_Channel4_IRQHandler                 0x080001df   Thumb Code     0  startup_stm32f10x_md.o(.text)
    DMA1_Channel5_IRQHandler                 0x080001df   Thumb Code     0  startup_stm32f10x_md.o(.text)
    DMA1_Channel6_IRQHandler                 0x080001df   Thumb Code     0  startup_stm32f10x_md.o(.text)
    DMA1_Channel7_IRQHandler                 0x080001df   Thumb Code     0  startup_stm32f10x_md.o(.text)
    EXTI0_IRQHandler                         0x080001df   Thumb Code     0  startup_stm32f10x_md.o(.text)
    EXTI15_10_IRQHandler                     0x080001df   Thumb Code     0  startup_stm32f10x_md.o(.text)
    EXTI1_IRQHandler                         0x080001df   Thumb Code     0  startup_stm32f10x_md.o(.text)
    EXTI2_IRQHandler                         0x080001df   Thumb Code     0  startup_stm32f10x_md.o(.text)
    EXTI3_IRQHandler                         0x080001df   Thumb Code     0  startup_stm32f10x_md.o(.text)
    EXTI4_IRQHandler                         0x080001df   Thumb Code     0  startup_stm32f10x_md.o(.text)
    EXTI9_5_IRQHandler                       0x080001df   Thumb Code     0  startup_stm32f10x_md.o(.text)
    FLASH_IRQHandler                         0x080001df   Thumb Code     0  startup_stm32f10x_md.o(.text)
    I2C1_ER_IRQHandler                       0x080001df   Thumb Code     0  startup_stm32f10x_md.o(.text)
    I2C1_EV_IRQHandler                       0x080001df   Thumb Code     0  startup_stm32f10x_md.o(.text)
    I2C2_ER_IRQHandler                       0x080001df   Thumb Code     0  startup_stm32f10x_md.o(.text)
    I2C2_EV_IRQHandler                       0x080001df   Thumb Code     0  startup_stm32f10x_md.o(.text)
    PVD_IRQHandler                           0x080001df   Thumb Code     0  startup_stm32f10x_md.o(.text)
    RCC_IRQHandler                           0x080001df   Thumb Code     0  startup_stm32f10x_md.o(.text)
    RTCAlarm_IRQHandler                      0x080001df   Thumb Code     0  startup_stm32f10x_md.o(.text)
    RTC_IRQHandler                           0x080001df   Thumb Code     0  startup_stm32f10x_md.o(.text)
    SPI1_IRQHandler                          0x080001df   Thumb Code     0  startup_stm32f10x_md.o(.text)
    SPI2_IRQHandler                          0x080001df   Thumb Code     0  startup_stm32f10x_md.o(.text)
    TAMPER_IRQHandler                        0x080001df   Thumb Code     0  startup_stm32f10x_md.o(.text)
    TIM1_BRK_IRQHandler                      0x080001df   Thumb Code     0  startup_stm32f10x_md.o(.text)
    TIM1_CC_IRQHandler                       0x080001df   Thumb Code     0  startup_stm32f10x_md.o(.text)
    TIM1_TRG_COM_IRQHandler                  0x080001df   Thumb Code     0  startup_stm32f10x_md.o(.text)
    TIM1_UP_IRQHandler                       0x080001df   Thumb Code     0  startup_stm32f10x_md.o(.text)
    TIM2_IRQHandler                          0x080001df   Thumb Code     0  startup_stm32f10x_md.o(.text)
    TIM3_IRQHandler                          0x080001df   Thumb Code     0  startup_stm32f10x_md.o(.text)
    USART3_IRQHandler                        0x080001df   Thumb Code     0  startup_stm32f10x_md.o(.text)
    USBWakeUp_IRQHandler                     0x080001df   Thumb Code     0  startup_stm32f10x_md.o(.text)
    USB_HP_CAN1_TX_IRQHandler                0x080001df   Thumb Code     0  startup_stm32f10x_md.o(.text)
    USB_LP_CAN1_RX0_IRQHandler               0x080001df   Thumb Code     0  startup_stm32f10x_md.o(.text)
    WWDG_IRQHandler                          0x080001df   Thumb Code     0  startup_stm32f10x_md.o(.text)
    __user_initial_stackheap                 0x080001e1   Thumb Code     0  startup_stm32f10x_md.o(.text)
    __use_no_semihosting                     0x08000205   Thumb Code     2  use_no_semi_2.o(.text)
    __2sprintf                               0x08000209   Thumb Code    34  noretval__2sprintf.o(.text)
    _printf_pre_padding                      0x08000231   Thumb Code    44  _printf_pad.o(.text)
    _printf_post_padding                     0x0800025d   Thumb Code    34  _printf_pad.o(.text)
    _printf_str                              0x0800027f   Thumb Code    82  _printf_str.o(.text)
    _printf_int_dec                          0x080002d1   Thumb Code   104  _printf_dec.o(.text)
    __printf                                 0x08000349   Thumb Code   388  __printf_flags_ss_wp.o(.text)
    __0sscanf                                0x080004d1   Thumb Code    52  __0sscanf.o(.text)
    strncmp                                  0x0800050d   Thumb Code   150  strncmp.o(.text)
    __aeabi_memcpy                           0x080005a3   Thumb Code     0  rt_memcpy_v6.o(.text)
    __rt_memcpy                              0x080005a3   Thumb Code   138  rt_memcpy_v6.o(.text)
    _memcpy_lastbytes                        0x08000609   Thumb Code     0  rt_memcpy_v6.o(.text)
    __aeabi_memclr                           0x0800062d   Thumb Code     0  rt_memclr.o(.text)
    __rt_memclr                              0x0800062d   Thumb Code    68  rt_memclr.o(.text)
    _memset                                  0x08000631   Thumb Code     0  rt_memclr.o(.text)
    __aeabi_memclr4                          0x08000671   Thumb Code     0  rt_memclr_w.o(.text)
    __aeabi_memclr8                          0x08000671   Thumb Code     0  rt_memclr_w.o(.text)
    __rt_memclr_w                            0x08000671   Thumb Code    78  rt_memclr_w.o(.text)
    _memset_w                                0x08000675   Thumb Code     0  rt_memclr_w.o(.text)
    strcmp                                   0x080006c1   Thumb Code   128  strcmpv7m.o(.text)
    __use_two_region_memory                  0x08000741   Thumb Code     2  heapauxi.o(.text)
    __rt_heap_escrow$2region                 0x08000743   Thumb Code     2  heapauxi.o(.text)
    __rt_heap_expand$2region                 0x08000745   Thumb Code     2  heapauxi.o(.text)
    __I$use$semihosting                      0x08000747   Thumb Code     0  use_no_semi.o(.text)
    __use_no_semihosting_swi                 0x08000747   Thumb Code     2  use_no_semi.o(.text)
    __read_errno                             0x08000749   Thumb Code    10  _rserrno.o(.text)
    __set_errno                              0x08000753   Thumb Code    12  _rserrno.o(.text)
    _printf_int_common                       0x0800075f   Thumb Code   178  _printf_intcommon.o(.text)
    __lib_sel_fp_printf                      0x08000811   Thumb Code     2  _printf_fp_dec.o(.text)
    _printf_fp_dec_real                      0x080009c3   Thumb Code   620  _printf_fp_dec.o(.text)
    _printf_char_common                      0x08000c3b   Thumb Code    32  _printf_char_common.o(.text)
    _sputc                                   0x08000c61   Thumb Code    10  _sputc.o(.text)
    _printf_cs_common                        0x08000c6b   Thumb Code    20  _printf_char.o(.text)
    _printf_char                             0x08000c7f   Thumb Code    16  _printf_char.o(.text)
    _printf_string                           0x08000c8f   Thumb Code     8  _printf_char.o(.text)
    _scanf_really_real                       0x08000ee5   Thumb Code   684  scanf_fp.o(.text)
    __vfscanf_char                           0x0800119d   Thumb Code    24  scanf_char.o(.text)
    _sgetc                                   0x080011bd   Thumb Code    30  _sgetc.o(.text)
    _sbackspace                              0x080011db   Thumb Code    34  _sgetc.o(.text)
    __aeabi_memcpy4                          0x080011fd   Thumb Code     0  rt_memcpy_w.o(.text)
    __aeabi_memcpy8                          0x080011fd   Thumb Code     0  rt_memcpy_w.o(.text)
    __rt_memcpy_w                            0x080011fd   Thumb Code   100  rt_memcpy_w.o(.text)
    _memcpy_lastbytes_aligned                0x08001245   Thumb Code     0  rt_memcpy_w.o(.text)
    __rt_locale                              0x08001261   Thumb Code     8  rt_locale_intlibspace.o(.text)
    __aeabi_errno_addr                       0x08001269   Thumb Code     8  rt_errno_addr_intlibspace.o(.text)
    __errno$intlibspace                      0x08001269   Thumb Code     0  rt_errno_addr_intlibspace.o(.text)
    __rt_errno_addr$intlibspace              0x08001269   Thumb Code     0  rt_errno_addr_intlibspace.o(.text)
    _ll_udiv10                               0x08001271   Thumb Code   138  lludiv10.o(.text)
    isspace                                  0x080012fb   Thumb Code    18  isspace.o(.text)
    _printf_fp_infnan                        0x0800130d   Thumb Code   112  _printf_fp_infnan.o(.text)
    __vfscanf                                0x0800138d   Thumb Code   878  _scanf.o(.text)
    _btod_etento                             0x08001701   Thumb Code   224  bigflt0.o(.text)
    __user_libspace                          0x080017e5   Thumb Code     8  libspace.o(.text)
    __user_perproc_libspace                  0x080017e5   Thumb Code     0  libspace.o(.text)
    __user_perthread_libspace                0x080017e5   Thumb Code     0  libspace.o(.text)
    __user_setup_stackheap                   0x080017ed   Thumb Code    74  sys_stackheap_outer.o(.text)
    __rt_ctype_table                         0x08001839   Thumb Code    16  rt_ctype_table.o(.text)
    _scanf_really_hex_real                   0x08001849   Thumb Code   786  scanf_hexfp.o(.text)
    _scanf_really_infnan                     0x08001b69   Thumb Code   292  scanf_infnan.o(.text)
    exit                                     0x08001c9d   Thumb Code    18  exit.o(.text)
    __aeabi_llsl                             0x08001caf   Thumb Code     0  llshl.o(.text)
    _ll_shift_l                              0x08001caf   Thumb Code    38  llshl.o(.text)
    _chval                                   0x08001cd5   Thumb Code    28  _chval.o(.text)
    _btod_d2e                                0x08001cf1   Thumb Code    62  btod.o(CL$$btod_d2e)
    _d2e_denorm_low                          0x08001d2f   Thumb Code    70  btod.o(CL$$btod_d2e_denorm_low)
    _d2e_norm_op1                            0x08001d75   Thumb Code    96  btod.o(CL$$btod_d2e_norm_op1)
    __btod_div_common                        0x08001dd5   Thumb Code   696  btod.o(CL$$btod_div_common)
    _e2d                                     0x0800210d   Thumb Code   122  btod.o(CL$$btod_e2d)
    _e2e                                     0x08002191   Thumb Code   220  btod.o(CL$$btod_e2e)
    _btod_ediv                               0x0800226d   Thumb Code    42  btod.o(CL$$btod_ediv)
    _btod_edivd                              0x08002297   Thumb Code    42  btod.o(CL$$btod_edivd)
    _btod_emul                               0x080022c1   Thumb Code    42  btod.o(CL$$btod_emul)
    _btod_emuld                              0x080022eb   Thumb Code    42  btod.o(CL$$btod_emuld)
    __btod_mult_common                       0x08002315   Thumb Code   580  btod.o(CL$$btod_mult_common)
    BKP_WriteBackupRegister                  0x08002559   Thumb Code    22  stm32f10x_bkp.o(i.BKP_WriteBackupRegister)
    BNO085_Init                              0x08002575   Thumb Code   278  sensor_fusion.o(i.BNO085_Init)
    BNO085_ReadAll                           0x080026cd   Thumb Code   302  sensor_fusion.o(i.BNO085_ReadAll)
    BNO085_ResetAttitude                     0x0800281d   Thumb Code    32  sensor_fusion.o(i.BNO085_ResetAttitude)
    BNO085_UpdateYaw                         0x08002845   Thumb Code   320  sensor_fusion.o(i.BNO085_UpdateYaw)
    BspKey_Init                              0x08002a8d   Thumb Code    48  bsp_key.o(i.BspKey_Init)
    BspKey_Read                              0x08002ac9   Thumb Code    12  bsp_key.o(i.BspKey_Read)
    BspKey_Tick                              0x08002ad9   Thumb Code   142  bsp_key.o(i.BspKey_Tick)
    BspOled_Init                             0x08002b79   Thumb Code    34  bsp_oled.o(i.BspOled_Init)
    BspOled_ShowExperimentId                 0x08002bb1   Thumb Code    58  bsp_oled.o(i.BspOled_ShowExperimentId)
    BspOled_ShowStatus                       0x08002c09   Thumb Code   182  bsp_oled.o(i.BspOled_ShowStatus)
    BspUart_Init                             0x08002d19   Thumb Code   202  bsp_uart.o(i.BspUart_Init)
    BspUart_SendStat                         0x08002e05   Thumb Code   244  bsp_uart.o(i.BspUart_SendStat)
    BspUart_SendString                       0x08002f25   Thumb Code    28  bsp_uart.o(i.BspUart_SendString)
    BspUart_SendTelemetryStraight            0x08002f41   Thumb Code   112  bsp_uart.o(i.BspUart_SendTelemetryStraight)
    BspUart_SendTelemetryTrack               0x08002fb5   Thumb Code   272  bsp_uart.o(i.BspUart_SendTelemetryTrack)
    BspUart_TakeCommand                      0x080030e1   Thumb Code   106  bsp_uart.o(i.BspUart_TakeCommand)
    BspUart_USART_IRQHandler                 0x08003159   Thumb Code   114  bsp_uart.o(i.BspUart_USART_IRQHandler)
    BusFault_Handler                         0x080031dd   Thumb Code     6  stm32f10x_it.o(i.BusFault_Handler)
    DebugMon_Handler                         0x080032b5   Thumb Code     2  stm32f10x_it.o(i.DebugMon_Handler)
    Delay_ms                                 0x080032b7   Thumb Code    24  delay.o(i.Delay_ms)
    Delay_us                                 0x080032cf   Thumb Code    46  delay.o(i.Delay_us)
    DualLoop_ApplySpeedRamp                  0x080032fd   Thumb Code   104  pid_controller.o(i.DualLoop_ApplySpeedRamp)
    DualLoop_ComputeSpeed                    0x08003369   Thumb Code   174  pid_controller.o(i.DualLoop_ComputeSpeed)
    DualLoop_ComputeStraight                 0x0800341d   Thumb Code   446  pid_controller.o(i.DualLoop_ComputeStraight)
    DualLoop_Init                            0x080035f5   Thumb Code    70  pid_controller.o(i.DualLoop_Init)
    DualLoop_LoadStraightDefaults            0x0800364d   Thumb Code    56  pid_controller.o(i.DualLoop_LoadStraightDefaults)
    DualLoop_LoadTrackDefaults               0x080036a5   Thumb Code    38  pid_controller.o(i.DualLoop_LoadTrackDefaults)
    DualLoop_ResetAll                        0x080036dd   Thumb Code    58  pid_controller.o(i.DualLoop_ResetAll)
    Encoder_Init                             0x0800371d   Thumb Code   204  motor_driver.o(i.Encoder_Init)
    Encoder_Reset                            0x080037f1   Thumb Code    22  motor_driver.o(i.Encoder_Reset)
    Encoder_Update                           0x0800380d   Thumb Code   120  motor_driver.o(i.Encoder_Update)
    GPIO_Init                                0x08003889   Thumb Code   278  stm32f10x_gpio.o(i.GPIO_Init)
    GPIO_PinRemapConfig                      0x080039a1   Thumb Code   138  stm32f10x_gpio.o(i.GPIO_PinRemapConfig)
    GPIO_ReadInputDataBit                    0x08003a31   Thumb Code    18  stm32f10x_gpio.o(i.GPIO_ReadInputDataBit)
    GPIO_ResetBits                           0x08003a43   Thumb Code     4  stm32f10x_gpio.o(i.GPIO_ResetBits)
    GPIO_SetBits                             0x08003a47   Thumb Code     4  stm32f10x_gpio.o(i.GPIO_SetBits)
    GPIO_WriteBit                            0x08003a4b   Thumb Code    10  stm32f10x_gpio.o(i.GPIO_WriteBit)
    HardFault_Handler                        0x08003a55   Thumb Code     6  stm32f10x_it.o(i.HardFault_Handler)
    LineSensor_Init                          0x08003a5d   Thumb Code    72  sensor_fusion.o(i.LineSensor_Init)
    LineSensor_Read                          0x08003ab1   Thumb Code   230  sensor_fusion.o(i.LineSensor_Read)
    LineTrack_GetBasePwm                     0x08003bad   Thumb Code     8  line_track.o(i.LineTrack_GetBasePwm)
    LineTrack_Init                           0x08003bb9   Thumb Code    30  line_track.o(i.LineTrack_Init)
    LineTrack_IsRunning                      0x08003be5   Thumb Code    16  line_track.o(i.LineTrack_IsRunning)
    LineTrack_SetBasePwm                     0x08003bf9   Thumb Code    22  line_track.o(i.LineTrack_SetBasePwm)
    LineTrack_SetPID                         0x08003c15   Thumb Code    36  line_track.o(i.LineTrack_SetPID)
    LineTrack_Start                          0x08003c3d   Thumb Code    32  line_track.o(i.LineTrack_Start)
    LineTrack_Stop                           0x08003c61   Thumb Code    54  line_track.o(i.LineTrack_Stop)
    LineTrack_Update                         0x08003c9d   Thumb Code    90  line_track.o(i.LineTrack_Update)
    Main_TimerTickISR                        0x08003cfd   Thumb Code    50  main.o(i.Main_TimerTickISR)
    MemManage_Handler                        0x08003d3d   Thumb Code     6  stm32f10x_it.o(i.MemManage_Handler)
    MotorDriver_Disable                      0x08003d45   Thumb Code    12  motor_driver.o(i.MotorDriver_Disable)
    MotorDriver_Enable                       0x08003d55   Thumb Code    12  motor_driver.o(i.MotorDriver_Enable)
    MotorDriver_GetActualL                   0x08003d65   Thumb Code     8  motor_driver.o(i.MotorDriver_GetActualL)
    MotorDriver_GetActualR                   0x08003d71   Thumb Code     8  motor_driver.o(i.MotorDriver_GetActualR)
    MotorDriver_Init                         0x08003d7d   Thumb Code   248  motor_driver.o(i.MotorDriver_Init)
    MotorDriver_SetCoreDiff                  0x08003e81   Thumb Code   122  motor_driver.o(i.MotorDriver_SetCoreDiff)
    MotorDriver_SetTurnPWM                   0x08003f09   Thumb Code    64  motor_driver.o(i.MotorDriver_SetTurnPWM)
    MotorDriver_Stop                         0x08003f55   Thumb Code    46  motor_driver.o(i.MotorDriver_Stop)
    NMI_Handler                              0x08003f91   Thumb Code     2  stm32f10x_it.o(i.NMI_Handler)
    NVIC_Init                                0x08003f95   Thumb Code   100  misc.o(i.NVIC_Init)
    NVIC_PriorityGroupConfig                 0x08004005   Thumb Code    10  misc.o(i.NVIC_PriorityGroupConfig)
    OLED_Clear                               0x08004019   Thumb Code    42  oled.o(i.OLED_Clear)
    OLED_Init                                0x08004111   Thumb Code   150  oled.o(i.OLED_Init)
    OLED_ShowString                          0x08004259   Thumb Code    58  oled.o(i.OLED_ShowString)
    PID_ComputeDOB                           0x08004311   Thumb Code   190  pid_controller.o(i.PID_ComputeDOB)
    PID_Init                                 0x080043d5   Thumb Code    58  pid_controller.o(i.PID_Init)
    PID_Reset                                0x0800440f   Thumb Code    20  pid_controller.o(i.PID_Reset)
    PWR_BackupAccessCmd                      0x08004425   Thumb Code     6  stm32f10x_pwr.o(i.PWR_BackupAccessCmd)
    PendSV_Handler                           0x08004431   Thumb Code     2  stm32f10x_it.o(i.PendSV_Handler)
    RCC_APB1PeriphClockCmd                   0x08004435   Thumb Code    26  stm32f10x_rcc.o(i.RCC_APB1PeriphClockCmd)
    RCC_APB2PeriphClockCmd                   0x08004455   Thumb Code    26  stm32f10x_rcc.o(i.RCC_APB2PeriphClockCmd)
    RCC_GetClocksFreq                        0x08004475   Thumb Code   192  stm32f10x_rcc.o(i.RCC_GetClocksFreq)
    SVC_Handler                              0x08004549   Thumb Code     2  stm32f10x_it.o(i.SVC_Handler)
    SysTick_Handler                          0x08004791   Thumb Code     2  stm32f10x_it.o(i.SysTick_Handler)
    SystemInit                               0x08004795   Thumb Code    78  system_stm32f10x.o(i.SystemInit)
    TIM4_IRQHandler                          0x080047f5   Thumb Code    26  stm32f10x_it.o(i.TIM4_IRQHandler)
    TIM_ClearITPendingBit                    0x08004815   Thumb Code     6  stm32f10x_tim.o(i.TIM_ClearITPendingBit)
    TIM_Cmd                                  0x0800481b   Thumb Code    24  stm32f10x_tim.o(i.TIM_Cmd)
    TIM_CtrlPWMOutputs                       0x08004833   Thumb Code    30  stm32f10x_tim.o(i.TIM_CtrlPWMOutputs)
    TIM_EncoderInterfaceConfig               0x08004851   Thumb Code    66  stm32f10x_tim.o(i.TIM_EncoderInterfaceConfig)
    TIM_GetCounter                           0x08004893   Thumb Code     6  stm32f10x_tim.o(i.TIM_GetCounter)
    TIM_GetITStatus                          0x08004899   Thumb Code    34  stm32f10x_tim.o(i.TIM_GetITStatus)
    TIM_ITConfig                             0x080048bb   Thumb Code    18  stm32f10x_tim.o(i.TIM_ITConfig)
    TIM_OC1Init                              0x080048cd   Thumb Code   132  stm32f10x_tim.o(i.TIM_OC1Init)
    TIM_OC2Init                              0x08004965   Thumb Code   154  stm32f10x_tim.o(i.TIM_OC2Init)
    TIM_OCStructInit                         0x08004a09   Thumb Code    20  stm32f10x_tim.o(i.TIM_OCStructInit)
    TIM_SetCompare1                          0x08004a1d   Thumb Code     4  stm32f10x_tim.o(i.TIM_SetCompare1)
    TIM_SetCompare2                          0x08004a21   Thumb Code     4  stm32f10x_tim.o(i.TIM_SetCompare2)
    TIM_SetCounter                           0x08004a25   Thumb Code     4  stm32f10x_tim.o(i.TIM_SetCounter)
    TIM_TimeBaseInit                         0x08004a29   Thumb Code   122  stm32f10x_tim.o(i.TIM_TimeBaseInit)
    USART1_IRQHandler                        0x08004b85   Thumb Code   122  usart.o(i.USART1_IRQHandler)
    USART2_IRQHandler                        0x08004c0d   Thumb Code     8  stm32f10x_it.o(i.USART2_IRQHandler)
    USART_Cmd                                0x08004c15   Thumb Code    24  stm32f10x_usart.o(i.USART_Cmd)
    USART_GetFlagStatus                      0x08004c2d   Thumb Code    26  stm32f10x_usart.o(i.USART_GetFlagStatus)
    USART_GetITStatus                        0x08004c47   Thumb Code    84  stm32f10x_usart.o(i.USART_GetITStatus)
    USART_ITConfig                           0x08004c9b   Thumb Code    74  stm32f10x_usart.o(i.USART_ITConfig)
    USART_Init                               0x08004ce5   Thumb Code   210  stm32f10x_usart.o(i.USART_Init)
    USART_ReceiveData                        0x08004dbd   Thumb Code    10  stm32f10x_usart.o(i.USART_ReceiveData)
    USART_SendData                           0x08004dc7   Thumb Code     8  stm32f10x_usart.o(i.USART_SendData)
    UsageFault_Handler                       0x08004dcf   Thumb Code     6  stm32f10x_it.o(i.UsageFault_Handler)
    __ARM_fpclassify                         0x08004dd5   Thumb Code    40  fpclassify.o(i.__ARM_fpclassify)
    __ARM_fpclassifyf                        0x08004dfd   Thumb Code    38  fpclassifyf.o(i.__ARM_fpclassifyf)
    __mathlib_dbl_overflow                   0x08004e23   Thumb Code    14  dunder.o(i.__mathlib_dbl_overflow)
    __mathlib_dbl_underflow                  0x08004e31   Thumb Code    10  dunder.o(i.__mathlib_dbl_underflow)
    __mathlib_flt_infnan                     0x08004e41   Thumb Code     6  funder.o(i.__mathlib_flt_infnan)
    __mathlib_flt_infnan2                    0x08004e47   Thumb Code     4  funder.o(i.__mathlib_flt_infnan2)
    __mathlib_flt_invalid                    0x08004e4b   Thumb Code     8  funder.o(i.__mathlib_flt_invalid)
    __mathlib_flt_underflow                  0x08004e53   Thumb Code    10  funder.o(i.__mathlib_flt_underflow)
    __mathlib_narrow                         0x08004e5d   Thumb Code    16  narrow.o(i.__mathlib_narrow)
    __mathlib_tofloat                        0x08004e6d   Thumb Code   184  narrow.o(i.__mathlib_tofloat)
    __support_ldexp                          0x08004f29   Thumb Code    22  ldexp.o(i.__support_ldexp)
    _is_digit                                0x08004f3f   Thumb Code    14  __printf_wp.o(i._is_digit)
    _sys_exit                                0x08004f4d   Thumb Code     4  usart.o(i._sys_exit)
    asinf                                    0x08004f85   Thumb Code   254  asinf.o(i.asinf)
    atan2f                                   0x080050a9   Thumb Code   528  atan2f.o(i.atan2f)
    frexp                                    0x0800601d   Thumb Code    80  frexp.o(i.frexp)
    ldexp                                    0x080065e5   Thumb Code   116  ldexp.o(i.ldexp)
    main                                     0x08006699   Thumb Code   158  main.o(i.main)
    sqrtf                                    0x08007081   Thumb Code    44  sqrtf.o(i.sqrtf)
    _get_lc_numeric                          0x080073fd   Thumb Code    44  lc_numeric_c.o(locale$$code)
    _get_lc_ctype                            0x08007429   Thumb Code    44  lc_ctype_c.o(locale$$code)
    __aeabi_d2f                              0x08007455   Thumb Code     0  d2f.o(x$fpl$d2f)
    _d2f                                     0x08007455   Thumb Code    98  d2f.o(x$fpl$d2f)
    __fpl_dcheck_NaN1                        0x080074b9   Thumb Code    10  dcheck1.o(x$fpl$dcheck1)
    __fpl_dcmp_Inf                           0x080074c9   Thumb Code    24  dcmpi.o(x$fpl$dcmpinf)
    __aeabi_cdcmpeq                          0x080074e1   Thumb Code     0  deqf.o(x$fpl$deqf)
    _dcmpeq                                  0x080074e1   Thumb Code   120  deqf.o(x$fpl$deqf)
    __aeabi_cdcmple                          0x08007559   Thumb Code     0  dleqf.o(x$fpl$dleqf)
    _dcmple                                  0x08007559   Thumb Code   120  dleqf.o(x$fpl$dleqf)
    __fpl_dcmple_InfNaN                      0x080075bb   Thumb Code     0  dleqf.o(x$fpl$dleqf)
    __fpl_dnaninf                            0x080075d1   Thumb Code   156  dnaninf.o(x$fpl$dnaninf)
    __fpl_dretinf                            0x0800766d   Thumb Code    12  dretinf.o(x$fpl$dretinf)
    __aeabi_cdrcmple                         0x08007679   Thumb Code     0  drleqf.o(x$fpl$drleqf)
    _drcmple                                 0x08007679   Thumb Code   108  drleqf.o(x$fpl$drleqf)
    __aeabi_f2d                              0x080076e5   Thumb Code     0  f2d.o(x$fpl$f2d)
    _f2d                                     0x080076e5   Thumb Code    86  f2d.o(x$fpl$f2d)
    __aeabi_fadd                             0x0800773d   Thumb Code     0  faddsub_clz.o(x$fpl$fadd)
    _fadd                                    0x0800773d   Thumb Code   196  faddsub_clz.o(x$fpl$fadd)
    __fpl_fcheck_NaN1                        0x08007801   Thumb Code     6  fcheck1.o(x$fpl$fcheck1)
    __fpl_fcmp_Inf                           0x0800780d   Thumb Code    24  fcmpi.o(x$fpl$fcmpinf)
    __aeabi_fdiv                             0x08007825   Thumb Code     0  fdiv.o(x$fpl$fdiv)
    _fdiv                                    0x08007825   Thumb Code   384  fdiv.o(x$fpl$fdiv)
    __aeabi_f2iz                             0x080079a9   Thumb Code     0  ffix.o(x$fpl$ffix)
    _ffix                                    0x080079a9   Thumb Code    54  ffix.o(x$fpl$ffix)
    __aeabi_i2f                              0x080079e1   Thumb Code     0  fflt_clz.o(x$fpl$fflt)
    _fflt                                    0x080079e1   Thumb Code    48  fflt_clz.o(x$fpl$fflt)
    __aeabi_ui2f                             0x08007a11   Thumb Code     0  fflt_clz.o(x$fpl$ffltu)
    _ffltu                                   0x08007a11   Thumb Code    38  fflt_clz.o(x$fpl$ffltu)
    __aeabi_cfcmple                          0x08007a39   Thumb Code     0  fleqf.o(x$fpl$fleqf)
    _fcmple                                  0x08007a39   Thumb Code   104  fleqf.o(x$fpl$fleqf)
    __fpl_fcmple_InfNaN                      0x08007a8b   Thumb Code     0  fleqf.o(x$fpl$fleqf)
    __aeabi_fmul                             0x08007aa1   Thumb Code     0  fmul.o(x$fpl$fmul)
    _fmul                                    0x08007aa1   Thumb Code   258  fmul.o(x$fpl$fmul)
    __fpl_fnaninf                            0x08007ba3   Thumb Code   140  fnaninf.o(x$fpl$fnaninf)
    __fpl_fretinf                            0x08007c2f   Thumb Code    10  fretinf.o(x$fpl$fretinf)
    __aeabi_cfrcmple                         0x08007c39   Thumb Code     0  frleqf.o(x$fpl$frleqf)
    _frcmple                                 0x08007c39   Thumb Code    98  frleqf.o(x$fpl$frleqf)
    __aeabi_frsub                            0x08007c9b   Thumb Code     0  faddsub_clz.o(x$fpl$frsb)
    _frsb                                    0x08007c9b   Thumb Code    20  faddsub_clz.o(x$fpl$frsb)
    _fsqrt                                   0x08007cb1   Thumb Code   272  fsqrt.o(x$fpl$fsqrt)
    __aeabi_fsub                             0x08007dc1   Thumb Code     0  faddsub_clz.o(x$fpl$fsub)
    _fsub                                    0x08007dc1   Thumb Code   234  faddsub_clz.o(x$fpl$fsub)
    __ieee_status                            0x08007eab   Thumb Code     6  istatus.o(x$fpl$ieeestatus)
    _printf_fp_dec                           0x08007eb1   Thumb Code     4  printf1.o(x$fpl$printf1)
    __fpl_return_NaN                         0x08007eb5   Thumb Code   100  retnan.o(x$fpl$retnan)
    __ARM_scalbn                             0x08007f19   Thumb Code    92  scalbn.o(x$fpl$scalbn)
    __ARM_scalbnf                            0x08007f75   Thumb Code    76  scalbnf.o(x$fpl$scalbnf)
    _scanf_real                              0x08007fc1   Thumb Code     4  scanf1.o(x$fpl$scanf1)
    _scanf_hex_real                          0x08007fc5   Thumb Code     4  scanf2.o(x$fpl$scanf2)
    _scanf_infnan                            0x08007fc9   Thumb Code     4  scanf2.o(x$fpl$scanf2)
    __fpl_cmpreturn                          0x08007fcd   Thumb Code    48  trapv.o(x$fpl$trapveneer)
    __I$use$fp                               0x08007ffc   Number         0  usenofp.o(x$fpl$usenofp)
    OLED_F8x16                               0x08008020   Data        1520  oled_font.o(.constdata)
    Region$$Table$$Base                      0x08008854   Number         0  anon$$obj.o(Region$$Table)
    Region$$Table$$Limit                     0x08008874   Number         0  anon$$obj.o(Region$$Table)
    __aeabi_HUGE_VAL                         0x08008874   Data           0  fpconst.o(c$$dinf)
    __aeabi_HUGE_VALL                        0x08008874   Data           0  fpconst.o(c$$dinf)
    __aeabi_INFINITY                         0x08008874   Data           0  fpconst.o(c$$dinf)
    __dInf                                   0x08008874   Data           0  fpconst.o(c$$dinf)
    __huge_val                               0x08008874   Data           0  fpconst.o(c$$dinf)
    __dbl_max                                0x0800887c   Data           0  fpconst.o(c$$dmax)
    __ctype                                  0x080088ad   Data           0  lc_ctype_c.o(locale$$data)
    __stdout                                 0x20000014   Data           4  usart.o(.data)
    USART_RX_STA                             0x20000018   Data           2  usart.o(.data)
    USART_RX_BUF                             0x200000b8   Data         200  usart.o(.bss)
    g_lineTrack                              0x20000300   Data          48  line_track.o(.bss)
    __libspace_start                         0x20000c98   Data          96  libspace.o(.bss)
    __temporary_stack_top$libspace           0x20000cf8   Data           0  libspace.o(.bss)



==============================================================================

Memory Map of the image

  Image Entry point : 0x080000ed

  Load Region LR_IROM1 (Base: 0x08000000, Size: 0x00008a68, Max: 0x00010000, ABSOLUTE)

    Execution Region ER_IROM1 (Exec base: 0x08000000, Load base: 0x08000000, Size: 0x000089b0, Max: 0x00010000, ABSOLUTE)

    Exec Addr    Load Addr    Size         Type   Attr      Idx    E Section Name        Object

    0x08000000   0x08000000   0x000000ec   Data   RO           19    RESET               startup_stm32f10x_md.o
    0x080000ec   0x080000ec   0x00000008   Code   RO         4514  * !!!main             c_w.l(__main.o)
    0x080000f4   0x080000f4   0x00000034   Code   RO         4921    !!!scatter          c_w.l(__scatter.o)
    0x08000128   0x08000128   0x0000001a   Code   RO         4923    !!handler_copy      c_w.l(__scatter_copy.o)
    0x08000142   0x08000142   0x00000002   PAD
    0x08000144   0x08000144   0x0000001c   Code   RO         4925    !!handler_zi        c_w.l(__scatter_zi.o)
    0x08000160   0x08000160   0x00000000   Code   RO         4499    .ARM.Collect$$_printf_percent$$00000000  c_w.l(_printf_percent.o)
    0x08000160   0x08000160   0x00000006   Code   RO         4498    .ARM.Collect$$_printf_percent$$00000003  c_w.l(_printf_f.o)
    0x08000166   0x08000166   0x00000006   Code   RO         4496    .ARM.Collect$$_printf_percent$$00000009  c_w.l(_printf_d.o)
    0x0800016c   0x0800016c   0x00000006   Code   RO         4497    .ARM.Collect$$_printf_percent$$0000000A  c_w.l(_printf_u.o)
    0x08000172   0x08000172   0x00000006   Code   RO         4493    .ARM.Collect$$_printf_percent$$00000013  c_w.l(_printf_c.o)
    0x08000178   0x08000178   0x00000006   Code   RO         4494    .ARM.Collect$$_printf_percent$$00000014  c_w.l(_printf_s.o)
    0x0800017e   0x0800017e   0x00000004   Code   RO         4579    .ARM.Collect$$_printf_percent$$00000017  c_w.l(_printf_percent_end.o)
    0x08000182   0x08000182   0x00000002   Code   RO         4728    .ARM.Collect$$libinit$$00000000  c_w.l(libinit.o)
    0x08000184   0x08000184   0x00000000   Code   RO         4730    .ARM.Collect$$libinit$$00000002  c_w.l(libinit2.o)
    0x08000184   0x08000184   0x00000000   Code   RO         4732    .ARM.Collect$$libinit$$00000004  c_w.l(libinit2.o)
    0x08000184   0x08000184   0x00000000   Code   RO         4735    .ARM.Collect$$libinit$$0000000A  c_w.l(libinit2.o)
    0x08000184   0x08000184   0x00000000   Code   RO         4737    .ARM.Collect$$libinit$$0000000C  c_w.l(libinit2.o)
    0x08000184   0x08000184   0x00000000   Code   RO         4739    .ARM.Collect$$libinit$$0000000E  c_w.l(libinit2.o)
    0x08000184   0x08000184   0x00000006   Code   RO         4740    .ARM.Collect$$libinit$$0000000F  c_w.l(libinit2.o)
    0x0800018a   0x0800018a   0x00000000   Code   RO         4742    .ARM.Collect$$libinit$$00000011  c_w.l(libinit2.o)
    0x0800018a   0x0800018a   0x0000000c   Code   RO         4743    .ARM.Collect$$libinit$$00000012  c_w.l(libinit2.o)
    0x08000196   0x08000196   0x00000000   Code   RO         4744    .ARM.Collect$$libinit$$00000013  c_w.l(libinit2.o)
    0x08000196   0x08000196   0x00000000   Code   RO         4746    .ARM.Collect$$libinit$$00000015  c_w.l(libinit2.o)
    0x08000196   0x08000196   0x0000000a   Code   RO         4747    .ARM.Collect$$libinit$$00000016  c_w.l(libinit2.o)
    0x080001a0   0x080001a0   0x00000000   Code   RO         4748    .ARM.Collect$$libinit$$00000017  c_w.l(libinit2.o)
    0x080001a0   0x080001a0   0x00000000   Code   RO         4750    .ARM.Collect$$libinit$$00000019  c_w.l(libinit2.o)
    0x080001a0   0x080001a0   0x00000000   Code   RO         4752    .ARM.Collect$$libinit$$0000001B  c_w.l(libinit2.o)
    0x080001a0   0x080001a0   0x00000000   Code   RO         4754    .ARM.Collect$$libinit$$0000001D  c_w.l(libinit2.o)
    0x080001a0   0x080001a0   0x00000000   Code   RO         4756    .ARM.Collect$$libinit$$0000001F  c_w.l(libinit2.o)
    0x080001a0   0x080001a0   0x00000000   Code   RO         4758    .ARM.Collect$$libinit$$00000021  c_w.l(libinit2.o)
    0x080001a0   0x080001a0   0x00000000   Code   RO         4760    .ARM.Collect$$libinit$$00000023  c_w.l(libinit2.o)
    0x080001a0   0x080001a0   0x00000000   Code   RO         4762    .ARM.Collect$$libinit$$00000025  c_w.l(libinit2.o)
    0x080001a0   0x080001a0   0x00000000   Code   RO         4766    .ARM.Collect$$libinit$$0000002C  c_w.l(libinit2.o)
    0x080001a0   0x080001a0   0x00000000   Code   RO         4768    .ARM.Collect$$libinit$$0000002E  c_w.l(libinit2.o)
    0x080001a0   0x080001a0   0x00000000   Code   RO         4770    .ARM.Collect$$libinit$$00000030  c_w.l(libinit2.o)
    0x080001a0   0x080001a0   0x00000000   Code   RO         4772    .ARM.Collect$$libinit$$00000032  c_w.l(libinit2.o)
    0x080001a0   0x080001a0   0x00000002   Code   RO         4773    .ARM.Collect$$libinit$$00000033  c_w.l(libinit2.o)
    0x080001a2   0x080001a2   0x00000002   Code   RO         4859    .ARM.Collect$$libshutdown$$00000000  c_w.l(libshutdown.o)
    0x080001a4   0x080001a4   0x00000000   Code   RO         4880    .ARM.Collect$$libshutdown$$00000002  c_w.l(libshutdown2.o)
    0x080001a4   0x080001a4   0x00000000   Code   RO         4882    .ARM.Collect$$libshutdown$$00000004  c_w.l(libshutdown2.o)
    0x080001a4   0x080001a4   0x00000000   Code   RO         4885    .ARM.Collect$$libshutdown$$00000007  c_w.l(libshutdown2.o)
    0x080001a4   0x080001a4   0x00000000   Code   RO         4888    .ARM.Collect$$libshutdown$$0000000A  c_w.l(libshutdown2.o)
    0x080001a4   0x080001a4   0x00000000   Code   RO         4890    .ARM.Collect$$libshutdown$$0000000C  c_w.l(libshutdown2.o)
    0x080001a4   0x080001a4   0x00000000   Code   RO         4893    .ARM.Collect$$libshutdown$$0000000F  c_w.l(libshutdown2.o)
    0x080001a4   0x080001a4   0x00000002   Code   RO         4894    .ARM.Collect$$libshutdown$$00000010  c_w.l(libshutdown2.o)
    0x080001a6   0x080001a6   0x00000000   Code   RO         4566    .ARM.Collect$$rtentry$$00000000  c_w.l(__rtentry.o)
    0x080001a6   0x080001a6   0x00000000   Code   RO         4624    .ARM.Collect$$rtentry$$00000002  c_w.l(__rtentry2.o)
    0x080001a6   0x080001a6   0x00000006   Code   RO         4636    .ARM.Collect$$rtentry$$00000004  c_w.l(__rtentry4.o)
    0x080001ac   0x080001ac   0x00000000   Code   RO         4626    .ARM.Collect$$rtentry$$00000009  c_w.l(__rtentry2.o)
    0x080001ac   0x080001ac   0x00000004   Code   RO         4627    .ARM.Collect$$rtentry$$0000000A  c_w.l(__rtentry2.o)
    0x080001b0   0x080001b0   0x00000000   Code   RO         4629    .ARM.Collect$$rtentry$$0000000C  c_w.l(__rtentry2.o)
    0x080001b0   0x080001b0   0x00000008   Code   RO         4630    .ARM.Collect$$rtentry$$0000000D  c_w.l(__rtentry2.o)
    0x080001b8   0x080001b8   0x00000002   Code   RO         4786    .ARM.Collect$$rtexit$$00000000  c_w.l(rtexit.o)
    0x080001ba   0x080001ba   0x00000000   Code   RO         4822    .ARM.Collect$$rtexit$$00000002  c_w.l(rtexit2.o)
    0x080001ba   0x080001ba   0x00000004   Code   RO         4823    .ARM.Collect$$rtexit$$00000003  c_w.l(rtexit2.o)
    0x080001be   0x080001be   0x00000006   Code   RO         4824    .ARM.Collect$$rtexit$$00000004  c_w.l(rtexit2.o)
    0x080001c4   0x080001c4   0x00000040   Code   RO           20    .text               startup_stm32f10x_md.o
    0x08000204   0x08000204   0x00000002   Code   RO         4438    .text               c_w.l(use_no_semi_2.o)
    0x08000206   0x08000206   0x00000002   PAD
    0x08000208   0x08000208   0x00000028   Code   RO         4442    .text               c_w.l(noretval__2sprintf.o)
    0x08000230   0x08000230   0x0000004e   Code   RO         4446    .text               c_w.l(_printf_pad.o)
    0x0800027e   0x0800027e   0x00000052   Code   RO         4448    .text               c_w.l(_printf_str.o)
    0x080002d0   0x080002d0   0x00000078   Code   RO         4450    .text               c_w.l(_printf_dec.o)
    0x08000348   0x08000348   0x00000188   Code   RO         4490    .text               c_w.l(__printf_flags_ss_wp.o)
    0x080004d0   0x080004d0   0x0000003c   Code   RO         4500    .text               c_w.l(__0sscanf.o)
    0x0800050c   0x0800050c   0x00000096   Code   RO         4502    .text               c_w.l(strncmp.o)
    0x080005a2   0x080005a2   0x0000008a   Code   RO         4504    .text               c_w.l(rt_memcpy_v6.o)
    0x0800062c   0x0800062c   0x00000044   Code   RO         4506    .text               c_w.l(rt_memclr.o)
    0x08000670   0x08000670   0x0000004e   Code   RO         4508    .text               c_w.l(rt_memclr_w.o)
    0x080006be   0x080006be   0x00000002   PAD
    0x080006c0   0x080006c0   0x00000080   Code   RO         4510    .text               c_w.l(strcmpv7m.o)
    0x08000740   0x08000740   0x00000006   Code   RO         4512    .text               c_w.l(heapauxi.o)
    0x08000746   0x08000746   0x00000002   Code   RO         4564    .text               c_w.l(use_no_semi.o)
    0x08000748   0x08000748   0x00000016   Code   RO         4567    .text               c_w.l(_rserrno.o)
    0x0800075e   0x0800075e   0x000000b2   Code   RO         4569    .text               c_w.l(_printf_intcommon.o)
    0x08000810   0x08000810   0x0000041e   Code   RO         4571    .text               c_w.l(_printf_fp_dec.o)
    0x08000c2e   0x08000c2e   0x00000002   PAD
    0x08000c30   0x08000c30   0x00000030   Code   RO         4573    .text               c_w.l(_printf_char_common.o)
    0x08000c60   0x08000c60   0x0000000a   Code   RO         4575    .text               c_w.l(_sputc.o)
    0x08000c6a   0x08000c6a   0x0000002c   Code   RO         4577    .text               c_w.l(_printf_char.o)
    0x08000c96   0x08000c96   0x00000002   PAD
    0x08000c98   0x08000c98   0x000004f8   Code   RO         4580    .text               c_w.l(scanf_fp.o)
    0x08001190   0x08001190   0x0000002c   Code   RO         4582    .text               c_w.l(scanf_char.o)
    0x080011bc   0x080011bc   0x00000040   Code   RO         4584    .text               c_w.l(_sgetc.o)
    0x080011fc   0x080011fc   0x00000064   Code   RO         4586    .text               c_w.l(rt_memcpy_w.o)
    0x08001260   0x08001260   0x00000008   Code   RO         4641    .text               c_w.l(rt_locale_intlibspace.o)
    0x08001268   0x08001268   0x00000008   Code   RO         4646    .text               c_w.l(rt_errno_addr_intlibspace.o)
    0x08001270   0x08001270   0x0000008a   Code   RO         4648    .text               c_w.l(lludiv10.o)
    0x080012fa   0x080012fa   0x00000012   Code   RO         4650    .text               c_w.l(isspace.o)
    0x0800130c   0x0800130c   0x00000080   Code   RO         4652    .text               c_w.l(_printf_fp_infnan.o)
    0x0800138c   0x0800138c   0x00000374   Code   RO         4656    .text               c_w.l(_scanf.o)
    0x08001700   0x08001700   0x000000e4   Code   RO         4658    .text               c_w.l(bigflt0.o)
    0x080017e4   0x080017e4   0x00000008   Code   RO         4710    .text               c_w.l(libspace.o)
    0x080017ec   0x080017ec   0x0000004a   Code   RO         4713    .text               c_w.l(sys_stackheap_outer.o)
    0x08001836   0x08001836   0x00000002   PAD
    0x08001838   0x08001838   0x00000010   Code   RO         4715    .text               c_w.l(rt_ctype_table.o)
    0x08001848   0x08001848   0x00000320   Code   RO         4717    .text               c_w.l(scanf_hexfp.o)
    0x08001b68   0x08001b68   0x00000134   Code   RO         4719    .text               c_w.l(scanf_infnan.o)
    0x08001c9c   0x08001c9c   0x00000012   Code   RO         4721    .text               c_w.l(exit.o)
    0x08001cae   0x08001cae   0x00000026   Code   RO         4788    .text               c_w.l(llshl.o)
    0x08001cd4   0x08001cd4   0x0000001c   Code   RO         4790    .text               c_w.l(_chval.o)
    0x08001cf0   0x08001cf0   0x0000003e   Code   RO         4661    CL$$btod_d2e        c_w.l(btod.o)
    0x08001d2e   0x08001d2e   0x00000046   Code   RO         4663    CL$$btod_d2e_denorm_low  c_w.l(btod.o)
    0x08001d74   0x08001d74   0x00000060   Code   RO         4662    CL$$btod_d2e_norm_op1  c_w.l(btod.o)
    0x08001dd4   0x08001dd4   0x00000338   Code   RO         4671    CL$$btod_div_common  c_w.l(btod.o)
    0x0800210c   0x0800210c   0x00000084   Code   RO         4669    CL$$btod_e2d        c_w.l(btod.o)
    0x08002190   0x08002190   0x000000dc   Code   RO         4668    CL$$btod_e2e        c_w.l(btod.o)
    0x0800226c   0x0800226c   0x0000002a   Code   RO         4665    CL$$btod_ediv       c_w.l(btod.o)
    0x08002296   0x08002296   0x0000002a   Code   RO         4667    CL$$btod_edivd      c_w.l(btod.o)
    0x080022c0   0x080022c0   0x0000002a   Code   RO         4664    CL$$btod_emul       c_w.l(btod.o)
    0x080022ea   0x080022ea   0x0000002a   Code   RO         4666    CL$$btod_emuld      c_w.l(btod.o)
    0x08002314   0x08002314   0x00000244   Code   RO         4670    CL$$btod_mult_common  c_w.l(btod.o)
    0x08002558   0x08002558   0x0000001c   Code   RO          435    i.BKP_WriteBackupRegister  stm32f10x_bkp.o
    0x08002574   0x08002574   0x00000158   Code   RO         3487    i.BNO085_Init       sensor_fusion.o
    0x080026cc   0x080026cc   0x00000150   Code   RO         3489    i.BNO085_ReadAll    sensor_fusion.o
    0x0800281c   0x0800281c   0x00000028   Code   RO         3490    i.BNO085_ResetAttitude  sensor_fusion.o
    0x08002844   0x08002844   0x0000015c   Code   RO         3491    i.BNO085_UpdateYaw  sensor_fusion.o
    0x080029a0   0x080029a0   0x000000ec   Code   RO         3492    i.BNO_ReceivePacket  sensor_fusion.o
    0x08002a8c   0x08002a8c   0x0000003c   Code   RO         3994    i.BspKey_Init       bsp_key.o
    0x08002ac8   0x08002ac8   0x00000010   Code   RO         3995    i.BspKey_Read       bsp_key.o
    0x08002ad8   0x08002ad8   0x000000a0   Code   RO         3996    i.BspKey_Tick       bsp_key.o
    0x08002b78   0x08002b78   0x00000038   Code   RO         4029    i.BspOled_Init      bsp_oled.o
    0x08002bb0   0x08002bb0   0x00000058   Code   RO         4030    i.BspOled_ShowExperimentId  bsp_oled.o
    0x08002c08   0x08002c08   0x00000110   Code   RO         4032    i.BspOled_ShowStatus  bsp_oled.o
    0x08002d18   0x08002d18   0x000000ec   Code   RO         3895    i.BspUart_Init      bsp_uart.o
    0x08002e04   0x08002e04   0x00000120   Code   RO         3897    i.BspUart_SendStat  bsp_uart.o
    0x08002f24   0x08002f24   0x0000001c   Code   RO         3898    i.BspUart_SendString  bsp_uart.o
    0x08002f40   0x08002f40   0x00000074   Code   RO         3899    i.BspUart_SendTelemetryStraight  bsp_uart.o
    0x08002fb4   0x08002fb4   0x0000012c   Code   RO         3900    i.BspUart_SendTelemetryTrack  bsp_uart.o
    0x080030e0   0x080030e0   0x00000078   Code   RO         3901    i.BspUart_TakeCommand  bsp_uart.o
    0x08003158   0x08003158   0x00000084   Code   RO         3902    i.BspUart_USART_IRQHandler  bsp_uart.o
    0x080031dc   0x080031dc   0x00000006   Code   RO         4341    i.BusFault_Handler  stm32f10x_it.o
    0x080031e2   0x080031e2   0x00000002   PAD
    0x080031e4   0x080031e4   0x000000d0   Code   RO         3753    i.Compute_PWM       line_track.o
    0x080032b4   0x080032b4   0x00000002   Code   RO         4342    i.DebugMon_Handler  stm32f10x_it.o
    0x080032b6   0x080032b6   0x00000018   Code   RO         3196    i.Delay_ms          delay.o
    0x080032ce   0x080032ce   0x0000002e   Code   RO         3198    i.Delay_us          delay.o
    0x080032fc   0x080032fc   0x0000006c   Code   RO         3276    i.DualLoop_ApplySpeedRamp  pid_controller.o
    0x08003368   0x08003368   0x000000b4   Code   RO         3277    i.DualLoop_ComputeSpeed  pid_controller.o
    0x0800341c   0x0800341c   0x000001d8   Code   RO         3278    i.DualLoop_ComputeStraight  pid_controller.o
    0x080035f4   0x080035f4   0x00000058   Code   RO         3279    i.DualLoop_Init     pid_controller.o
    0x0800364c   0x0800364c   0x00000058   Code   RO         3280    i.DualLoop_LoadStraightDefaults  pid_controller.o
    0x080036a4   0x080036a4   0x00000038   Code   RO         3281    i.DualLoop_LoadTrackDefaults  pid_controller.o
    0x080036dc   0x080036dc   0x00000040   Code   RO         3282    i.DualLoop_ResetAll  pid_controller.o
    0x0800371c   0x0800371c   0x000000d4   Code   RO         3374    i.Encoder_Init      motor_driver.o
    0x080037f0   0x080037f0   0x0000001c   Code   RO         3375    i.Encoder_Reset     motor_driver.o
    0x0800380c   0x0800380c   0x0000007c   Code   RO         3376    i.Encoder_Update    motor_driver.o
    0x08003888   0x08003888   0x00000116   Code   RO         1347    i.GPIO_Init         stm32f10x_gpio.o
    0x0800399e   0x0800399e   0x00000002   PAD
    0x080039a0   0x080039a0   0x00000090   Code   RO         1349    i.GPIO_PinRemapConfig  stm32f10x_gpio.o
    0x08003a30   0x08003a30   0x00000012   Code   RO         1351    i.GPIO_ReadInputDataBit  stm32f10x_gpio.o
    0x08003a42   0x08003a42   0x00000004   Code   RO         1354    i.GPIO_ResetBits    stm32f10x_gpio.o
    0x08003a46   0x08003a46   0x00000004   Code   RO         1355    i.GPIO_SetBits      stm32f10x_gpio.o
    0x08003a4a   0x08003a4a   0x0000000a   Code   RO         1358    i.GPIO_WriteBit     stm32f10x_gpio.o
    0x08003a54   0x08003a54   0x00000006   Code   RO         4344    i.HardFault_Handler  stm32f10x_it.o
    0x08003a5a   0x08003a5a   0x00000002   PAD
    0x08003a5c   0x08003a5c   0x00000054   Code   RO         3493    i.LineSensor_Init   sensor_fusion.o
    0x08003ab0   0x08003ab0   0x000000fc   Code   RO         3494    i.LineSensor_Read   sensor_fusion.o
    0x08003bac   0x08003bac   0x0000000c   Code   RO         3754    i.LineTrack_GetBasePwm  line_track.o
    0x08003bb8   0x08003bb8   0x0000002c   Code   RO         3755    i.LineTrack_Init    line_track.o
    0x08003be4   0x08003be4   0x00000014   Code   RO         3756    i.LineTrack_IsRunning  line_track.o
    0x08003bf8   0x08003bf8   0x0000001c   Code   RO         3757    i.LineTrack_SetBasePwm  line_track.o
    0x08003c14   0x08003c14   0x00000028   Code   RO         3758    i.LineTrack_SetPID  line_track.o
    0x08003c3c   0x08003c3c   0x00000024   Code   RO         3759    i.LineTrack_Start   line_track.o
    0x08003c60   0x08003c60   0x0000003c   Code   RO         3760    i.LineTrack_Stop    line_track.o
    0x08003c9c   0x08003c9c   0x00000060   Code   RO         3761    i.LineTrack_Update  line_track.o
    0x08003cfc   0x08003cfc   0x00000040   Code   RO         4188    i.Main_TimerTickISR  main.o
    0x08003d3c   0x08003d3c   0x00000006   Code   RO         4345    i.MemManage_Handler  stm32f10x_it.o
    0x08003d42   0x08003d42   0x00000002   PAD
    0x08003d44   0x08003d44   0x00000010   Code   RO         3377    i.MotorDriver_Disable  motor_driver.o
    0x08003d54   0x08003d54   0x00000010   Code   RO         3378    i.MotorDriver_Enable  motor_driver.o
    0x08003d64   0x08003d64   0x0000000c   Code   RO         3379    i.MotorDriver_GetActualL  motor_driver.o
    0x08003d70   0x08003d70   0x0000000c   Code   RO         3380    i.MotorDriver_GetActualR  motor_driver.o
    0x08003d7c   0x08003d7c   0x00000104   Code   RO         3381    i.MotorDriver_Init  motor_driver.o
    0x08003e80   0x08003e80   0x00000088   Code   RO         3382    i.MotorDriver_SetCoreDiff  motor_driver.o
    0x08003f08   0x08003f08   0x0000004c   Code   RO         3384    i.MotorDriver_SetTurnPWM  motor_driver.o
    0x08003f54   0x08003f54   0x0000003c   Code   RO         3385    i.MotorDriver_Stop  motor_driver.o
    0x08003f90   0x08003f90   0x00000002   Code   RO         4346    i.NMI_Handler       stm32f10x_it.o
    0x08003f92   0x08003f92   0x00000002   PAD
    0x08003f94   0x08003f94   0x00000070   Code   RO          137    i.NVIC_Init         misc.o
    0x08004004   0x08004004   0x00000014   Code   RO          138    i.NVIC_PriorityGroupConfig  misc.o
    0x08004018   0x08004018   0x0000002a   Code   RO         4076    i.OLED_Clear        oled.o
    0x08004042   0x08004042   0x00000002   PAD
    0x08004044   0x08004044   0x00000048   Code   RO         4077    i.OLED_I2C_Init     oled.o
    0x0800408c   0x0800408c   0x00000042   Code   RO         4078    i.OLED_I2C_SendByte  oled.o
    0x080040ce   0x080040ce   0x00000024   Code   RO         4079    i.OLED_I2C_Start    oled.o
    0x080040f2   0x080040f2   0x0000001e   Code   RO         4080    i.OLED_I2C_Stop     oled.o
    0x08004110   0x08004110   0x00000096   Code   RO         4081    i.OLED_Init         oled.o
    0x080041a6   0x080041a6   0x00000022   Code   RO         4083    i.OLED_SetCursor    oled.o
    0x080041c8   0x080041c8   0x00000090   Code   RO         4084    i.OLED_ShowChar     oled.o
    0x08004258   0x08004258   0x0000003a   Code   RO         4087    i.OLED_ShowString   oled.o
    0x08004292   0x08004292   0x00000002   PAD
    0x08004294   0x08004294   0x0000001c   Code   RO         4088    i.OLED_W_SCL        oled.o
    0x080042b0   0x080042b0   0x00000020   Code   RO         4089    i.OLED_W_SDA        oled.o
    0x080042d0   0x080042d0   0x00000020   Code   RO         4090    i.OLED_WriteCommand  oled.o
    0x080042f0   0x080042f0   0x00000020   Code   RO         4091    i.OLED_WriteData    oled.o
    0x08004310   0x08004310   0x000000c4   Code   RO         3284    i.PID_ComputeDOB    pid_controller.o
    0x080043d4   0x080043d4   0x0000003a   Code   RO         3285    i.PID_Init          pid_controller.o
    0x0800440e   0x0800440e   0x00000014   Code   RO         3286    i.PID_Reset         pid_controller.o
    0x08004422   0x08004422   0x00000002   PAD
    0x08004424   0x08004424   0x0000000c   Code   RO         1710    i.PWR_BackupAccessCmd  stm32f10x_pwr.o
    0x08004430   0x08004430   0x00000002   Code   RO         4347    i.PendSV_Handler    stm32f10x_it.o
    0x08004432   0x08004432   0x00000002   PAD
    0x08004434   0x08004434   0x00000020   Code   RO         1775    i.RCC_APB1PeriphClockCmd  stm32f10x_rcc.o
    0x08004454   0x08004454   0x00000020   Code   RO         1777    i.RCC_APB2PeriphClockCmd  stm32f10x_rcc.o
    0x08004474   0x08004474   0x000000d4   Code   RO         1785    i.RCC_GetClocksFreq  stm32f10x_rcc.o
    0x08004548   0x08004548   0x00000002   Code   RO         4348    i.SVC_Handler       stm32f10x_it.o
    0x0800454a   0x0800454a   0x00000008   Code   RO           24    i.SetSysClock       system_stm32f10x.o
    0x08004552   0x08004552   0x00000002   PAD
    0x08004554   0x08004554   0x000000e0   Code   RO           25    i.SetSysClockTo72   system_stm32f10x.o
    0x08004634   0x08004634   0x0000015c   Code   RO         3762    i.Signal_Handler    line_track.o
    0x08004790   0x08004790   0x00000002   Code   RO         4349    i.SysTick_Handler   stm32f10x_it.o
    0x08004792   0x08004792   0x00000002   PAD
    0x08004794   0x08004794   0x00000060   Code   RO           27    i.SystemInit        system_stm32f10x.o
    0x080047f4   0x080047f4   0x00000020   Code   RO         4350    i.TIM4_IRQHandler   stm32f10x_it.o
    0x08004814   0x08004814   0x00000006   Code   RO         2416    i.TIM_ClearITPendingBit  stm32f10x_tim.o
    0x0800481a   0x0800481a   0x00000018   Code   RO         2421    i.TIM_Cmd           stm32f10x_tim.o
    0x08004832   0x08004832   0x0000001e   Code   RO         2423    i.TIM_CtrlPWMOutputs  stm32f10x_tim.o
    0x08004850   0x08004850   0x00000042   Code   RO         2430    i.TIM_EncoderInterfaceConfig  stm32f10x_tim.o
    0x08004892   0x08004892   0x00000006   Code   RO         2440    i.TIM_GetCounter    stm32f10x_tim.o
    0x08004898   0x08004898   0x00000022   Code   RO         2442    i.TIM_GetITStatus   stm32f10x_tim.o
    0x080048ba   0x080048ba   0x00000012   Code   RO         2446    i.TIM_ITConfig      stm32f10x_tim.o
    0x080048cc   0x080048cc   0x00000098   Code   RO         2450    i.TIM_OC1Init       stm32f10x_tim.o
    0x08004964   0x08004964   0x000000a4   Code   RO         2455    i.TIM_OC2Init       stm32f10x_tim.o
    0x08004a08   0x08004a08   0x00000014   Code   RO         2468    i.TIM_OCStructInit  stm32f10x_tim.o
    0x08004a1c   0x08004a1c   0x00000004   Code   RO         2482    i.TIM_SetCompare1   stm32f10x_tim.o
    0x08004a20   0x08004a20   0x00000004   Code   RO         2483    i.TIM_SetCompare2   stm32f10x_tim.o
    0x08004a24   0x08004a24   0x00000004   Code   RO         2486    i.TIM_SetCounter    stm32f10x_tim.o
    0x08004a28   0x08004a28   0x000000a4   Code   RO         2492    i.TIM_TimeBaseInit  stm32f10x_tim.o
    0x08004acc   0x08004acc   0x00000080   Code   RO         4189    i.Timer_Init        main.o
    0x08004b4c   0x08004b4c   0x00000020   Code   RO         3763    i.Track_Handler     line_track.o
    0x08004b6c   0x08004b6c   0x00000018   Code   RO         3764    i.Track_position_control  line_track.o
    0x08004b84   0x08004b84   0x00000088   Code   RO         3241    i.USART1_IRQHandler  usart.o
    0x08004c0c   0x08004c0c   0x00000008   Code   RO         4351    i.USART2_IRQHandler  stm32f10x_it.o
    0x08004c14   0x08004c14   0x00000018   Code   RO         2960    i.USART_Cmd         stm32f10x_usart.o
    0x08004c2c   0x08004c2c   0x0000001a   Code   RO         2963    i.USART_GetFlagStatus  stm32f10x_usart.o
    0x08004c46   0x08004c46   0x00000054   Code   RO         2964    i.USART_GetITStatus  stm32f10x_usart.o
    0x08004c9a   0x08004c9a   0x0000004a   Code   RO         2966    i.USART_ITConfig    stm32f10x_usart.o
    0x08004ce4   0x08004ce4   0x000000d8   Code   RO         2967    i.USART_Init        stm32f10x_usart.o
    0x08004dbc   0x08004dbc   0x0000000a   Code   RO         2974    i.USART_ReceiveData  stm32f10x_usart.o
    0x08004dc6   0x08004dc6   0x00000008   Code   RO         2977    i.USART_SendData    stm32f10x_usart.o
    0x08004dce   0x08004dce   0x00000006   Code   RO         4352    i.UsageFault_Handler  stm32f10x_it.o
    0x08004dd4   0x08004dd4   0x00000028   Code   RO         4702    i.__ARM_fpclassify  m_ws.l(fpclassify.o)
    0x08004dfc   0x08004dfc   0x00000026   Code   RO         4599    i.__ARM_fpclassifyf  m_ws.l(fpclassifyf.o)
    0x08004e22   0x08004e22   0x0000000e   Code   RO         4838    i.__mathlib_dbl_overflow  m_ws.l(dunder.o)
    0x08004e30   0x08004e30   0x00000010   Code   RO         4840    i.__mathlib_dbl_underflow  m_ws.l(dunder.o)
    0x08004e40   0x08004e40   0x00000006   Code   RO         4602    i.__mathlib_flt_infnan  m_ws.l(funder.o)
    0x08004e46   0x08004e46   0x00000004   Code   RO         4603    i.__mathlib_flt_infnan2  m_ws.l(funder.o)
    0x08004e4a   0x08004e4a   0x00000008   Code   RO         4604    i.__mathlib_flt_invalid  m_ws.l(funder.o)
    0x08004e52   0x08004e52   0x0000000a   Code   RO         4607    i.__mathlib_flt_underflow  m_ws.l(funder.o)
    0x08004e5c   0x08004e5c   0x00000010   Code   RO         4704    i.__mathlib_narrow  m_ws.l(narrow.o)
    0x08004e6c   0x08004e6c   0x000000bc   Code   RO         4705    i.__mathlib_tofloat  m_ws.l(narrow.o)
    0x08004f28   0x08004f28   0x00000016   Code   RO         4810    i.__support_ldexp   m_ws.l(ldexp.o)
    0x08004f3e   0x08004f3e   0x0000000e   Code   RO         4483    i._is_digit         c_w.l(__printf_wp.o)
    0x08004f4c   0x08004f4c   0x00000004   Code   RO         3242    i._sys_exit         usart.o
    0x08004f50   0x08004f50   0x00000010   Code   RO         3386    i.abs_i16           motor_driver.o
    0x08004f60   0x08004f60   0x00000022   Code   RO         3387    i.apply_deadzone    motor_driver.o
    0x08004f82   0x08004f82   0x00000002   PAD
    0x08004f84   0x08004f84   0x00000124   Code   RO         4549    i.asinf             m_ws.l(asinf.o)
    0x080050a8   0x080050a8   0x0000025c   Code   RO         4557    i.atan2f            m_ws.l(atan2f.o)
    0x08005304   0x08005304   0x000000dc   Code   RO         3495    i.bno_attempt_init_at_addr  sensor_fusion.o
    0x080053e0   0x080053e0   0x00000028   Code   RO         3496    i.bno_clampf        sensor_fusion.o
    0x08005408   0x08005408   0x00000040   Code   RO         3497    i.bno_device_present  sensor_fusion.o
    0x08005448   0x08005448   0x00000040   Code   RO         3498    i.bno_enable_report  sensor_fusion.o
    0x08005488   0x08005488   0x00000022   Code   RO         3499    i.bno_flush_input   sensor_fusion.o
    0x080054aa   0x080054aa   0x00000002   PAD
    0x080054ac   0x080054ac   0x00000028   Code   RO         3500    i.bno_hardware_reset  sensor_fusion.o
    0x080054d4   0x080054d4   0x00000010   Code   RO         3501    i.bno_i2c_delay     sensor_fusion.o
    0x080054e4   0x080054e4   0x0000006c   Code   RO         3502    i.bno_i2c_recv_byte  sensor_fusion.o
    0x08005550   0x08005550   0x00000034   Code   RO         3503    i.bno_i2c_send_ack  sensor_fusion.o
    0x08005584   0x08005584   0x0000007c   Code   RO         3504    i.bno_i2c_send_byte  sensor_fusion.o
    0x08005600   0x08005600   0x00000034   Code   RO         3505    i.bno_i2c_send_nack  sensor_fusion.o
    0x08005634   0x08005634   0x00000040   Code   RO         3506    i.bno_i2c_start     sensor_fusion.o
    0x08005674   0x08005674   0x00000044   Code   RO         3507    i.bno_i2c_stop      sensor_fusion.o
    0x080056b8   0x080056b8   0x00000088   Code   RO         3508    i.bno_i2c_wait_ack  sensor_fusion.o
    0x08005740   0x08005740   0x00000030   Code   RO         3509    i.bno_i2c_wait_scl_high  sensor_fusion.o
    0x08005770   0x08005770   0x00000204   Code   RO         3510    i.bno_parse_sensor_report  sensor_fusion.o
    0x08005974   0x08005974   0x00000026   Code   RO         3511    i.bno_q_to_float    sensor_fusion.o
    0x0800599a   0x0800599a   0x00000002   PAD
    0x0800599c   0x0800599c   0x0000005c   Code   RO         3512    i.bno_read_block    sensor_fusion.o
    0x080059f8   0x080059f8   0x0000000e   Code   RO         3513    i.bno_read_s16      sensor_fusion.o
    0x08005a06   0x08005a06   0x00000002   PAD
    0x08005a08   0x08005a08   0x00000078   Code   RO         3514    i.bno_request_product_id  sensor_fusion.o
    0x08005a80   0x08005a80   0x00000020   Code   RO         3515    i.bno_sda_in        sensor_fusion.o
    0x08005aa0   0x08005aa0   0x00000024   Code   RO         3516    i.bno_sda_out       sensor_fusion.o
    0x08005ac4   0x08005ac4   0x00000080   Code   RO         3517    i.bno_send_packet   sensor_fusion.o
    0x08005b44   0x08005b44   0x00000030   Code   RO         3518    i.bno_try_recover   sensor_fusion.o
    0x08005b74   0x08005b74   0x00000184   Code   RO         3519    i.bno_update_euler  sensor_fusion.o
    0x08005cf8   0x08005cf8   0x0000002e   Code   RO         3520    i.bno_wait_first_report  sensor_fusion.o
    0x08005d26   0x08005d26   0x00000024   Code   RO         3521    i.bno_wait_present  sensor_fusion.o
    0x08005d4a   0x08005d4a   0x0000003c   Code   RO         3522    i.bno_wait_present_stable  sensor_fusion.o
    0x08005d86   0x08005d86   0x00000002   PAD
    0x08005d88   0x08005d88   0x00000040   Code   RO         3523    i.bno_wrap_deg      sensor_fusion.o
    0x08005dc8   0x08005dc8   0x00000050   Code   RO         3524    i.bno_write_bytes   sensor_fusion.o
    0x08005e18   0x08005e18   0x00000028   Code   RO         3288    i.clampf            pid_controller.o
    0x08005e40   0x08005e40   0x00000044   Code   RO         4190    i.cmd_parse_float   main.o
    0x08005e84   0x08005e84   0x0000004c   Code   RO         4191    i.cmd_parse_u32     main.o
    0x08005ed0   0x08005ed0   0x00000090   Code   RO         3765    i.corner_handler    line_track.o
    0x08005f60   0x08005f60   0x00000018   Code   RO         4192    i.experiment_display_id  main.o
    0x08005f78   0x08005f78   0x00000024   Code   RO         4193    i.experiment_host_sync_active  main.o
    0x08005f9c   0x08005f9c   0x0000002c   Code   RO         4194    i.experiment_trigger_str  main.o
    0x08005fc8   0x08005fc8   0x00000030   Code   RO         4353    i.fault_trace_reset  stm32f10x_it.o
    0x08005ff8   0x08005ff8   0x00000022   Code   RO         4354    i.fault_trace_store  stm32f10x_it.o
    0x0800601a   0x0800601a   0x00000002   PAD
    0x0800601c   0x0800601c   0x00000058   Code   RO         4783    i.frexp             m_ws.l(frexp.o)
    0x08006074   0x08006074   0x0000053c   Code   RO         4195    i.handle_command    main.o
    0x080065b0   0x080065b0   0x0000001c   Code   RO         4196    i.is_running        main.o
    0x080065cc   0x080065cc   0x00000018   Code   RO         3997    i.key_raw_pressed   bsp_key.o
    0x080065e4   0x080065e4   0x00000074   Code   RO         4811    i.ldexp             m_ws.l(ldexp.o)
    0x08006658   0x08006658   0x0000001e   Code   RO         3525    i.line_bit_count    sensor_fusion.o
    0x08006676   0x08006676   0x00000022   Code   RO         3526    i.line_is_active    sensor_fusion.o
    0x08006698   0x08006698   0x000000c4   Code   RO         4197    i.main              main.o
    0x0800675c   0x0800675c   0x00000038   Code   RO         3766    i.map_to_eq5        line_track.o
    0x08006794   0x08006794   0x00000054   Code   RO         3388    i.motor_set_left    motor_driver.o
    0x080067e8   0x080067e8   0x00000050   Code   RO         3389    i.motor_set_right   motor_driver.o
    0x08006838   0x08006838   0x0000001c   Code   RO         4092    i.oled_delay        oled.o
    0x08006854   0x08006854   0x00000174   Code   RO         3767    i.position_pd_output  line_track.o
    0x080069c8   0x080069c8   0x00000032   Code   RO         4198    i.process_key_event  main.o
    0x080069fa   0x080069fa   0x00000002   PAD
    0x080069fc   0x080069fc   0x0000002c   Code   RO         3768    i.read_equivalent_data  line_track.o
    0x08006a28   0x08006a28   0x0000000e   Code   RO         3769    i.read_raw_bits     line_track.o
    0x08006a36   0x08006a36   0x00000002   PAD
    0x08006a38   0x08006a38   0x00000070   Code   RO         4199    i.report_experiment_start  main.o
    0x08006aa8   0x08006aa8   0x00000074   Code   RO         4200    i.report_experiment_stop  main.o
    0x08006b1c   0x08006b1c   0x0000001c   Code   RO         3770    i.reset_track_pid_runtime  line_track.o
    0x08006b38   0x08006b38   0x0000005c   Code   RO         3771    i.restore_track_state  line_track.o
    0x08006b94   0x08006b94   0x0000019c   Code   RO         4201    i.run_control       main.o
    0x08006d30   0x08006d30   0x00000094   Code   RO         4202    i.run_imu_update    main.o
    0x08006dc4   0x08006dc4   0x000000a0   Code   RO         3903    i.rx_feed_byte      bsp_uart.o
    0x08006e64   0x08006e64   0x00000038   Code   RO         3904    i.rx_poll           bsp_uart.o
    0x08006e9c   0x08006e9c   0x00000088   Code   RO         3905    i.rx_publish        bsp_uart.o
    0x08006f24   0x08006f24   0x00000030   Code   RO         4203    i.send_experiment_id_response  main.o
    0x08006f54   0x08006f54   0x0000012c   Code   RO         4204    i.send_telemetry    main.o
    0x08007080   0x08007080   0x0000002c   Code   RO         4616    i.sqrtf             m_ws.l(sqrtf.o)
    0x080070ac   0x080070ac   0x00000024   Code   RO         4205    i.sync_experiment_id  main.o
    0x080070d0   0x080070d0   0x00000020   Code   RO         3772    i.track_motor_forward  line_track.o
    0x080070f0   0x080070f0   0x00000008   Code   RO         3773    i.track_motor_stop  line_track.o
    0x080070f8   0x080070f8   0x00000016   Code   RO         3774    i.track_turn_left   line_track.o
    0x0800710e   0x0800710e   0x00000016   Code   RO         3775    i.track_turn_right  line_track.o
    0x08007124   0x08007124   0x000000c8   Code   RO         4206    i.transition_start  main.o
    0x080071ec   0x080071ec   0x00000064   Code   RO         4207    i.transition_stop   main.o
    0x08007250   0x08007250   0x00000044   Code   RO         4208    i.transition_toggle_mode  main.o
    0x08007294   0x08007294   0x00000044   Code   RO         3906    i.tx_enqueue        bsp_uart.o
    0x080072d8   0x080072d8   0x00000014   Code   RO         3907    i.tx_kick           bsp_uart.o
    0x080072ec   0x080072ec   0x0000000e   Code   RO         3908    i.tx_next           bsp_uart.o
    0x080072fa   0x080072fa   0x00000002   PAD
    0x080072fc   0x080072fc   0x0000007c   Code   RO         4209    i.update_display    main.o
    0x08007378   0x08007378   0x00000044   Code   RO         3776    i.weighted_position  line_track.o
    0x080073bc   0x080073bc   0x00000040   Code   RO         3289    i.wrap_deg          pid_controller.o
    0x080073fc   0x080073fc   0x0000002c   Code   RO         4684    locale$$code        c_w.l(lc_numeric_c.o)
    0x08007428   0x08007428   0x0000002c   Code   RO         4793    locale$$code        c_w.l(lc_ctype_c.o)
    0x08007454   0x08007454   0x00000062   Code   RO         4774    x$fpl$d2f           fz_ws.l(d2f.o)
    0x080074b6   0x080074b6   0x00000002   PAD
    0x080074b8   0x080074b8   0x00000010   Code   RO         4832    x$fpl$dcheck1       fz_ws.l(dcheck1.o)
    0x080074c8   0x080074c8   0x00000018   Code   RO         4797    x$fpl$dcmpinf       fz_ws.l(dcmpi.o)
    0x080074e0   0x080074e0   0x00000078   Code   RO         4776    x$fpl$deqf          fz_ws.l(deqf.o)
    0x08007558   0x08007558   0x00000078   Code   RO         4799    x$fpl$dleqf         fz_ws.l(dleqf.o)
    0x080075d0   0x080075d0   0x0000009c   Code   RO         4801    x$fpl$dnaninf       fz_ws.l(dnaninf.o)
    0x0800766c   0x0800766c   0x0000000c   Code   RO         4588    x$fpl$dretinf       fz_ws.l(dretinf.o)
    0x08007678   0x08007678   0x0000006c   Code   RO         4778    x$fpl$drleqf        fz_ws.l(drleqf.o)
    0x080076e4   0x080076e4   0x00000056   Code   RO         4516    x$fpl$f2d           fz_ws.l(f2d.o)
    0x0800773a   0x0800773a   0x00000002   PAD
    0x0800773c   0x0800773c   0x000000c4   Code   RO         4518    x$fpl$fadd          fz_ws.l(faddsub_clz.o)
    0x08007800   0x08007800   0x0000000c   Code   RO         4686    x$fpl$fcheck1       fz_ws.l(fcheck1.o)
    0x0800780c   0x0800780c   0x00000018   Code   RO         4590    x$fpl$fcmpinf       fz_ws.l(fcmpi.o)
    0x08007824   0x08007824   0x00000184   Code   RO         4525    x$fpl$fdiv          fz_ws.l(fdiv.o)
    0x080079a8   0x080079a8   0x00000036   Code   RO         4528    x$fpl$ffix          fz_ws.l(ffix.o)
    0x080079de   0x080079de   0x00000002   PAD
    0x080079e0   0x080079e0   0x00000030   Code   RO         4533    x$fpl$fflt          fz_ws.l(fflt_clz.o)
    0x08007a10   0x08007a10   0x00000026   Code   RO         4532    x$fpl$ffltu         fz_ws.l(fflt_clz.o)
    0x08007a36   0x08007a36   0x00000002   PAD
    0x08007a38   0x08007a38   0x00000068   Code   RO         4538    x$fpl$fleqf         fz_ws.l(fleqf.o)
    0x08007aa0   0x08007aa0   0x00000102   Code   RO         4540    x$fpl$fmul          fz_ws.l(fmul.o)
    0x08007ba2   0x08007ba2   0x0000008c   Code   RO         4592    x$fpl$fnaninf       fz_ws.l(fnaninf.o)
    0x08007c2e   0x08007c2e   0x0000000a   Code   RO         4594    x$fpl$fretinf       fz_ws.l(fretinf.o)
    0x08007c38   0x08007c38   0x00000062   Code   RO         4542    x$fpl$frleqf        fz_ws.l(frleqf.o)
    0x08007c9a   0x08007c9a   0x00000014   Code   RO         4519    x$fpl$frsb          fz_ws.l(faddsub_clz.o)
    0x08007cae   0x08007cae   0x00000002   PAD
    0x08007cb0   0x08007cb0   0x00000110   Code   RO         4692    x$fpl$fsqrt         fz_ws.l(fsqrt.o)
    0x08007dc0   0x08007dc0   0x000000ea   Code   RO         4520    x$fpl$fsub          fz_ws.l(faddsub_clz.o)
    0x08007eaa   0x08007eaa   0x00000006   Code   RO         4694    x$fpl$ieeestatus    fz_ws.l(istatus.o)
    0x08007eb0   0x08007eb0   0x00000004   Code   RO         4544    x$fpl$printf1       fz_ws.l(printf1.o)
    0x08007eb4   0x08007eb4   0x00000064   Code   RO         4780    x$fpl$retnan        fz_ws.l(retnan.o)
    0x08007f18   0x08007f18   0x0000005c   Code   RO         4805    x$fpl$scalbn        fz_ws.l(scalbn.o)
    0x08007f74   0x08007f74   0x0000004c   Code   RO         4596    x$fpl$scalbnf       fz_ws.l(scalbnf.o)
    0x08007fc0   0x08007fc0   0x00000004   Code   RO         4546    x$fpl$scanf1        fz_ws.l(scanf1.o)
    0x08007fc4   0x08007fc4   0x00000008   Code   RO         4696    x$fpl$scanf2        fz_ws.l(scanf2.o)
    0x08007fcc   0x08007fcc   0x00000030   Code   RO         4807    x$fpl$trapveneer    fz_ws.l(trapv.o)
    0x08007ffc   0x08007ffc   0x00000000   Code   RO         4598    x$fpl$usenofp       fz_ws.l(usenofp.o)
    0x08007ffc   0x08007ffc   0x00000014   Data   RO         3528    .constdata          sensor_fusion.o
    0x08008010   0x08008010   0x00000010   Data   RO         3778    .constdata          line_track.o
    0x08008020   0x08008020   0x000005f0   Data   RO         4176    .constdata          oled_font.o
    0x08008610   0x08008610   0x00000011   Data   RO         4491    .constdata          c_w.l(__printf_flags_ss_wp.o)
    0x08008621   0x08008621   0x00000003   PAD
    0x08008624   0x08008624   0x00000094   Data   RO         4659    .constdata          c_w.l(bigflt0.o)
    0x080086b8   0x080086b8   0x00000199   Data   RO         3910    .conststring        bsp_uart.o
    0x08008851   0x08008851   0x00000003   PAD
    0x08008854   0x08008854   0x00000020   Data   RO         4919    Region$$Table       anon$$obj.o
    0x08008874   0x08008874   0x00000008   Data   RO         4688    c$$dinf             fz_ws.l(fpconst.o)
    0x0800887c   0x0800887c   0x00000008   Data   RO         4691    c$$dmax             fz_ws.l(fpconst.o)
    0x08008884   0x08008884   0x0000001c   Data   RO         4683    locale$$data        c_w.l(lc_numeric_c.o)
    0x080088a0   0x080088a0   0x00000110   Data   RO         4792    locale$$data        c_w.l(lc_ctype_c.o)


    Execution Region RW_IRAM1 (Exec base: 0x20000000, Load base: 0x080089b0, Size: 0x000012f8, Max: 0x00005000, ABSOLUTE)

    Exec Addr    Load Addr    Size         Type   Attr      Idx    E Section Name        Object

    0x20000000   0x080089b0   0x00000014   Data   RW         1805    .data               stm32f10x_rcc.o
    0x20000014   0x080089c4   0x00000006   Data   RW         3245    .data               usart.o
    0x2000001a   0x080089ca   0x00000004   Data   RW         3390    .data               motor_driver.o
    0x2000001e   0x080089ce   0x00000002   PAD
    0x20000020   0x080089d0   0x0000002a   Data   RW         3529    .data               sensor_fusion.o
    0x2000004a   0x080089fa   0x00000002   PAD
    0x2000004c   0x080089fc   0x0000000c   Data   RW         3779    .data               line_track.o
    0x20000058   0x08008a08   0x00000008   Data   RW         3911    .data               bsp_uart.o
    0x20000060   0x08008a10   0x0000000d   Data   RW         3998    .data               bsp_key.o
    0x2000006d   0x08008a1d   0x00000003   PAD
    0x20000070   0x08008a20   0x00000005   Data   RW         4033    .data               bsp_oled.o
    0x20000075   0x08008a25   0x00000003   PAD
    0x20000078   0x08008a28   0x0000003d   Data   RW         4211    .data               main.o
    0x200000b5   0x08008a65   0x00000003   PAD
    0x200000b8        -       0x000000c8   Zero   RW         3244    .bss                usart.o
    0x20000180        -       0x00000180   Zero   RW         3527    .bss                sensor_fusion.o
    0x20000300        -       0x00000030   Zero   RW         3777    .bss                line_track.o
    0x20000330        -       0x00000880   Zero   RW         3909    .bss                bsp_uart.o
    0x20000bb0        -       0x000000e8   Zero   RW         4210    .bss                main.o
    0x20000c98        -       0x00000060   Zero   RW         4711    .bss                c_w.l(libspace.o)
    0x20000cf8        -       0x00000200   Zero   RW           18    HEAP                startup_stm32f10x_md.o
    0x20000ef8        -       0x00000400   Zero   RW           17    STACK               startup_stm32f10x_md.o


==============================================================================

Image component sizes


      Code (inc. data)   RO Data    RW Data    ZI Data      Debug   Object Name

       260         38          0         13          0       3062   bsp_key.o
       416        142          0          5          0       2407   bsp_oled.o
      1674        208        409          8       2176      26296   bsp_uart.o
         0          0          0          0          0       4556   core_cm3.o
        70          0          0          0          0       1042   delay.o
      1850        150         16         12         48      16536   line_track.o
      3718        962          0         61        232      21127   main.o
       132         22          0          0          0     205167   misc.o
      1166        104          0          4          0      10266   motor_driver.o
       784         20          0          0          0       8387   oled.o
         0          0       1520          0          0        757   oled_font.o
      1434        128          0          0          0      14494   pid_controller.o
      4532        344         20         42        384      34176   sensor_fusion.o
        64         26        236          0       1536        840   startup_stm32f10x_md.o
         0          0          0          0          0       1716   stm32f10x_adc.o
        28          6          0          0          0       1750   stm32f10x_bkp.o
       458          6          0          0          0      13714   stm32f10x_gpio.o
       156         16          0          0          0      21483   stm32f10x_it.o
        12          6          0          0          0        534   stm32f10x_pwr.o
       276         32          0         20          0      13434   stm32f10x_rcc.o
       696         72          0          0          0      29825   stm32f10x_tim.o
       442          6          0          0          0      12521   stm32f10x_usart.o
       328         28          0          0          0      45793   system_stm32f10x.o
       140         14          0          6        200       3144   usart.o

    ----------------------------------------------------------------------
     18676       2330       2236        184       4576     493027   Object Totals
         0          0         32          0          0          0   (incl. Generated)
        40          0          3         13          0          0   (incl. Padding)

    ----------------------------------------------------------------------

      Code (inc. data)   RO Data    RW Data    ZI Data      Debug   Library Member Name

        60          8          0          0          0         84   __0sscanf.o
         8          0          0          0          0         68   __main.o
       392          4         17          0          0         92   __printf_flags_ss_wp.o
        14          0          0          0          0         68   __printf_wp.o
         0          0          0          0          0          0   __rtentry.o
        12          0          0          0          0          0   __rtentry2.o
         6          0          0          0          0          0   __rtentry4.o
        52          8          0          0          0          0   __scatter.o
        26          0          0          0          0          0   __scatter_copy.o
        28          0          0          0          0          0   __scatter_zi.o
        28          0          0          0          0         68   _chval.o
         6          0          0          0          0          0   _printf_c.o
        44          0          0          0          0        108   _printf_char.o
        48          6          0          0          0         96   _printf_char_common.o
         6          0          0          0          0          0   _printf_d.o
       120         16          0          0          0         92   _printf_dec.o
         6          0          0          0          0          0   _printf_f.o
      1054          0          0          0          0        216   _printf_fp_dec.o
       128         16          0          0          0         84   _printf_fp_infnan.o
       178          0          0          0          0         88   _printf_intcommon.o
        78          0          0          0          0        108   _printf_pad.o
         0          0          0          0          0          0   _printf_percent.o
         4          0          0          0          0          0   _printf_percent_end.o
         6          0          0          0          0          0   _printf_s.o
        82          0          0          0          0         80   _printf_str.o
         6          0          0          0          0          0   _printf_u.o
        22          0          0          0          0        100   _rserrno.o
       884          6          0          0          0        100   _scanf.o
        64          0          0          0          0         84   _sgetc.o
        10          0          0          0          0         68   _sputc.o
       228          4        148          0          0         96   bigflt0.o
      2152        136          0          0          0        960   btod.o
        18          0          0          0          0         80   exit.o
         6          0          0          0          0        152   heapauxi.o
        18          0          0          0          0         76   isspace.o
        44         10        272          0          0         76   lc_ctype_c.o
        44         10         28          0          0         76   lc_numeric_c.o
         2          0          0          0          0          0   libinit.o
        30          0          0          0          0          0   libinit2.o
         2          0          0          0          0          0   libshutdown.o
         2          0          0          0          0          0   libshutdown2.o
         8          4          0          0         96         68   libspace.o
        38          0          0          0          0         68   llshl.o
       138          0          0          0          0         80   lludiv10.o
        40          6          0          0          0         84   noretval__2sprintf.o
        16          4          0          0          0         76   rt_ctype_table.o
         8          4          0          0          0         68   rt_errno_addr_intlibspace.o
         8          4          0          0          0         68   rt_locale_intlibspace.o
        68          0          0          0          0         68   rt_memclr.o
        78          0          0          0          0         80   rt_memclr_w.o
       138          0          0          0          0         68   rt_memcpy_v6.o
       100          0          0          0          0         80   rt_memcpy_w.o
         2          0          0          0          0          0   rtexit.o
        10          0          0          0          0          0   rtexit2.o
        44          8          0          0          0         84   scanf_char.o
      1272         16          0          0          0        168   scanf_fp.o
       800         14          0          0          0        100   scanf_hexfp.o
       308         16          0          0          0        100   scanf_infnan.o
       128          0          0          0          0         68   strcmpv7m.o
       150          0          0          0          0         80   strncmp.o
        74          0          0          0          0         80   sys_stackheap_outer.o
         2          0          0          0          0         68   use_no_semi.o
         2          0          0          0          0         68   use_no_semi_2.o
        98          4          0          0          0         92   d2f.o
        16          4          0          0          0         68   dcheck1.o
        24          0          0          0          0         68   dcmpi.o
       120          4          0          0          0         92   deqf.o
       120          4          0          0          0         92   dleqf.o
       156          4          0          0          0         92   dnaninf.o
        12          0          0          0          0         68   dretinf.o
       108          0          0          0          0         80   drleqf.o
        86          4          0          0          0         84   f2d.o
       450          8          0          0          0        236   faddsub_clz.o
        12          4          0          0          0         68   fcheck1.o
        24          0          0          0          0         68   fcmpi.o
       388         76          0          0          0         96   fdiv.o
        54          4          0          0          0         84   ffix.o
        86          0          0          0          0        136   fflt_clz.o
       104          4          0          0          0         84   fleqf.o
       258          4          0          0          0         84   fmul.o
       140          4          0          0          0         84   fnaninf.o
         0          0         16          0          0          0   fpconst.o
        10          0          0          0          0         68   fretinf.o
        98          0          0          0          0         68   frleqf.o
       272        100          0          0          0         88   fsqrt.o
         6          0          0          0          0         68   istatus.o
         4          0          0          0          0         68   printf1.o
       100          0          0          0          0         68   retnan.o
        92          0          0          0          0         68   scalbn.o
        76          0          0          0          0         68   scalbnf.o
         4          0          0          0          0         68   scanf1.o
         8          0          0          0          0         84   scanf2.o
        48          0          0          0          0         68   trapv.o
         0          0          0          0          0          0   usenofp.o
       292         38          0          0          0        120   asinf.o
       604         76          0          0          0        116   atan2f.o
        30          6          0          0          0        136   dunder.o
        40          0          0          0          0         68   fpclassify.o
        38          0          0          0          0         68   fpclassifyf.o
        88          8          0          0          0         76   frexp.o
        28          0          0          0          0        272   funder.o
       138          0          0          0          0        160   ldexp.o
       204          4          0          0          0        168   narrow.o
        44          0          0          0          0         80   sqrtf.o

    ----------------------------------------------------------------------
     13852        660        484          0         96       8468   Library Totals
        22          0          3          0          0          0   (incl. Padding)

    ----------------------------------------------------------------------

      Code (inc. data)   RO Data    RW Data    ZI Data      Debug   Library Name

      9350        300        465          0         96       4744   c_w.l
      2974        228         16          0          0       2460   fz_ws.l
      1506        132          0          0          0       1264   m_ws.l

    ----------------------------------------------------------------------
     13852        660        484          0         96       8468   Library Totals

    ----------------------------------------------------------------------

==============================================================================


      Code (inc. data)   RO Data    RW Data    ZI Data      Debug   

     32528       2990       2720        184       4672     486203   Grand Totals
     32528       2990       2720        184       4672     486203   ELF Image Totals
     32528       2990       2720        184          0          0   ROM Totals

==============================================================================

    Total RO  Size (Code + RO Data)                35248 (  34.42kB)
    Total RW  Size (RW Data + ZI Data)              4856 (   4.74kB)
    Total ROM Size (Code + RO Data + RW Data)      35432 (  34.60kB)

==============================================================================

