*** Using Compiler 'V5.06 update 6 (build 750)', folder: 'D:\keil\Keil-v5\Arm\ARM\ARMCC\Bin'
Build target 'Target 1'
compiling Control.c...
Hardware\Control.c(46): warning:  #177-D: variable "g_rawEnabled"  was declared but never referenced
  static uint8_t g_rawEnabled = 0;
Hardware\Control.c(87): warning:  #177-D: function "clamp_i16"  was declared but never referenced
  static int16_t clamp_i16(int16_t v, int16_t lo, int16_t hi) {
Hardware\Control.c(243): warning:  #177-D: function "control_mixed_output_from_core"  was declared but never referenced
  static int16_t control_mixed_output_from_core(int16_t mixedCore) {
Hardware\Control.c(317): warning:  #177-D: function "control_apply_raw_output"  was declared but never referenced
  static void control_apply_raw_output(ControlSystem_t *sys) {
Hardware\Control.c: 4 warnings, 0 errors
linking...
Program Size: Code=39824 RO-data=4216 RW-data=180 ZI-data=18260  
FromELF: creating hex file...
".\Objects\project.axf" - 0 Error(s), 4 Warning(s).
Build Time Elapsed:  00:00:02
0)', folder: 'D:\keil\Keil-v5\Arm\ARM\ARMCC\Bin'
Build target 'Target 1'
compiling Control.c...
Hardware\Control.c(46): warning:  #177-D: variable "g_rawEnabled"  was declared but never referenced
  static uint8_t g_rawEnabled = 0;
Hardware\Control.c(87): warning:  #177-D: function "clamp_i16"  was declared but never referenced
  static int16_t clamp_i16(int16_t v, int16_t lo, int16_t hi) {
Hardware\Control.c(243): warning:  #177-D: function "control_mixed_output_from_core"  was declared but never referenced
  static int16_t control_mixed_output_from_core(int16_t mixedCore) {
Hardware\Control.c(317): warning:  #177-D: function "control_apply_raw_output"  was declared but never referenced
  static void control_apply_raw_output(ControlSystem_t *sys) {
Hardware\Control.c: 4 warnings, 0 errors
linking...
Program Size: Code=39824 RO-data=4216 RW-data=180 ZI-data=18260  
FromELF: creating hex file...
".\Objects\project.axf" - 0 Error(s), 4 Warning(s).

<h2>Software Packages used:</h2>

Package Vendor: Keil
                https://www.keil.com/pack/Keil.STM32F1xx_DFP.2.4.1.pack
                Keil::STM32F1xx_DFP@2.4.1
                STMicroelectronics STM32F1 Series Device Support, Drivers and Examples

<h2>Collection of Component include folders:</h2>
  D:/keil/keil-packs/Keil/STM32F1xx_DFP/2.4.1/Device/Include

<h2>Collection of Component Files used:</h2>
Build Time Elapsed:  00:00:02
</pre>
</body>
</html>
